Archive member included to satisfy reference by file (symbol)

C:\Users\phili\AppData\Local\Temp\VMBuilds\Arduino_wifi\mkrwifi1010\Debug/core.a(cortex_handlers.c.o)
                              (Reset_Handler)
C:\Users\phili\AppData\Local\Temp\VMBuilds\Arduino_wifi\mkrwifi1010\Debug/core.a(delay.c.o)
                              Arduino_wifi.cpp.o (millis)
C:\Users\phili\AppData\Local\Temp\VMBuilds\Arduino_wifi\mkrwifi1010\Debug/core.a(hooks.c.o)
                              C:\Users\phili\AppData\Local\Temp\VMBuilds\Arduino_wifi\mkrwifi1010\Debug/core.a(delay.c.o) (yield)
C:\Users\phili\AppData\Local\Temp\VMBuilds\Arduino_wifi\mkrwifi1010\Debug/core.a(startup.c.o)
                              C:\Users\phili\AppData\Local\Temp\VMBuilds\Arduino_wifi\mkrwifi1010\Debug/core.a(cortex_handlers.c.o) (SystemInit)
C:\Users\phili\AppData\Local\Temp\VMBuilds\Arduino_wifi\mkrwifi1010\Debug/core.a(wiring.c.o)
                              C:\Users\phili\AppData\Local\Temp\VMBuilds\Arduino_wifi\mkrwifi1010\Debug/core.a(startup.c.o) (SystemCoreClock)
C:\Users\phili\AppData\Local\Temp\VMBuilds\Arduino_wifi\mkrwifi1010\Debug/core.a(wiring_analog.c.o)
                              C:\Users\phili\AppData\Local\Temp\VMBuilds\Arduino_wifi\mkrwifi1010\Debug/core.a(wiring.c.o) (analogReference)
C:\Users\phili\AppData\Local\Temp\VMBuilds\Arduino_wifi\mkrwifi1010\Debug/core.a(wiring_digital.c.o)
                              Arduino_wifi.cpp.o (pinMode)
C:\Users\phili\AppData\Local\Temp\VMBuilds\Arduino_wifi\mkrwifi1010\Debug/core.a(wiring_private.c.o)
                              C:\Users\phili\AppData\Local\Temp\VMBCore\arduino16x\b6f4ea0910707731418074fd80607571\variant\variant.cpp.o (pinPeripheral)
C:\Users\phili\AppData\Local\Temp\VMBuilds\Arduino_wifi\mkrwifi1010\Debug/core.a(main.cpp.o)
                              c:/users/phili/appdata/local/arduino15/packages/arduino/tools/arm-none-eabi-gcc/7-2017q4/bin/../lib/gcc/arm-none-eabi/7.2.1/../../../../arm-none-eabi/lib/thumb/v6-m/crt0.o (main)
C:\Users\phili\AppData\Local\Temp\VMBuilds\Arduino_wifi\mkrwifi1010\Debug/core.a(Print.cpp.o)
                              Arduino_wifi.cpp.o (Print::print(char const*))
C:\Users\phili\AppData\Local\Temp\VMBuilds\Arduino_wifi\mkrwifi1010\Debug/core.a(Reset.cpp.o)
                              C:\Users\phili\AppData\Local\Temp\VMBuilds\Arduino_wifi\mkrwifi1010\Debug/core.a(delay.c.o) (tickReset)
C:\Users\phili\AppData\Local\Temp\VMBuilds\Arduino_wifi\mkrwifi1010\Debug/core.a(SERCOM.cpp.o)
                              C:\Users\phili\AppData\Local\Temp\VMBCore\arduino16x\b6f4ea0910707731418074fd80607571\variant\variant.cpp.o (SERCOM::SERCOM(Sercom*))
C:\Users\phili\AppData\Local\Temp\VMBuilds\Arduino_wifi\mkrwifi1010\Debug/core.a(Uart.cpp.o)
                              C:\Users\phili\AppData\Local\Temp\VMBCore\arduino16x\b6f4ea0910707731418074fd80607571\variant\variant.cpp.o (Uart::Uart(SERCOM*, unsigned char, unsigned char, SercomRXPad, SercomUartTXPad, unsigned char, unsigned char))
C:\Users\phili\AppData\Local\Temp\VMBuilds\Arduino_wifi\mkrwifi1010\Debug/core.a(CDC.cpp.o)
                              VM_DBG\VM_DBG.cpp.o (Serial_::available())
C:\Users\phili\AppData\Local\Temp\VMBuilds\Arduino_wifi\mkrwifi1010\Debug/core.a(PluggableUSB.cpp.o)
                              C:\Users\phili\AppData\Local\Temp\VMBuilds\Arduino_wifi\mkrwifi1010\Debug/core.a(CDC.cpp.o) (PluggableUSB_::plug(PluggableUSBModule*))
C:\Users\phili\AppData\Local\Temp\VMBuilds\Arduino_wifi\mkrwifi1010\Debug/core.a(USBCore.cpp.o)
                              C:\Users\phili\AppData\Local\Temp\VMBuilds\Arduino_wifi\mkrwifi1010\Debug/core.a(CDC.cpp.o) (usbd)
C:\Users\phili\AppData\Local\Temp\VMBuilds\Arduino_wifi\mkrwifi1010\Debug/core.a(abi.cpp.o)
                              C:\Users\phili\AppData\Local\Temp\VMBuilds\Arduino_wifi\mkrwifi1010\Debug/core.a(Print.cpp.o) (__cxa_pure_virtual)
C:\Users\phili\AppData\Local\Temp\VMBuilds\Arduino_wifi\mkrwifi1010\Debug/core.a(new.cpp.o)
                              C:\Users\phili\AppData\Local\Temp\VMBuilds\Arduino_wifi\mkrwifi1010\Debug/core.a(USBCore.cpp.o) (operator new(unsigned int))
c:/users/phili/appdata/local/arduino15/packages/arduino/tools/arm-none-eabi-gcc/7-2017q4/bin/../lib/gcc/arm-none-eabi/7.2.1/thumb/v6-m\libgcc.a(_thumb1_case_uqi.o)
                              C:\Users\phili\AppData\Local\Temp\VMBuilds\Arduino_wifi\mkrwifi1010\Debug/core.a(wiring_analog.c.o) (__gnu_thumb1_case_uqi)
c:/users/phili/appdata/local/arduino15/packages/arduino/tools/arm-none-eabi-gcc/7-2017q4/bin/../lib/gcc/arm-none-eabi/7.2.1/thumb/v6-m\libgcc.a(_udivsi3.o)
                              VM_DBG\VM_DBG.cpp.o (__aeabi_uidiv)
c:/users/phili/appdata/local/arduino15/packages/arduino/tools/arm-none-eabi-gcc/7-2017q4/bin/../lib/gcc/arm-none-eabi/7.2.1/thumb/v6-m\libgcc.a(_divsi3.o)
                              C:\Users\phili\AppData\Local\Temp\VMBuilds\Arduino_wifi\mkrwifi1010\Debug/core.a(SERCOM.cpp.o) (__aeabi_idiv)
[...]
Memory Configuration

Name             Origin             Length             Attributes
FLASH            0x00002000         0x0003e000         xr
RAM              0x20000000         0x00008000         xrw
*default*        0x00000000         0xffffffff

Linker script and memory map

LOAD c:/users/phili/appdata/local/arduino15/packages/arduino/tools/arm-none-eabi-gcc/7-2017q4/bin/../lib/gcc/arm-none-eabi/7.2.1/thumb/v6-m/crti.o
LOAD c:/users/phili/appdata/local/arduino15/packages/arduino/tools/arm-none-eabi-gcc/7-2017q4/bin/../lib/gcc/arm-none-eabi/7.2.1/thumb/v6-m/crtbegin.o
LOAD c:/users/phili/appdata/local/arduino15/packages/arduino/tools/arm-none-eabi-gcc/7-2017q4/bin/../lib/gcc/arm-none-eabi/7.2.1/../../../../arm-none-eabi/lib/thumb/v6-m/crt0.o
LOAD Arduino_wifi.cpp.o
LOAD VM_DBG\VM_DBG.cpp.o
LOAD VM_DBG\VM_mem_check_sam.cpp.o
LOAD C:\Users\phili\AppData\Local\Temp\VMBCore\arduino16x\b6f4ea0910707731418074fd80607571\variant\variant.cpp.o
START GROUP
LOAD C:\Users\phili\AppData\Local\arduino15\packages\arduino\tools\CMSIS\4.5.0/CMSIS/Lib/GCC/\libarm_cortexM0l_math.a
LOAD C:\Users\phili\AppData\Local\Temp\VMBuilds\Arduino_wifi\mkrwifi1010\Debug/core.a
END GROUP
LOAD c:/users/phili/appdata/local/arduino15/packages/arduino/tools/arm-none-eabi-gcc/7-2017q4/bin/../lib/gcc/arm-none-eabi/7.2.1/../../../../arm-none-eabi/lib/thumb/v6-m\libstdc++_nano.a
LOAD c:/users/phili/appdata/local/arduino15/packages/arduino/tools/arm-none-eabi-gcc/7-2017q4/bin/../lib/gcc/arm-none-eabi/7.2.1/../../../../arm-none-eabi/lib/thumb/v6-m\libm.a
START GROUP
LOAD c:/users/phili/appdata/local/arduino15/packages/arduino/tools/arm-none-eabi-gcc/7-2017q4/bin/../lib/gcc/arm-none-eabi/7.2.1/thumb/v6-m\libgcc.a
LOAD c:/users/phili/appdata/local/arduino15/packages/arduino/tools/arm-none-eabi-gcc/7-2017q4/bin/../lib/gcc/arm-none-eabi/7.2.1/../../../../arm-none-eabi/lib/thumb/v6-m\libc_nano.a
END GROUP
START GROUP
LOAD c:/users/phili/appdata/local/arduino15/packages/arduino/tools/arm-none-eabi-gcc/7-2017q4/bin/../lib/gcc/arm-none-eabi/7.2.1/thumb/v6-m\libgcc.a
LOAD c:/users/phili/appdata/local/arduino15/packages/arduino/tools/arm-none-eabi-gcc/7-2017q4/bin/../lib/gcc/arm-none-eabi/7.2.1/../../../../arm-none-eabi/lib/thumb/v6-m\libc_nano.a
LOAD c:/users/phili/appdata/local/arduino15/packages/arduino/tools/arm-none-eabi-gcc/7-2017q4/bin/../lib/gcc/arm-none-eabi/7.2.1/../../../../arm-none-eabi/lib/thumb/v6-m\libnosys.a
END GROUP
START GROUP
LOAD c:/users/phili/appdata/local/arduino15/packages/arduino/tools/arm-none-eabi-gcc/7-2017q4/bin/../lib/gcc/arm-none-eabi/7.2.1/thumb/v6-m\libgcc.a
LOAD c:/users/phili/appdata/local/arduino15/packages/arduino/tools/arm-none-eabi-gcc/7-2017q4/bin/../lib/gcc/arm-none-eabi/7.2.1/../../../../arm-none-eabi/lib/thumb/v6-m\libc_nano.a
LOAD c:/users/phili/appdata/local/arduino15/packages/arduino/tools/arm-none-eabi-gcc/7-2017q4/bin/../lib/gcc/arm-none-eabi/7.2.1/../../../../arm-none-eabi/lib/thumb/v6-m\libnosys.a
END GROUP
LOAD c:/users/phili/appdata/local/arduino15/packages/arduino/tools/arm-none-eabi-gcc/7-2017q4/bin/../lib/gcc/arm-none-eabi/7.2.1/thumb/v6-m/crtend.o
LOAD c:/users/phili/appdata/local/arduino15/packages/arduino/tools/arm-none-eabi-gcc/7-2017q4/bin/../lib/gcc/arm-none-eabi/7.2.1/thumb/v6-m/crtn.o

.text           0x00002000     0x36dc
                0x00002000                __text_start__ = .
 *(.sketch_boot)
                0x00002000                . = ALIGN (0x2000)
 *(.isr_vector)
 .isr_vector    0x00002000       0xb4 C:\Users\phili\AppData\Local\Temp\VMBuilds\Arduino_wifi\mkrwifi1010\Debug/core.a(cortex_handlers.c.o)
                0x00002000                exception_table
 *(.text*)
 .text          0x000020b4       0x48 c:/users/phili/appdata/local/arduino15/packages/arduino/tools/arm-none-eabi-gcc/7-2017q4/bin/../lib/gcc/arm-none-eabi/7.2.1/thumb/v6-m/crtbegin.o
 .text.setup    0x000020fc       0x90 Arduino_wifi.cpp.o
                0x000020fc                setup
 .text.loop     0x0000218c       0xd8 Arduino_wifi.cpp.o
                0x0000218c                loop
 .text._ZN16VisualMicroDebug16DBG_YieldAndWaitEmb
                0x00002264       0x1a VM_DBG\VM_DBG.cpp.o
                0x00002264                VisualMicroDebug::DBG_YieldAndWait(unsigned long, bool)
 .text._ZN16VisualMicroDebug16DBG_YieldAndWaitEm
                0x0000227e        0xa VM_DBG\VM_DBG.cpp.o
                0x0000227e                VisualMicroDebug::DBG_YieldAndWait(unsigned long)
 .text._ZN16VisualMicroDebug10DBG_MillisEv
                0x00002288        0x8 VM_DBG\VM_DBG.cpp.o
                0x00002288                VisualMicroDebug::DBG_Millis()
 .text._ZN16VisualMicroDebug22OnBreakPointPrintBeginEh
                0x00002290       0x70 VM_DBG\VM_DBG.cpp.o
                0x00002290                VisualMicroDebug::OnBreakPointPrintBegin(unsigned char)
 .text._ZN16VisualMicroDebug20OnBreakPointPrintEndEv
                0x00002300       0x14 VM_DBG\VM_DBG.cpp.o
                0x00002300                VisualMicroDebug::OnBreakPointPrintEnd()
 .text._ZN16VisualMicroDebug14outPacketStartEb
                0x00002314       0x2a VM_DBG\VM_DBG.cpp.o
                0x00002314                VisualMicroDebug::outPacketStart(bool)
 .text._ZN16VisualMicroDebug12outPacketEndEv
                0x0000233e        0x2 VM_DBG\VM_DBG.cpp.o
                0x0000233e                VisualMicroDebug::outPacketEnd()
 .text._ZN16VisualMicroDebug5beginEm
                0x00002340       0x1c VM_DBG\VM_DBG.cpp.o
                0x00002340                VisualMicroDebug::begin(unsigned long)
 .text._ZN16VisualMicroDebug4initEm
                0x0000235c       0x12 VM_DBG\VM_DBG.cpp.o
                0x0000235c                VisualMicroDebug::init(unsigned long)
 *fill*         0x0000236e        0x2 
 .text._ZN16VisualMicroDebug16sendContinuedACKEh
                0x00002370       0x40 VM_DBG\VM_DBG.cpp.o
                0x00002370                VisualMicroDebug::sendContinuedACK(unsigned char)
 .text.startup._GLOBAL__sub_I__ZN16VisualMicroDebug16DBG_YieldAndWaitEm
                0x000023b0       0x14 VM_DBG\VM_DBG.cpp.o
 .text._ZN16VisualMicroDebug24readVariableTextDataTypeEv
                0x000023c4       0x10 VM_DBG\VM_DBG.cpp.o
                0x000023c4                VisualMicroDebug::readVariableTextDataType()
 .text._ZN16VisualMicroDebug24digitalWriteMessageCheckEv
                0x000023d4       0x7c VM_DBG\VM_DBG.cpp.o
                0x000023d4                VisualMicroDebug::digitalWriteMessageCheck()
 .text._ZN16VisualMicroDebug17OnBreakPointBeginEm
                0x00002450       0x1c VM_DBG\VM_DBG.cpp.o
                0x00002450                VisualMicroDebug::OnBreakPointBegin(unsigned long)
 .text._ZN16VisualMicroDebug15OnBreakPointEndEv
                0x0000246c       0x10 VM_DBG\VM_DBG.cpp.o
                0x0000246c                VisualMicroDebug::OnBreakPointEnd()
 .text._ZN16VisualMicroDebug9breakWaitEh
                0x0000247c       0x68 VM_DBG\VM_DBG.cpp.o
                0x0000247c                VisualMicroDebug::breakWait(unsigned char)
 .text._ZN16VisualMicroDebug5startEbb
                0x000024e4       0x28 VM_DBG\VM_DBG.cpp.o
                0x000024e4                VisualMicroDebug::start(bool, bool)
 .text._Z11initVariantv
                0x0000250c       0xf8 C:\Users\phili\AppData\Local\Temp\VMBCore\arduino16x\b6f4ea0910707731418074fd80607571\variant\variant.cpp.o
                0x0000250c                initVariant()
 .text.SERCOM5_Handler
                0x00002604       0x10 C:\Users\phili\AppData\Local\Temp\VMBCore\arduino16x\b6f4ea0910707731418074fd80607571\variant\variant.cpp.o
                0x00002604                SERCOM5_Handler
 .text.SERCOM4_Handler
                0x00002614       0x10 C:\Users\phili\AppData\Local\Temp\VMBCore\arduino16x\b6f4ea0910707731418074fd80607571\variant\variant.cpp.o
                0x00002614                SERCOM4_Handler
 .text.startup._GLOBAL__sub_I_g_APinDescription
                0x00002624       0xa0 C:\Users\phili\AppData\Local\Temp\VMBCore\arduino16x\b6f4ea0910707731418074fd80607571\variant\variant.cpp.o
 .text.Dummy_Handler
                0x000026c4        0x2 C:\Users\phili\AppData\Local\Temp\VMBuilds\Arduino_wifi\mkrwifi1010\Debug/core.a(cortex_handlers.c.o)
                0x000026c4                DMAC_Handler
                0x000026c4                HardFault_Handler
                0x000026c4                AC_Handler
                0x000026c4                PendSV_Handler
                0x000026c4                NMI_Handler
                0x000026c4                TC7_Handler
                0x000026c4                SERCOM1_Handler
                0x000026c4                ADC_Handler
                0x000026c4                TCC1_Handler
                0x000026c4                SERCOM2_Handler
                0x000026c4                TCC0_Handler
                0x000026c4                RTC_Handler
                0x000026c4                EIC_Handler
                0x000026c4                TC6_Handler
                0x000026c4                WDT_Handler
                0x000026c4                TC4_Handler
                0x000026c4                TC3_Handler
                0x000026c4                Dummy_Handler
                0x000026c4                PM_Handler
                0x000026c4                SVC_Handler
                0x000026c4                TCC2_Handler
                0x000026c4                EVSYS_Handler
                0x000026c4                SERCOM3_Handler
                0x000026c4                I2S_Handler
                0x000026c4                NVMCTRL_Handler
                0x000026c4                SERCOM0_Handler
                0x000026c4                DAC_Handler
                0x000026c4                PTC_Handler
                0x000026c4                SYSCTRL_Handler
 *fill*         0x000026c6        0x2 
 .text.USB_Handler
                0x000026c8       0x14 C:\Users\phili\AppData\Local\Temp\VMBuilds\Arduino_wifi\mkrwifi1010\Debug/core.a(cortex_handlers.c.o)
                0x000026c8                USB_Handler
 .text.Reset_Handler
                0x000026dc       0x54 C:\Users\phili\AppData\Local\Temp\VMBuilds\Arduino_wifi\mkrwifi1010\Debug/core.a(cortex_handlers.c.o)
                0x000026dc                Reset_Handler
 .text.SysTick_Handler
                0x00002730       0x10 C:\Users\phili\AppData\Local\Temp\VMBuilds\Arduino_wifi\mkrwifi1010\Debug/core.a(cortex_handlers.c.o)
                0x00002730                SysTick_Handler
 .text.USB_SetHandler
                0x00002740        0xc C:\Users\phili\AppData\Local\Temp\VMBuilds\Arduino_wifi\mkrwifi1010\Debug/core.a(cortex_handlers.c.o)
                0x00002740                USB_SetHandler
 .text.millis   0x0000274c        0xc C:\Users\phili\AppData\Local\Temp\VMBuilds\Arduino_wifi\mkrwifi1010\Debug/core.a(delay.c.o)
                0x0000274c                millis
 .text.micros   0x00002758       0x60 C:\Users\phili\AppData\Local\Temp\VMBuilds\Arduino_wifi\mkrwifi1010\Debug/core.a(delay.c.o)
                0x00002758                micros
 .text.delay    0x000027b8       0x30 C:\Users\phili\AppData\Local\Temp\VMBuilds\Arduino_wifi\mkrwifi1010\Debug/core.a(delay.c.o)
                0x000027b8                delay
 .text.resetExternalChip
                0x000027e8        0x2 C:\Users\phili\AppData\Local\Temp\VMBuilds\Arduino_wifi\mkrwifi1010\Debug/core.a(delay.c.o)
                0x000027e8                resetExternalChip
 *fill*         0x000027ea        0x2 
 .text.SysTick_DefaultHandler
                0x000027ec       0x14 C:\Users\phili\AppData\Local\Temp\VMBuilds\Arduino_wifi\mkrwifi1010\Debug/core.a(delay.c.o)
                0x000027ec                SysTick_DefaultHandler
 .text.__empty  0x00002800        0x2 C:\Users\phili\AppData\Local\Temp\VMBuilds\Arduino_wifi\mkrwifi1010\Debug/core.a(hooks.c.o)
                0x00002800                yield
 .text.__false  0x00002802        0x4 C:\Users\phili\AppData\Local\Temp\VMBuilds\Arduino_wifi\mkrwifi1010\Debug/core.a(hooks.c.o)
                0x00002802                sysTickHook
 *fill*         0x00002806        0x2 
 .text.SystemInit
                0x00002808      0x160 C:\Users\phili\AppData\Local\Temp\VMBuilds\Arduino_wifi\mkrwifi1010\Debug/core.a(startup.c.o)
                0x00002808                SystemInit
 .text.init     0x00002968       0xf0 C:\Users\phili\AppData\Local\Temp\VMBuilds\Arduino_wifi\mkrwifi1010\Debug/core.a(wiring.c.o)
                0x00002968                init
 .text.mapResolution
                0x00002a58       0x12 C:\Users\phili\AppData\Local\Temp\VMBuilds\Arduino_wifi\mkrwifi1010\Debug/core.a(wiring_analog.c.o)
 *fill*         0x00002a6a        0x2 
 .text.analogReference
                0x00002a6c       0x64 C:\Users\phili\AppData\Local\Temp\VMBuilds\Arduino_wifi\mkrwifi1010\Debug/core.a(wiring_analog.c.o)
                0x00002a6c                analogReference
 .text.analogRead
                0x00002ad0       0xd8 C:\Users\phili\AppData\Local\Temp\VMBuilds\Arduino_wifi\mkrwifi1010\Debug/core.a(wiring_analog.c.o)
                0x00002ad0                analogRead
 .text.pinMode  0x00002ba8       0x98 C:\Users\phili\AppData\Local\Temp\VMBuilds\Arduino_wifi\mkrwifi1010\Debug/core.a(wiring_digital.c.o)
                0x00002ba8                pinMode
 .text.digitalWrite
                0x00002c40       0x58 C:\Users\phili\AppData\Local\Temp\VMBuilds\Arduino_wifi\mkrwifi1010\Debug/core.a(wiring_digital.c.o)
                0x00002c40                digitalWrite
 .text.pinPeripheral
                0x00002c98       0xc0 C:\Users\phili\AppData\Local\Temp\VMBuilds\Arduino_wifi\mkrwifi1010\Debug/core.a(wiring_private.c.o)
                0x00002c98                pinPeripheral
 .text.startup.main
                0x00002d58       0x40 C:\Users\phili\AppData\Local\Temp\VMBuilds\Arduino_wifi\mkrwifi1010\Debug/core.a(main.cpp.o)
                0x00002d58                main
 .text._ZN5Print5writeEPKhj
                0x00002d98       0x28 C:\Users\phili\AppData\Local\Temp\VMBuilds\Arduino_wifi\mkrwifi1010\Debug/core.a(Print.cpp.o)
                0x00002d98                Print::write(unsigned char const*, unsigned int)
 .text._ZN5Print5writeEPKc.part.2
                0x00002dc0       0x1a C:\Users\phili\AppData\Local\Temp\VMBuilds\Arduino_wifi\mkrwifi1010\Debug/core.a(Print.cpp.o)
 .text._ZN5Print5writeEPKc
                0x00002dda       0x10 C:\Users\phili\AppData\Local\Temp\VMBuilds\Arduino_wifi\mkrwifi1010\Debug/core.a(Print.cpp.o)
                0x00002dda                Print::write(char const*)
 .text._ZN5Print5printEPKc
                0x00002dea        0x8 C:\Users\phili\AppData\Local\Temp\VMBuilds\Arduino_wifi\mkrwifi1010\Debug/core.a(Print.cpp.o)
                0x00002dea                Print::print(char const*)
 *fill*         0x00002df2        0x2 
 .text._ZN5Print7printlnEv
                0x00002df4       0x10 C:\Users\phili\AppData\Local\Temp\VMBuilds\Arduino_wifi\mkrwifi1010\Debug/core.a(Print.cpp.o)
                0x00002df4                Print::println()
 .text._ZN5Print7printlnEPKc
                0x00002e04       0x14 C:\Users\phili\AppData\Local\Temp\VMBuilds\Arduino_wifi\mkrwifi1010\Debug/core.a(Print.cpp.o)
                0x00002e04                Print::println(char const*)
 .text._ZN5Print11printNumberEmh
                0x00002e18       0x48 C:\Users\phili\AppData\Local\Temp\VMBuilds\Arduino_wifi\mkrwifi1010\Debug/core.a(Print.cpp.o)
                0x00002e18                Print::printNumber(unsigned long, unsigned char)
 .text._ZN5Print5printEmi
                0x00002e60       0x18 C:\Users\phili\AppData\Local\Temp\VMBuilds\Arduino_wifi\mkrwifi1010\Debug/core.a(Print.cpp.o)
                0x00002e60                Print::print(unsigned long, int)
 .text._ZN5Print5printEhi
                0x00002e78        0x8 C:\Users\phili\AppData\Local\Temp\VMBuilds\Arduino_wifi\mkrwifi1010\Debug/core.a(Print.cpp.o)
                0x00002e78                Print::print(unsigned char, int)
 .text.initiateReset
                0x00002e80       0x14 C:\Users\phili\AppData\Local\Temp\VMBuilds\Arduino_wifi\mkrwifi1010\Debug/core.a(Reset.cpp.o)
                0x00002e80                initiateReset
 .text.cancelReset
                0x00002e94       0x10 C:\Users\phili\AppData\Local\Temp\VMBuilds\Arduino_wifi\mkrwifi1010\Debug/core.a(Reset.cpp.o)
                0x00002e94                cancelReset
 .text.tickReset
                0x00002ea4       0x78 C:\Users\phili\AppData\Local\Temp\VMBuilds\Arduino_wifi\mkrwifi1010\Debug/core.a(Reset.cpp.o)
                0x00002ea4                tickReset
 .text._ZN6SERCOMC2EP6Sercom
                0x00002f1c        0x4 C:\Users\phili\AppData\Local\Temp\VMBuilds\Arduino_wifi\mkrwifi1010\Debug/core.a(SERCOM.cpp.o)
                0x00002f1c                SERCOM::SERCOM(Sercom*)
                0x00002f1c                SERCOM::SERCOM(Sercom*)
 .text._ZN6SERCOM9initFrameE18SercomUartCharSize15SercomDataOrder16SercomParityMode19SercomNumberStopBit
                0x00002f20       0x3a C:\Users\phili\AppData\Local\Temp\VMBuilds\Arduino_wifi\mkrwifi1010\Debug/core.a(SERCOM.cpp.o)
                0x00002f20                SERCOM::initFrame(SercomUartCharSize, SercomDataOrder, SercomParityMode, SercomNumberStopBit)
 .text._ZN6SERCOM8initPadsE15SercomUartTXPad11SercomRXPad
                0x00002f5a       0x26 C:\Users\phili\AppData\Local\Temp\VMBuilds\Arduino_wifi\mkrwifi1010\Debug/core.a(SERCOM.cpp.o)
                0x00002f5a                SERCOM::initPads(SercomUartTXPad, SercomRXPad)
 .text._ZN6SERCOM9resetUARTEv
                0x00002f80       0x1a C:\Users\phili\AppData\Local\Temp\VMBuilds\Arduino_wifi\mkrwifi1010\Debug/core.a(SERCOM.cpp.o)
                0x00002f80                SERCOM::resetUART()
 .text._ZN6SERCOM10enableUARTEv
                0x00002f9a       0x14 C:\Users\phili\AppData\Local\Temp\VMBuilds\Arduino_wifi\mkrwifi1010\Debug/core.a(SERCOM.cpp.o)
                0x00002f9a                SERCOM::enableUART()
 .text._ZN6SERCOM9flushUARTEv
                0x00002fae       0x10 C:\Users\phili\AppData\Local\Temp\VMBuilds\Arduino_wifi\mkrwifi1010\Debug/core.a(SERCOM.cpp.o)
                0x00002fae                SERCOM::flushUART()
 .text._ZN6SERCOM15clearStatusUARTEv
                0x00002fbe        0x8 C:\Users\phili\AppData\Local\Temp\VMBuilds\Arduino_wifi\mkrwifi1010\Debug/core.a(SERCOM.cpp.o)
                0x00002fbe                SERCOM::clearStatusUART()
 .text._ZN6SERCOM17availableDataUARTEv
                0x00002fc6        0xa C:\Users\phili\AppData\Local\Temp\VMBuilds\Arduino_wifi\mkrwifi1010\Debug/core.a(SERCOM.cpp.o)
                0x00002fc6                SERCOM::availableDataUART()
 .text._ZN6SERCOM11isUARTErrorEv
                0x00002fd0        0x8 C:\Users\phili\AppData\Local\Temp\VMBuilds\Arduino_wifi\mkrwifi1010\Debug/core.a(SERCOM.cpp.o)
                0x00002fd0                SERCOM::isUARTError()
 .text._ZN6SERCOM20acknowledgeUARTErrorEv
                0x00002fd8        0xe C:\Users\phili\AppData\Local\Temp\VMBuilds\Arduino_wifi\mkrwifi1010\Debug/core.a(SERCOM.cpp.o)
                0x00002fd8                SERCOM::acknowledgeUARTError()
 .text._ZN6SERCOM16isFrameErrorUARTEv
                0x00002fe6        0xa C:\Users\phili\AppData\Local\Temp\VMBuilds\Arduino_wifi\mkrwifi1010\Debug/core.a(SERCOM.cpp.o)
                0x00002fe6                SERCOM::isFrameErrorUART()
 .text._ZN6SERCOM19clearFrameErrorUARTEv
                0x00002ff0        0xc C:\Users\phili\AppData\Local\Temp\VMBuilds\Arduino_wifi\mkrwifi1010\Debug/core.a(SERCOM.cpp.o)
                0x00002ff0                SERCOM::clearFrameErrorUART()
 .text._ZN6SERCOM23isDataRegisterEmptyUARTEv
                0x00002ffc        0xa C:\Users\phili\AppData\Local\Temp\VMBuilds\Arduino_wifi\mkrwifi1010\Debug/core.a(SERCOM.cpp.o)
                0x00002ffc                SERCOM::isDataRegisterEmptyUART()
 .text._ZN6SERCOM12readDataUARTEv
                0x00003006        0x8 C:\Users\phili\AppData\Local\Temp\VMBuilds\Arduino_wifi\mkrwifi1010\Debug/core.a(SERCOM.cpp.o)
                0x00003006                SERCOM::readDataUART()
 .text._ZN6SERCOM13writeDataUARTEh
                0x0000300e       0x10 C:\Users\phili\AppData\Local\Temp\VMBuilds\Arduino_wifi\mkrwifi1010\Debug/core.a(SERCOM.cpp.o)
                0x0000300e                SERCOM::writeDataUART(unsigned char)
 .text._ZN6SERCOM36enableDataRegisterEmptyInterruptUARTEv
                0x0000301e        0x8 C:\Users\phili\AppData\Local\Temp\VMBuilds\Arduino_wifi\mkrwifi1010\Debug/core.a(SERCOM.cpp.o)
                0x0000301e                SERCOM::enableDataRegisterEmptyInterruptUART()
 .text._ZN6SERCOM37disableDataRegisterEmptyInterruptUARTEv
                0x00003026        0x8 C:\Users\phili\AppData\Local\Temp\VMBuilds\Arduino_wifi\mkrwifi1010\Debug/core.a(SERCOM.cpp.o)
                0x00003026                SERCOM::disableDataRegisterEmptyInterruptUART()
 .text._ZN6SERCOM9resetWIREEv
                0x0000302e       0x1a C:\Users\phili\AppData\Local\Temp\VMBuilds\Arduino_wifi\mkrwifi1010\Debug/core.a(SERCOM.cpp.o)
                0x0000302e                SERCOM::resetWIRE()
 .text._ZN6SERCOM10enableWIREEv
                0x00003048       0x2a C:\Users\phili\AppData\Local\Temp\VMBuilds\Arduino_wifi\mkrwifi1010\Debug/core.a(SERCOM.cpp.o)
                0x00003048                SERCOM::enableWIRE()
 .text._ZN6SERCOM11disableWIREEv
                0x00003072       0x14 C:\Users\phili\AppData\Local\Temp\VMBuilds\Arduino_wifi\mkrwifi1010\Debug/core.a(SERCOM.cpp.o)
                0x00003072                SERCOM::disableWIRE()
 *fill*         0x00003086        0x2 
 .text._ZN6SERCOM22prepareCommandBitsWireEh
                0x00003088       0x2c C:\Users\phili\AppData\Local\Temp\VMBuilds\Arduino_wifi\mkrwifi1010\Debug/core.a(SERCOM.cpp.o)
                0x00003088                SERCOM::prepareCommandBitsWire(unsigned char)
 .text._ZN6SERCOM21startTransmissionWIREEh23SercomWireReadWriteFlag
                0x000030b4       0x84 C:\Users\phili\AppData\Local\Temp\VMBuilds\Arduino_wifi\mkrwifi1010\Debug/core.a(SERCOM.cpp.o)
                0x000030b4                SERCOM::startTransmissionWIRE(unsigned char, SercomWireReadWriteFlag)
 .text._ZN6SERCOM18sendDataMasterWIREEh
                0x00003138       0x24 C:\Users\phili\AppData\Local\Temp\VMBuilds\Arduino_wifi\mkrwifi1010\Debug/core.a(SERCOM.cpp.o)
                0x00003138                SERCOM::sendDataMasterWIRE(unsigned char)
 .text._ZN6SERCOM13initClockNVICEv
                0x0000315c       0xa8 C:\Users\phili\AppData\Local\Temp\VMBuilds\Arduino_wifi\mkrwifi1010\Debug/core.a(SERCOM.cpp.o)
                0x0000315c                SERCOM::initClockNVIC()
 .text._ZN6SERCOM8initUARTE14SercomUartMode20SercomUartSampleRatem
                0x00003204       0x6c C:\Users\phili\AppData\Local\Temp\VMBuilds\Arduino_wifi\mkrwifi1010\Debug/core.a(SERCOM.cpp.o)
                0x00003204                SERCOM::initUART(SercomUartMode, SercomUartSampleRate, unsigned long)
 .text._ZN6SERCOM14initMasterWIREEm
                0x00003270       0x54 C:\Users\phili\AppData\Local\Temp\VMBuilds\Arduino_wifi\mkrwifi1010\Debug/core.a(SERCOM.cpp.o)
                0x00003270                SERCOM::initMasterWIRE(unsigned long)
 .text._ZN4UartcvbEv
                0x000032c4        0x4 C:\Users\phili\AppData\Local\Temp\VMBuilds\Arduino_wifi\mkrwifi1010\Debug/core.a(Uart.cpp.o)
                0x000032c4                Uart::operator bool()
 .text._ZN4Uart5beginEm
                0x000032c8       0x10 C:\Users\phili\AppData\Local\Temp\VMBuilds\Arduino_wifi\mkrwifi1010\Debug/core.a(Uart.cpp.o)
                0x000032c8                Uart::begin(unsigned long)
 .text._ZN4Uart4peekEv
                0x000032d8       0x1a C:\Users\phili\AppData\Local\Temp\VMBuilds\Arduino_wifi\mkrwifi1010\Debug/core.a(Uart.cpp.o)
                0x000032d8                Uart::peek()
 .text._ZN4Uart3endEv
                0x000032f2       0x20 C:\Users\phili\AppData\Local\Temp\VMBuilds\Arduino_wifi\mkrwifi1010\Debug/core.a(Uart.cpp.o)
                0x000032f2                Uart::end()
 .text._ZN4Uart16extractNbStopBitEt
                0x00003312        0xc C:\Users\phili\AppData\Local\Temp\VMBuilds\Arduino_wifi\mkrwifi1010\Debug/core.a(Uart.cpp.o)
                0x00003312                Uart::extractNbStopBit(unsigned short)
 .text._ZN4Uart15extractCharSizeEt
                0x0000331e       0x28 C:\Users\phili\AppData\Local\Temp\VMBuilds\Arduino_wifi\mkrwifi1010\Debug/core.a(Uart.cpp.o)
                0x0000331e                Uart::extractCharSize(unsigned short)
 .text._ZN4Uart13extractParityEt
                0x00003346       0x14 C:\Users\phili\AppData\Local\Temp\VMBuilds\Arduino_wifi\mkrwifi1010\Debug/core.a(Uart.cpp.o)
                0x00003346                Uart::extractParity(unsigned short)
 *fill*         0x0000335a        0x2 
 .text._ZN4Uart5beginEmt
                0x0000335c       0xf8 C:\Users\phili\AppData\Local\Temp\VMBuilds\Arduino_wifi\mkrwifi1010\Debug/core.a(Uart.cpp.o)
                0x0000335c                Uart::begin(unsigned long, unsigned short)
 .text._ZN11RingBufferNILi256EEC2Ev
                0x00003454       0x1c C:\Users\phili\AppData\Local\Temp\VMBuilds\Arduino_wifi\mkrwifi1010\Debug/core.a(Uart.cpp.o)
                0x00003454                RingBufferN<256>::RingBufferN()
                0x00003454                RingBufferN<256>::RingBufferN()
 .text._ZN4UartC2EP6SERCOMhh11SercomRXPad15SercomUartTXPadhh
                0x00003470       0x88 C:\Users\phili\AppData\Local\Temp\VMBuilds\Arduino_wifi\mkrwifi1010\Debug/core.a(Uart.cpp.o)
                0x00003470                Uart::Uart(SERCOM*, unsigned char, unsigned char, SercomRXPad, SercomUartTXPad, unsigned char, unsigned char)
                0x00003470                Uart::Uart(SERCOM*, unsigned char, unsigned char, SercomRXPad, SercomUartTXPad, unsigned char, unsigned char)
 .text._ZN4UartC2EP6SERCOMhh11SercomRXPad15SercomUartTXPad
                0x000034f8       0x74 C:\Users\phili\AppData\Local\Temp\VMBuilds\Arduino_wifi\mkrwifi1010\Debug/core.a(Uart.cpp.o)
                0x000034f8                Uart::Uart(SERCOM*, unsigned char, unsigned char, SercomRXPad, SercomUartTXPad)
                0x000034f8                Uart::Uart(SERCOM*, unsigned char, unsigned char, SercomRXPad, SercomUartTXPad)
 .text._ZN11RingBufferNILi256EE9availableEv
                0x0000356c       0x12 C:\Users\phili\AppData\Local\Temp\VMBuilds\Arduino_wifi\mkrwifi1010\Debug/core.a(Uart.cpp.o)
                0x0000356c                RingBufferN<256>::available()
 .text._ZN4Uart5flushEv
                0x0000357e       0x1a C:\Users\phili\AppData\Local\Temp\VMBuilds\Arduino_wifi\mkrwifi1010\Debug/core.a(Uart.cpp.o)
                0x0000357e                Uart::flush()
 .text._ZN4Uart9availableEv
                0x00003598        0xa C:\Users\phili\AppData\Local\Temp\VMBuilds\Arduino_wifi\mkrwifi1010\Debug/core.a(Uart.cpp.o)
                0x00003598                Uart::available()
 .text._ZN11RingBufferNILi256EE17availableForStoreEv
                0x000035a2       0x20 C:\Users\phili\AppData\Local\Temp\VMBuilds\Arduino_wifi\mkrwifi1010\Debug/core.a(Uart.cpp.o)
                0x000035a2                RingBufferN<256>::availableForStore()
 .text._ZN4Uart17availableForWriteEv
                0x000035c2        0xc C:\Users\phili\AppData\Local\Temp\VMBuilds\Arduino_wifi\mkrwifi1010\Debug/core.a(Uart.cpp.o)
                0x000035c2                Uart::availableForWrite()
 .text._ZN4Uart10IrqHandlerEv
                0x000035ce       0xcc C:\Users\phili\AppData\Local\Temp\VMBuilds\Arduino_wifi\mkrwifi1010\Debug/core.a(Uart.cpp.o)
                0x000035ce                Uart::IrqHandler()
 *fill*         0x0000369a        0x2 
 .text._ZN4Uart5writeEh
                0x0000369c       0xb4 C:\Users\phili\AppData\Local\Temp\VMBuilds\Arduino_wifi\mkrwifi1010\Debug/core.a(Uart.cpp.o)
                0x0000369c                Uart::write(unsigned char)
 .text._ZN4Uart4readEv
                0x00003750       0x4c C:\Users\phili\AppData\Local\Temp\VMBuilds\Arduino_wifi\mkrwifi1010\Debug/core.a(Uart.cpp.o)
                0x00003750                Uart::read()
 .text._ZN7Serial_13getDescriptorER8USBSetup
                0x0000379c        0x4 C:\Users\phili\AppData\Local\Temp\VMBuilds\Arduino_wifi\mkrwifi1010\Debug/core.a(CDC.cpp.o)
                0x0000379c                Serial_::getDescriptor(USBSetup&)
 .text._ZL5utox8mPc
                0x000037a0       0x24 C:\Users\phili\AppData\Local\Temp\VMBuilds\Arduino_wifi\mkrwifi1010\Debug/core.a(CDC.cpp.o)
 .text._ZN7Serial_12getShortNameEPc
                0x000037c4       0x44 C:\Users\phili\AppData\Local\Temp\VMBuilds\Arduino_wifi\mkrwifi1010\Debug/core.a(CDC.cpp.o)
                0x000037c4                Serial_::getShortName(char*)
 .text._ZThn16_N7Serial_12getShortNameEPc
                0x00003808       0x10 C:\Users\phili\AppData\Local\Temp\VMBuilds\Arduino_wifi\mkrwifi1010\Debug/core.a(CDC.cpp.o)
                0x00003808                non-virtual thunk to Serial_::getShortName(char*)
 .text._ZN7Serial_14handleEndpointEi
                0x00003818        0x2 C:\Users\phili\AppData\Local\Temp\VMBuilds\Arduino_wifi\mkrwifi1010\Debug/core.a(CDC.cpp.o)
                0x00003818                Serial_::handleEndpoint(int)
 .text._ZN7Serial_17availableForWriteEv
                0x0000381a        0x4 C:\Users\phili\AppData\Local\Temp\VMBuilds\Arduino_wifi\mkrwifi1010\Debug/core.a(CDC.cpp.o)
                0x0000381a                Serial_::availableForWrite()
 .text._ZN7Serial_5writeEh
                0x0000381e       0x14 C:\Users\phili\AppData\Local\Temp\VMBuilds\Arduino_wifi\mkrwifi1010\Debug/core.a(CDC.cpp.o)
                0x0000381e                Serial_::write(unsigned char)
 *fill*         0x00003832        0x2 
 .text._ZN7Serial_12getInterfaceEPh
                0x00003834      0x11c C:\Users\phili\AppData\Local\Temp\VMBuilds\Arduino_wifi\mkrwifi1010\Debug/core.a(CDC.cpp.o)
                0x00003834                Serial_::getInterface(unsigned char*)
 .text._ZThn16_N7Serial_12getInterfaceEPh
                0x00003950       0x10 C:\Users\phili\AppData\Local\Temp\VMBuilds\Arduino_wifi\mkrwifi1010\Debug/core.a(CDC.cpp.o)
                0x00003950                non-virtual thunk to Serial_::getInterface(unsigned char*)
 .text._ZN7Serial_5setupER8USBSetup
                0x00003960       0xa8 C:\Users\phili\AppData\Local\Temp\VMBuilds\Arduino_wifi\mkrwifi1010\Debug/core.a(CDC.cpp.o)
                0x00003960                Serial_::setup(USBSetup&)
 .text._ZThn16_N7Serial_5setupER8USBSetup
                0x00003a08       0x10 C:\Users\phili\AppData\Local\Temp\VMBuilds\Arduino_wifi\mkrwifi1010\Debug/core.a(CDC.cpp.o)
                0x00003a08                non-virtual thunk to Serial_::setup(USBSetup&)
 .text._ZN7Serial_9availableEv
                0x00003a18       0x20 C:\Users\phili\AppData\Local\Temp\VMBuilds\Arduino_wifi\mkrwifi1010\Debug/core.a(CDC.cpp.o)
                0x00003a18                Serial_::available()
 .text._ZN7Serial_5flushEv
                0x00003a38        0xe C:\Users\phili\AppData\Local\Temp\VMBuilds\Arduino_wifi\mkrwifi1010\Debug/core.a(CDC.cpp.o)
                0x00003a38                Serial_::flush()
 .text._ZN7Serial_5clearEv
                0x00003a46        0xe C:\Users\phili\AppData\Local\Temp\VMBuilds\Arduino_wifi\mkrwifi1010\Debug/core.a(CDC.cpp.o)
                0x00003a46                Serial_::clear()
 .text._ZN7Serial_5writeEPKhj
                0x00003a54       0x1e C:\Users\phili\AppData\Local\Temp\VMBuilds\Arduino_wifi\mkrwifi1010\Debug/core.a(CDC.cpp.o)
                0x00003a54                Serial_::write(unsigned char const*, unsigned int)
 *fill*         0x00003a72        0x2 
 .text._ZN7Serial_4peekEv
                0x00003a74       0x1c C:\Users\phili\AppData\Local\Temp\VMBuilds\Arduino_wifi\mkrwifi1010\Debug/core.a(CDC.cpp.o)
                0x00003a74                Serial_::peek()
 .text._ZN7Serial_4readEv
                0x00003a90       0x24 C:\Users\phili\AppData\Local\Temp\VMBuilds\Arduino_wifi\mkrwifi1010\Debug/core.a(CDC.cpp.o)
                0x00003a90                Serial_::read()
 .text._ZThn16_N7Serial_14handleEndpointEi
                0x00003ab4        0x2 C:\Users\phili\AppData\Local\Temp\VMBuilds\Arduino_wifi\mkrwifi1010\Debug/core.a(CDC.cpp.o)
                0x00003ab4                non-virtual thunk to Serial_::handleEndpoint(int)
 .text._ZThn16_N7Serial_13getDescriptorER8USBSetup
                0x00003ab6        0x4 C:\Users\phili\AppData\Local\Temp\VMBuilds\Arduino_wifi\mkrwifi1010\Debug/core.a(CDC.cpp.o)
                0x00003ab6                non-virtual thunk to Serial_::getDescriptor(USBSetup&)
 *fill*         0x00003aba        0x2 
 .text._ZN7Serial_C2ER14USBDeviceClass
                0x00003abc       0x50 C:\Users\phili\AppData\Local\Temp\VMBuilds\Arduino_wifi\mkrwifi1010\Debug/core.a(CDC.cpp.o)
                0x00003abc                Serial_::Serial_(USBDeviceClass&)
                0x00003abc                Serial_::Serial_(USBDeviceClass&)
 .text._ZN7Serial_15enableInterruptEv
                0x00003b0c       0x30 C:\Users\phili\AppData\Local\Temp\VMBuilds\Arduino_wifi\mkrwifi1010\Debug/core.a(CDC.cpp.o)
                0x00003b0c                Serial_::enableInterrupt()
 .text._ZN7Serial_5beginEm
                0x00003b3c        0x2 C:\Users\phili\AppData\Local\Temp\VMBuilds\Arduino_wifi\mkrwifi1010\Debug/core.a(CDC.cpp.o)
                0x00003b3c                Serial_::begin(unsigned long)
 *fill*         0x00003b3e        0x2 
 .text.startup._GLOBAL__sub_I__ZN7Serial_12getInterfaceEPh
                0x00003b40       0x14 C:\Users\phili\AppData\Local\Temp\VMBuilds\Arduino_wifi\mkrwifi1010\Debug/core.a(CDC.cpp.o)
 .text._ZN13PluggableUSB_12getInterfaceEPh
                0x00003b54       0x28 C:\Users\phili\AppData\Local\Temp\VMBuilds\Arduino_wifi\mkrwifi1010\Debug/core.a(PluggableUSB.cpp.o)
                0x00003b54                PluggableUSB_::getInterface(unsigned char*)
 .text._ZN13PluggableUSB_13getDescriptorER8USBSetup
                0x00003b7c       0x20 C:\Users\phili\AppData\Local\Temp\VMBuilds\Arduino_wifi\mkrwifi1010\Debug/core.a(PluggableUSB.cpp.o)
                0x00003b7c                PluggableUSB_::getDescriptor(USBSetup&)
 .text._ZN13PluggableUSB_12getShortNameEPc
                0x00003b9c       0x26 C:\Users\phili\AppData\Local\Temp\VMBuilds\Arduino_wifi\mkrwifi1010\Debug/core.a(PluggableUSB.cpp.o)
                0x00003b9c                PluggableUSB_::getShortName(char*)
 .text._ZN13PluggableUSB_5setupER8USBSetup
                0x00003bc2       0x20 C:\Users\phili\AppData\Local\Temp\VMBuilds\Arduino_wifi\mkrwifi1010\Debug/core.a(PluggableUSB.cpp.o)
                0x00003bc2                PluggableUSB_::setup(USBSetup&)
 .text._ZN13PluggableUSB_14handleEndpointEi
                0x00003be2       0x1a C:\Users\phili\AppData\Local\Temp\VMBuilds\Arduino_wifi\mkrwifi1010\Debug/core.a(PluggableUSB.cpp.o)
                0x00003be2                PluggableUSB_::handleEndpoint(int)
 .text._ZN13PluggableUSB_4plugEP18PluggableUSBModule
                0x00003bfc       0x58 C:\Users\phili\AppData\Local\Temp\VMBuilds\Arduino_wifi\mkrwifi1010\Debug/core.a(PluggableUSB.cpp.o)
                0x00003bfc                PluggableUSB_::plug(PluggableUSBModule*)
 .text._Z12PluggableUSBv
                0x00003c54       0x24 C:\Users\phili\AppData\Local\Temp\VMBuilds\Arduino_wifi\mkrwifi1010\Debug/core.a(PluggableUSB.cpp.o)
                0x00003c54                PluggableUSB()
 .text._ZN26DoubleBufferedEPOutHandlerD2Ev
                0x00003c78        0x2 C:\Users\phili\AppData\Local\Temp\VMBuilds\Arduino_wifi\mkrwifi1010\Debug/core.a(USBCore.cpp.o)
                0x00003c78                DoubleBufferedEPOutHandler::~DoubleBufferedEPOutHandler()
                0x00003c78                DoubleBufferedEPOutHandler::~DoubleBufferedEPOutHandler()
 .text._ZN26DoubleBufferedEPOutHandlerD0Ev
                0x00003c7a        0xc C:\Users\phili\AppData\Local\Temp\VMBuilds\Arduino_wifi\mkrwifi1010\Debug/core.a(USBCore.cpp.o)
                0x00003c7a                DoubleBufferedEPOutHandler::~DoubleBufferedEPOutHandler()
 *fill*         0x00003c86        0x2 
 .text._ZN14USBDeviceClass6initEPEmm.part.7
                0x00003c88       0xc4 C:\Users\phili\AppData\Local\Temp\VMBuilds\Arduino_wifi\mkrwifi1010\Debug/core.a(USBCore.cpp.o)
 .text._ZN7__GuardC2Ev
                0x00003d4c        0xe C:\Users\phili\AppData\Local\Temp\VMBuilds\Arduino_wifi\mkrwifi1010\Debug/core.a(USBCore.cpp.o)
                0x00003d4c                __Guard::__Guard()
                0x00003d4c                __Guard::__Guard()
 .text._ZN7__GuardD2Ev
                0x00003d5a        0xe C:\Users\phili\AppData\Local\Temp\VMBuilds\Arduino_wifi\mkrwifi1010\Debug/core.a(USBCore.cpp.o)
                0x00003d5a                __Guard::~__Guard()
                0x00003d5a                __Guard::~__Guard()
 .text._ZNK26DoubleBufferedEPOutHandler10_availableEv
                0x00003d68       0x70 C:\Users\phili\AppData\Local\Temp\VMBuilds\Arduino_wifi\mkrwifi1010\Debug/core.a(USBCore.cpp.o)
                0x00003d68                DoubleBufferedEPOutHandler::_available() const
 .text._ZN26DoubleBufferedEPOutHandler7releaseEv
                0x00003dd8       0x3c C:\Users\phili\AppData\Local\Temp\VMBuilds\Arduino_wifi\mkrwifi1010\Debug/core.a(USBCore.cpp.o)
                0x00003dd8                DoubleBufferedEPOutHandler::release()
 .text._ZN26DoubleBufferedEPOutHandler14handleEndpointEv
                0x00003e14       0xea C:\Users\phili\AppData\Local\Temp\VMBuilds\Arduino_wifi\mkrwifi1010\Debug/core.a(USBCore.cpp.o)
                0x00003e14                DoubleBufferedEPOutHandler::handleEndpoint()
 .text._ZN26DoubleBufferedEPOutHandler5_recvEv
                0x00003efe      0x198 C:\Users\phili\AppData\Local\Temp\VMBuilds\Arduino_wifi\mkrwifi1010\Debug/core.a(USBCore.cpp.o)
                0x00003efe                DoubleBufferedEPOutHandler::_recv()
 .text._ZN26DoubleBufferedEPOutHandler4peekEv
                0x00004096       0x22 C:\Users\phili\AppData\Local\Temp\VMBuilds\Arduino_wifi\mkrwifi1010\Debug/core.a(USBCore.cpp.o)
                0x00004096                DoubleBufferedEPOutHandler::peek()
 .text._ZN26DoubleBufferedEPOutHandler9availableEv
                0x000040b8       0x18 C:\Users\phili\AppData\Local\Temp\VMBuilds\Arduino_wifi\mkrwifi1010\Debug/core.a(USBCore.cpp.o)
                0x000040b8                DoubleBufferedEPOutHandler::available()
 .text._ZN26DoubleBufferedEPOutHandler4recvEPvm
                0x000040d0       0x72 C:\Users\phili\AppData\Local\Temp\VMBuilds\Arduino_wifi\mkrwifi1010\Debug/core.a(USBCore.cpp.o)
                0x000040d0                DoubleBufferedEPOutHandler::recv(void*, unsigned long)
 .text._ZN14USBDeviceClass14SendInterfacesEPm
                0x00004142       0x20 C:\Users\phili\AppData\Local\Temp\VMBuilds\Arduino_wifi\mkrwifi1010\Debug/core.a(USBCore.cpp.o)
                0x00004142                USBDeviceClass::SendInterfaces(unsigned long*)
 *fill*         0x00004162        0x2 
 .text._ZN14USBDeviceClass4initEv
                0x00004164      0x15c C:\Users\phili\AppData\Local\Temp\VMBuilds\Arduino_wifi\mkrwifi1010\Debug/core.a(USBCore.cpp.o)
                0x00004164                USBDeviceClass::init()
 .text._ZN14USBDeviceClass6attachEv
                0x000042c0       0x34 C:\Users\phili\AppData\Local\Temp\VMBuilds\Arduino_wifi\mkrwifi1010\Debug/core.a(USBCore.cpp.o)
                0x000042c0                USBDeviceClass::attach()
 .text._ZN14USBDeviceClass10setAddressEm
                0x000042f4       0x48 C:\Users\phili\AppData\Local\Temp\VMBuilds\Arduino_wifi\mkrwifi1010\Debug/core.a(USBCore.cpp.o)
                0x000042f4                USBDeviceClass::setAddress(unsigned long)
 .text._ZN14USBDeviceClass25handleClassInterfaceSetupER8USBSetup
                0x0000433c       0x24 C:\Users\phili\AppData\Local\Temp\VMBuilds\Arduino_wifi\mkrwifi1010\Debug/core.a(USBCore.cpp.o)
                0x0000433c                USBDeviceClass::handleClassInterfaceSetup(USBSetup&)
 .text._ZN14USBDeviceClass6initEPEmm
                0x00004360      0x120 C:\Users\phili\AppData\Local\Temp\VMBuilds\Arduino_wifi\mkrwifi1010\Debug/core.a(USBCore.cpp.o)
                0x00004360                USBDeviceClass::initEP(unsigned long, unsigned long)
 .text._ZN14USBDeviceClass13initEndpointsEv
                0x00004480       0x24 C:\Users\phili\AppData\Local\Temp\VMBuilds\Arduino_wifi\mkrwifi1010\Debug/core.a(USBCore.cpp.o)
                0x00004480                USBDeviceClass::initEndpoints()
 .text._ZN14USBDeviceClass5clearEm
                0x000044a4       0x38 C:\Users\phili\AppData\Local\Temp\VMBuilds\Arduino_wifi\mkrwifi1010\Debug/core.a(USBCore.cpp.o)
                0x000044a4                USBDeviceClass::clear(unsigned long)
 .text._ZN14USBDeviceClass9availableEm
                0x000044dc       0x2c C:\Users\phili\AppData\Local\Temp\VMBuilds\Arduino_wifi\mkrwifi1010\Debug/core.a(USBCore.cpp.o)
                0x000044dc                USBDeviceClass::available(unsigned long)
 .text._ZN14USBDeviceClass5flushEm
                0x00004508       0x2c C:\Users\phili\AppData\Local\Temp\VMBuilds\Arduino_wifi\mkrwifi1010\Debug/core.a(USBCore.cpp.o)
                0x00004508                USBDeviceClass::flush(unsigned long)
 .text._ZN14USBDeviceClass4recvEmPvm
                0x00004534       0xc0 C:\Users\phili\AppData\Local\Temp\VMBuilds\Arduino_wifi\mkrwifi1010\Debug/core.a(USBCore.cpp.o)
                0x00004534                USBDeviceClass::recv(unsigned long, void*, unsigned long)
 .text._ZN14USBDeviceClass4recvEm
                0x000045f4       0x1c C:\Users\phili\AppData\Local\Temp\VMBuilds\Arduino_wifi\mkrwifi1010\Debug/core.a(USBCore.cpp.o)
                0x000045f4                USBDeviceClass::recv(unsigned long)
 .text._ZN14USBDeviceClass14armRecvCtrlOUTEm
                0x00004610       0x5c C:\Users\phili\AppData\Local\Temp\VMBuilds\Arduino_wifi\mkrwifi1010\Debug/core.a(USBCore.cpp.o)
                0x00004610                USBDeviceClass::armRecvCtrlOUT(unsigned long)
 .text._ZN14USBDeviceClass11recvControlEPvm
                0x0000466c       0x28 C:\Users\phili\AppData\Local\Temp\VMBuilds\Arduino_wifi\mkrwifi1010\Debug/core.a(USBCore.cpp.o)
                0x0000466c                USBDeviceClass::recvControl(void*, unsigned long)
 .text._ZN14USBDeviceClass4sendEmPKvm
                0x00004694      0x10c C:\Users\phili\AppData\Local\Temp\VMBuilds\Arduino_wifi\mkrwifi1010\Debug/core.a(USBCore.cpp.o)
                0x00004694                USBDeviceClass::send(unsigned long, void const*, unsigned long)
 .text._ZN14USBDeviceClass7armSendEmPKvm
                0x000047a0       0x48 C:\Users\phili\AppData\Local\Temp\VMBuilds\Arduino_wifi\mkrwifi1010\Debug/core.a(USBCore.cpp.o)
                0x000047a0                USBDeviceClass::armSend(unsigned long, void const*, unsigned long)
 .text._ZN14USBDeviceClass11sendControlEPKvm
                0x000047e8       0x54 C:\Users\phili\AppData\Local\Temp\VMBuilds\Arduino_wifi\mkrwifi1010\Debug/core.a(USBCore.cpp.o)
                0x000047e8                USBDeviceClass::sendControl(void const*, unsigned long)
 .text._ZN14USBDeviceClass20sendStringDescriptorEPKhm
                0x0000483c       0x64 C:\Users\phili\AppData\Local\Temp\VMBuilds\Arduino_wifi\mkrwifi1010\Debug/core.a(USBCore.cpp.o)
                0x0000483c                USBDeviceClass::sendStringDescriptor(unsigned char const*, unsigned long)
 .text._ZN14USBDeviceClass17sendConfigurationEm
                0x000048a0       0x80 C:\Users\phili\AppData\Local\Temp\VMBuilds\Arduino_wifi\mkrwifi1010\Debug/core.a(USBCore.cpp.o)
                0x000048a0                USBDeviceClass::sendConfiguration(unsigned long)
 .text._ZN14USBDeviceClass14sendDescriptorER8USBSetup
                0x00004920       0xe0 C:\Users\phili\AppData\Local\Temp\VMBuilds\Arduino_wifi\mkrwifi1010\Debug/core.a(USBCore.cpp.o)
                0x00004920                USBDeviceClass::sendDescriptor(USBSetup&)
 .text._ZN14USBDeviceClass7sendZlpEm
                0x00004a00       0x18 C:\Users\phili\AppData\Local\Temp\VMBuilds\Arduino_wifi\mkrwifi1010\Debug/core.a(USBCore.cpp.o)
                0x00004a00                USBDeviceClass::sendZlp(unsigned long)
 .text._ZN14USBDeviceClass19handleStandardSetupER8USBSetup
                0x00004a18       0xf0 C:\Users\phili\AppData\Local\Temp\VMBuilds\Arduino_wifi\mkrwifi1010\Debug/core.a(USBCore.cpp.o)
                0x00004a18                USBDeviceClass::handleStandardSetup(USBSetup&)
 .text._ZN14USBDeviceClass10ISRHandlerEv
                0x00004b08      0x108 C:\Users\phili\AppData\Local\Temp\VMBuilds\Arduino_wifi\mkrwifi1010\Debug/core.a(USBCore.cpp.o)
                0x00004b08                USBDeviceClass::ISRHandler()
 .text.UDD_Handler
                0x00004c10       0x10 C:\Users\phili\AppData\Local\Temp\VMBuilds\Arduino_wifi\mkrwifi1010\Debug/core.a(USBCore.cpp.o)
                0x00004c10                UDD_Handler
 .text.startup._GLOBAL__sub_I_usbd
                0x00004c20       0x10 C:\Users\phili\AppData\Local\Temp\VMBuilds\Arduino_wifi\mkrwifi1010\Debug/core.a(USBCore.cpp.o)
 .text._Znwj    0x00004c30        0x8 C:\Users\phili\AppData\Local\Temp\VMBuilds\Arduino_wifi\mkrwifi1010\Debug/core.a(new.cpp.o)
                0x00004c30                operator new(unsigned int)
 .text._ZdlPv   0x00004c38        0x8 C:\Users\phili\AppData\Local\Temp\VMBuilds\Arduino_wifi\mkrwifi1010\Debug/core.a(new.cpp.o)
                0x00004c38                operator delete(void*)
 .text          0x00004c40       0x14 c:/users/phili/appdata/local/arduino15/packages/arduino/tools/arm-none-eabi-gcc/7-2017q4/bin/../lib/gcc/arm-none-eabi/7.2.1/thumb/v6-m\libgcc.a(_thumb1_case_uqi.o)
                0x00004c40                __gnu_thumb1_case_uqi
 .text          0x00004c54      0x114 c:/users/phili/appdata/local/arduino15/packages/arduino/tools/arm-none-eabi-gcc/7-2017q4/bin/../lib/gcc/arm-none-eabi/7.2.1/thumb/v6-m\libgcc.a(_udivsi3.o)
                0x00004c54                __aeabi_uidiv
                0x00004c54                __udivsi3
                0x00004d60                __aeabi_uidivmod
 .text          0x00004d68        0x4 c:/users/phili/appdata/local/arduino15/packages/arduino/tools/arm-none-eabi-gcc/7-2017q4/bin/../lib/gcc/arm-none-eabi/7.2.1/thumb/v6-m\libgcc.a(_dvmd_tls.o)
                0x00004d68                __aeabi_idiv0
                0x00004d68                __aeabi_ldiv0
 .text.atoi     0x00004d6c        0xc c:/users/phili/appdata/local/arduino15/packages/arduino/tools/arm-none-eabi-gcc/7-2017q4/bin/../lib/gcc/arm-none-eabi/7.2.1/../../../../arm-none-eabi/lib/thumb/v6-m\libc_nano.a(lib_a-atoi.o)
                0x00004d6c                atoi
 .text.__libc_init_array
                0x00004d78       0x48 c:/users/phili/appdata/local/arduino15/packages/arduino/tools/arm-none-eabi-gcc/7-2017q4/bin/../lib/gcc/arm-none-eabi/7.2.1/../../../../arm-none-eabi/lib/thumb/v6-m\libc_nano.a(lib_a-init.o)
                0x00004d78                __libc_init_array
 .text.__locale_ctype_ptr_l
                0x00004dc0        0x6 c:/users/phili/appdata/local/arduino15/packages/arduino/tools/arm-none-eabi-gcc/7-2017q4/bin/../lib/gcc/arm-none-eabi/7.2.1/../../../../arm-none-eabi/lib/thumb/v6-m\libc_nano.a(lib_a-locale.o)
                0x00004dc0                __locale_ctype_ptr_l
 *fill*         0x00004dc6        0x2 
 .text.malloc   0x00004dc8       0x14 c:/users/phili/appdata/local/arduino15/packages/arduino/tools/arm-none-eabi-gcc/7-2017q4/bin/../lib/gcc/arm-none-eabi/7.2.1/../../../../arm-none-eabi/lib/thumb/v6-m\libc_nano.a(lib_a-malloc.o)
                0x00004dc8                malloc
 .text.free     0x00004ddc       0x14 c:/users/phili/appdata/local/arduino15/packages/arduino/tools/arm-none-eabi-gcc/7-2017q4/bin/../lib/gcc/arm-none-eabi/7.2.1/../../../../arm-none-eabi/lib/thumb/v6-m\libc_nano.a(lib_a-malloc.o)
                0x00004ddc                free
 .text.__ascii_mbtowc
                0x00004df0       0x24 c:/users/phili/appdata/local/arduino15/packages/arduino/tools/arm-none-eabi-gcc/7-2017q4/bin/../lib/gcc/arm-none-eabi/7.2.1/../../../../arm-none-eabi/lib/thumb/v6-m\libc_nano.a(lib_a-mbtowc_r.o)
                0x00004df0                __ascii_mbtowc
 .text.memcpy   0x00004e14       0x12 c:/users/phili/appdata/local/arduino15/packages/arduino/tools/arm-none-eabi-gcc/7-2017q4/bin/../lib/gcc/arm-none-eabi/7.2.1/../../../../arm-none-eabi/lib/thumb/v6-m\libc_nano.a(lib_a-memcpy-stub.o)
                0x00004e14                memcpy
 .text.memset   0x00004e26       0x10 c:/users/phili/appdata/local/arduino15/packages/arduino/tools/arm-none-eabi-gcc/7-2017q4/bin/../lib/gcc/arm-none-eabi/7.2.1/../../../../arm-none-eabi/lib/thumb/v6-m\libc_nano.a(lib_a-memset.o)
                0x00004e26                memset
 *fill*         0x00004e36        0x2 
 .text._free_r  0x00004e38       0x94 c:/users/phili/appdata/local/arduino15/packages/arduino/tools/arm-none-eabi-gcc/7-2017q4/bin/../lib/gcc/arm-none-eabi/7.2.1/../../../../arm-none-eabi/lib/thumb/v6-m\libc_nano.a(lib_a-nano-freer.o)
                0x00004e38                _free_r
 .text._malloc_r
                0x00004ecc       0xbc c:/users/phili/appdata/local/arduino15/packages/arduino/tools/arm-none-eabi-gcc/7-2017q4/bin/../lib/gcc/arm-none-eabi/7.2.1/../../../../arm-none-eabi/lib/thumb/v6-m\libc_nano.a(lib_a-nano-mallocr.o)
                0x00004ecc                _malloc_r
 .text._sbrk_r  0x00004f88       0x24 c:/users/phili/appdata/local/arduino15/packages/arduino/tools/arm-none-eabi-gcc/7-2017q4/bin/../lib/gcc/arm-none-eabi/7.2.1/../../../../arm-none-eabi/lib/thumb/v6-m\libc_nano.a(lib_a-sbrkr.o)
                0x00004f88                _sbrk_r
 .text          0x00004fac        0xe c:/users/phili/appdata/local/arduino15/packages/arduino/tools/arm-none-eabi-gcc/7-2017q4/bin/../lib/gcc/arm-none-eabi/7.2.1/../../../../arm-none-eabi/lib/thumb/v6-m\libc_nano.a(lib_a-strlen.o)
                0x00004fac                strlen
 *fill*         0x00004fba        0x2 
 .text._strtol_l.isra.0
                0x00004fbc      0x104 c:/users/phili/appdata/local/arduino15/packages/arduino/tools/arm-none-eabi-gcc/7-2017q4/bin/../lib/gcc/arm-none-eabi/7.2.1/../../../../arm-none-eabi/lib/thumb/v6-m\libc_nano.a(lib_a-strtol.o)
 .text.strtol   0x000050c0       0x28 c:/users/phili/appdata/local/arduino15/packages/arduino/tools/arm-none-eabi-gcc/7-2017q4/bin/../lib/gcc/arm-none-eabi/7.2.1/../../../../arm-none-eabi/lib/thumb/v6-m\libc_nano.a(lib_a-strtol.o)
                0x000050c0                strtol
 .text.__ascii_wctomb
                0x000050e8       0x18 c:/users/phili/appdata/local/arduino15/packages/arduino/tools/arm-none-eabi-gcc/7-2017q4/bin/../lib/gcc/arm-none-eabi/7.2.1/../../../../arm-none-eabi/lib/thumb/v6-m\libc_nano.a(lib_a-wctomb_r.o)
                0x000050e8                __ascii_wctomb
 .text.__malloc_lock
                0x00005100        0x2 c:/users/phili/appdata/local/arduino15/packages/arduino/tools/arm-none-eabi-gcc/7-2017q4/bin/../lib/gcc/arm-none-eabi/7.2.1/../../../../arm-none-eabi/lib/thumb/v6-m\libc_nano.a(lib_a-mlock.o)
                0x00005100                __malloc_lock
 .text.__malloc_unlock
                0x00005102        0x2 c:/users/phili/appdata/local/arduino15/packages/arduino/tools/arm-none-eabi-gcc/7-2017q4/bin/../lib/gcc/arm-none-eabi/7.2.1/../../../../arm-none-eabi/lib/thumb/v6-m\libc_nano.a(lib_a-mlock.o)
                0x00005102                __malloc_unlock
 .text._sbrk    0x00005104       0x1c c:/users/phili/appdata/local/arduino15/packages/arduino/tools/arm-none-eabi-gcc/7-2017q4/bin/../lib/gcc/arm-none-eabi/7.2.1/../../../../arm-none-eabi/lib/thumb/v6-m\libnosys.a(sbrk.o)
                0x00005104                _sbrk
 *(.init)
 .init          0x00005120        0x4 c:/users/phili/appdata/local/arduino15/packages/arduino/tools/arm-none-eabi-gcc/7-2017q4/bin/../lib/gcc/arm-none-eabi/7.2.1/thumb/v6-m/crti.o
                0x00005120                _init
 .init          0x00005124        0x8 c:/users/phili/appdata/local/arduino15/packages/arduino/tools/arm-none-eabi-gcc/7-2017q4/bin/../lib/gcc/arm-none-eabi/7.2.1/thumb/v6-m/crtn.o
 *(.fini)
 .fini          0x0000512c        0x4 c:/users/phili/appdata/local/arduino15/packages/arduino/tools/arm-none-eabi-gcc/7-2017q4/bin/../lib/gcc/arm-none-eabi/7.2.1/thumb/v6-m/crti.o
                0x0000512c                _fini
 .fini          0x00005130        0x8 c:/users/phili/appdata/local/arduino15/packages/arduino/tools/arm-none-eabi-gcc/7-2017q4/bin/../lib/gcc/arm-none-eabi/7.2.1/thumb/v6-m/crtn.o
 *crtbegin.o(.ctors)
 *crtbegin?.o(.ctors)
 *(EXCLUDE_FILE(*crtend.o *crtend?.o) .ctors)
 *(SORT_BY_NAME(.ctors.*))
 *(.ctors)
 *crtbegin.o(.dtors)
 *crtbegin?.o(.dtors)
 *(EXCLUDE_FILE(*crtend.o *crtend?.o) .dtors)
 *(SORT_BY_NAME(.dtors.*))
 *(.dtors)
 *(.rodata*)
 .rodata.loop.str1.1
                0x00005138        0x6 Arduino_wifi.cpp.o
 .rodata.setup.str1.1
                0x0000513e       0x21 Arduino_wifi.cpp.o
 .rodata._ZN16VisualMicroDebug16sendContinuedACKEh.str1.1
                0x0000515f        0xe VM_DBG\VM_DBG.cpp.o
 .rodata._ZN16VisualMicroDebug20OnBreakPointPrintEndEv.str1.1
                0x0000516d        0x7 VM_DBG\VM_DBG.cpp.o
 .rodata._ZN16VisualMicroDebug22OnBreakPointPrintBeginEh.str1.1
                0x00005174        0xb VM_DBG\VM_DBG.cpp.o
                                  0xd (size before relaxing)
 *fill*         0x0000517f        0x1 
 .rodata.g_APinDescription
                0x00005180      0x360 C:\Users\phili\AppData\Local\Temp\VMBCore\arduino16x\b6f4ea0910707731418074fd80607571\variant\variant.cpp.o
                0x00005180                g_APinDescription
 .rodata._ZN5Print7printlnEv.str1.1
                0x000054e0        0x3 C:\Users\phili\AppData\Local\Temp\VMBuilds\Arduino_wifi\mkrwifi1010\Debug/core.a(Print.cpp.o)
 *fill*         0x000054e3        0x1 
 .rodata._ZTV4Uart
                0x000054e4       0x34 C:\Users\phili\AppData\Local\Temp\VMBuilds\Arduino_wifi\mkrwifi1010\Debug/core.a(Uart.cpp.o)
                0x000054e4                vtable for Uart
 .rodata._ZTV7Serial_
                0x00005518       0x58 C:\Users\phili\AppData\Local\Temp\VMBuilds\Arduino_wifi\mkrwifi1010\Debug/core.a(CDC.cpp.o)
                0x00005518                vtable for Serial_
 .rodata._ZTV26DoubleBufferedEPOutHandler
                0x00005570       0x24 C:\Users\phili\AppData\Local\Temp\VMBuilds\Arduino_wifi\mkrwifi1010\Debug/core.a(USBCore.cpp.o)
                0x00005570                vtable for DoubleBufferedEPOutHandler
 .rodata._ZL14STRING_PRODUCT
                0x00005594       0x16 C:\Users\phili\AppData\Local\Temp\VMBuilds\Arduino_wifi\mkrwifi1010\Debug/core.a(USBCore.cpp.o)
 .rodata._ZL15STRING_LANGUAGE
                0x000055aa        0x4 C:\Users\phili\AppData\Local\Temp\VMBuilds\Arduino_wifi\mkrwifi1010\Debug/core.a(USBCore.cpp.o)
 .rodata._ZL19STRING_MANUFACTURER
                0x000055ae        0xc C:\Users\phili\AppData\Local\Temp\VMBuilds\Arduino_wifi\mkrwifi1010\Debug/core.a(USBCore.cpp.o)
 .rodata._ZL21USB_DeviceDescriptorB
                0x000055ba       0x12 C:\Users\phili\AppData\Local\Temp\VMBuilds\Arduino_wifi\mkrwifi1010\Debug/core.a(USBCore.cpp.o)
 .rodata._setlocale_r.str1.1
                0x000055cc        0x6 c:/users/phili/appdata/local/arduino15/packages/arduino/tools/arm-none-eabi-gcc/7-2017q4/bin/../lib/gcc/arm-none-eabi/7.2.1/../../../../arm-none-eabi/lib/thumb/v6-m\libc_nano.a(lib_a-locale.o)
                                  0x9 (size before relaxing)
 .rodata.str1.1
                0x000055d2        0x2 c:/users/phili/appdata/local/arduino15/packages/arduino/tools/arm-none-eabi-gcc/7-2017q4/bin/../lib/gcc/arm-none-eabi/7.2.1/../../../../arm-none-eabi/lib/thumb/v6-m\libc_nano.a(lib_a-locale.o)
 .rodata._ctype_
                0x000055d4      0x101 c:/users/phili/appdata/local/arduino15/packages/arduino/tools/arm-none-eabi-gcc/7-2017q4/bin/../lib/gcc/arm-none-eabi/7.2.1/../../../../arm-none-eabi/lib/thumb/v6-m\libc_nano.a(lib_a-ctype_.o)
                0x000055d4                _ctype_
 *(.eh_frame*)
 *fill*         0x000056d5        0x3 
 .eh_frame      0x000056d8        0x0 c:/users/phili/appdata/local/arduino15/packages/arduino/tools/arm-none-eabi-gcc/7-2017q4/bin/../lib/gcc/arm-none-eabi/7.2.1/thumb/v6-m/crtbegin.o
 .eh_frame      0x000056d8        0x4 c:/users/phili/appdata/local/arduino15/packages/arduino/tools/arm-none-eabi-gcc/7-2017q4/bin/../lib/gcc/arm-none-eabi/7.2.1/thumb/v6-m/crtend.o

.glue_7         0x000056dc        0x0
 .glue_7        0x000056dc        0x0 linker stubs

.glue_7t        0x000056dc        0x0
 .glue_7t       0x000056dc        0x0 linker stubs

.vfp11_veneer   0x000056dc        0x0
 .vfp11_veneer  0x000056dc        0x0 linker stubs

.v4_bx          0x000056dc        0x0
 .v4_bx         0x000056dc        0x0 linker stubs

.iplt           0x000056dc        0x0
 .iplt          0x000056dc        0x0 c:/users/phili/appdata/local/arduino15/packages/arduino/tools/arm-none-eabi-gcc/7-2017q4/bin/../lib/gcc/arm-none-eabi/7.2.1/thumb/v6-m/crtbegin.o

.rel.dyn        0x000056dc        0x0
 .rel.iplt      0x000056dc        0x0 c:/users/phili/appdata/local/arduino15/packages/arduino/tools/arm-none-eabi-gcc/7-2017q4/bin/../lib/gcc/arm-none-eabi/7.2.1/thumb/v6-m/crtbegin.o

.ARM.extab
 *(.ARM.extab* .gnu.linkonce.armextab.*)
                0x000056dc                __exidx_start = .

.ARM.exidx
 *(.ARM.exidx* .gnu.linkonce.armexidx.*)
                0x000056dc                __exidx_end = .
                0x000056dc                __etext = .

.data           0x20000000      0x210 load address 0x000056dc
                0x20000000                __data_start__ = .
 *(vtable)
 *(.data*)
 .data.SystemCoreClock
                0x20000000        0x4 C:\Users\phili\AppData\Local\Temp\VMBuilds\Arduino_wifi\mkrwifi1010\Debug/core.a(wiring.c.o)
                0x20000000                SystemCoreClock
 .data._ADCResolution
                0x20000004        0x4 C:\Users\phili\AppData\Local\Temp\VMBuilds\Arduino_wifi\mkrwifi1010\Debug/core.a(wiring_analog.c.o)
 .data._readResolution
                0x20000008        0x4 C:\Users\phili\AppData\Local\Temp\VMBuilds\Arduino_wifi\mkrwifi1010\Debug/core.a(wiring_analog.c.o)
 .data._ZL5ticks
                0x2000000c        0x4 C:\Users\phili\AppData\Local\Temp\VMBuilds\Arduino_wifi\mkrwifi1010\Debug/core.a(Reset.cpp.o)
 .data._ZL10breakValue
                0x20000010        0x4 C:\Users\phili\AppData\Local\Temp\VMBuilds\Arduino_wifi\mkrwifi1010\Debug/core.a(CDC.cpp.o)
 .data._ZL12_usbLineInfo
                0x20000014        0x8 C:\Users\phili\AppData\Local\Temp\VMBuilds\Arduino_wifi\mkrwifi1010\Debug/core.a(CDC.cpp.o)
 .data._serialPeek
                0x2000001c        0x4 C:\Users\phili\AppData\Local\Temp\VMBuilds\Arduino_wifi\mkrwifi1010\Debug/core.a(CDC.cpp.o)
                0x2000001c                _serialPeek
 .data._impure_ptr
                0x20000020        0x4 c:/users/phili/appdata/local/arduino15/packages/arduino/tools/arm-none-eabi-gcc/7-2017q4/bin/../lib/gcc/arm-none-eabi/7.2.1/../../../../arm-none-eabi/lib/thumb/v6-m\libc_nano.a(lib_a-impure.o)
                0x20000020                _impure_ptr
 .data.impure_data
                0x20000024       0x60 c:/users/phili/appdata/local/arduino15/packages/arduino/tools/arm-none-eabi-gcc/7-2017q4/bin/../lib/gcc/arm-none-eabi/7.2.1/../../../../arm-none-eabi/lib/thumb/v6-m\libc_nano.a(lib_a-impure.o)
 .data.__global_locale
                0x20000084      0x16c c:/users/phili/appdata/local/arduino15/packages/arduino/tools/arm-none-eabi-gcc/7-2017q4/bin/../lib/gcc/arm-none-eabi/7.2.1/../../../../arm-none-eabi/lib/thumb/v6-m\libc_nano.a(lib_a-locale.o)
                0x20000084                __global_locale
                0x200001f0                . = ALIGN (0x4)
                0x200001f0                PROVIDE (__preinit_array_start, .)
 *(.preinit_array)
                0x200001f0                PROVIDE (__preinit_array_end, .)
                0x200001f0                . = ALIGN (0x4)
                0x200001f0                PROVIDE (__init_array_start, .)
 *(SORT_BY_NAME(.init_array.*))
 *(.init_array)
 .init_array    0x200001f0        0x4 c:/users/phili/appdata/local/arduino15/packages/arduino/tools/arm-none-eabi-gcc/7-2017q4/bin/../lib/gcc/arm-none-eabi/7.2.1/thumb/v6-m/crtbegin.o
 .init_array    0x200001f4        0x4 VM_DBG\VM_DBG.cpp.o
 .init_array    0x200001f8        0x4 C:\Users\phili\AppData\Local\Temp\VMBCore\arduino16x\b6f4ea0910707731418074fd80607571\variant\variant.cpp.o
 .init_array    0x200001fc        0x4 C:\Users\phili\AppData\Local\Temp\VMBuilds\Arduino_wifi\mkrwifi1010\Debug/core.a(CDC.cpp.o)
 .init_array    0x20000200        0x4 C:\Users\phili\AppData\Local\Temp\VMBuilds\Arduino_wifi\mkrwifi1010\Debug/core.a(USBCore.cpp.o)
                0x20000204                PROVIDE (__init_array_end, .)
                0x20000204                . = ALIGN (0x4)
                [!provide]                PROVIDE (__fini_array_start, .)
 *(SORT_BY_NAME(.fini_array.*))
 *(.fini_array)
 .fini_array    0x20000204        0x4 c:/users/phili/appdata/local/arduino15/packages/arduino/tools/arm-none-eabi-gcc/7-2017q4/bin/../lib/gcc/arm-none-eabi/7.2.1/thumb/v6-m/crtbegin.o
                [!provide]                PROVIDE (__fini_array_end, .)
 *(.jcr*)
                0x20000210                . = ALIGN (0x10)
 *fill*         0x20000208        0x8 
                0x20000210                __data_end__ = .

.igot.plt       0x20000210        0x0 load address 0x000058ec
 .igot.plt      0x20000210        0x0 c:/users/phili/appdata/local/arduino15/packages/arduino/tools/arm-none-eabi-gcc/7-2017q4/bin/../lib/gcc/arm-none-eabi/7.2.1/thumb/v6-m/crtbegin.o

.bss            0x20000210      0xb38 load address 0x000058ec
                0x20000210                . = ALIGN (0x4)
                0x20000210                __bss_start__ = .
 *(.bss*)
 .bss           0x20000210       0x1c c:/users/phili/appdata/local/arduino15/packages/arduino/tools/arm-none-eabi-gcc/7-2017q4/bin/../lib/gcc/arm-none-eabi/7.2.1/thumb/v6-m/crtbegin.o
 .bss.__VisualMicro_DEBUG_1_GLastMillis__
                0x2000022c        0x4 Arduino_wifi.cpp.o
                0x2000022c                __VisualMicro_DEBUG_1_GLastMillis__
 .bss.__VisualMicro_DEBUG_1_HITCOUNTER__
                0x20000230        0x4 Arduino_wifi.cpp.o
                0x20000230                __VisualMicro_DEBUG_1_HITCOUNTER__
 .bss.MicroDebug
                0x20000234       0x48 VM_DBG\VM_DBG.cpp.o
                0x20000234                MicroDebug
 .bss.Serial1   0x2000027c      0x23c C:\Users\phili\AppData\Local\Temp\VMBCore\arduino16x\b6f4ea0910707731418074fd80607571\variant\variant.cpp.o
                0x2000027c                Serial1
 .bss.Serial2   0x200004b8      0x23c C:\Users\phili\AppData\Local\Temp\VMBCore\arduino16x\b6f4ea0910707731418074fd80607571\variant\variant.cpp.o
                0x200004b8                Serial2
 .bss.sercom0   0x200006f4        0x4 C:\Users\phili\AppData\Local\Temp\VMBCore\arduino16x\b6f4ea0910707731418074fd80607571\variant\variant.cpp.o
                0x200006f4                sercom0
 .bss.sercom1   0x200006f8        0x4 C:\Users\phili\AppData\Local\Temp\VMBCore\arduino16x\b6f4ea0910707731418074fd80607571\variant\variant.cpp.o
                0x200006f8                sercom1
 .bss.sercom2   0x200006fc        0x4 C:\Users\phili\AppData\Local\Temp\VMBCore\arduino16x\b6f4ea0910707731418074fd80607571\variant\variant.cpp.o
                0x200006fc                sercom2
 .bss.sercom3   0x20000700        0x4 C:\Users\phili\AppData\Local\Temp\VMBCore\arduino16x\b6f4ea0910707731418074fd80607571\variant\variant.cpp.o
                0x20000700                sercom3
 .bss.sercom4   0x20000704        0x4 C:\Users\phili\AppData\Local\Temp\VMBCore\arduino16x\b6f4ea0910707731418074fd80607571\variant\variant.cpp.o
                0x20000704                sercom4
 .bss.sercom5   0x20000708        0x4 C:\Users\phili\AppData\Local\Temp\VMBCore\arduino16x\b6f4ea0910707731418074fd80607571\variant\variant.cpp.o
                0x20000708                sercom5
 .bss.usb_isr   0x2000070c        0x4 C:\Users\phili\AppData\Local\Temp\VMBuilds\Arduino_wifi\mkrwifi1010\Debug/core.a(cortex_handlers.c.o)
 .bss._ulTickCount
                0x20000710        0x4 C:\Users\phili\AppData\Local\Temp\VMBuilds\Arduino_wifi\mkrwifi1010\Debug/core.a(delay.c.o)
 .bss.SerialUSB
                0x20000714       0x34 C:\Users\phili\AppData\Local\Temp\VMBuilds\Arduino_wifi\mkrwifi1010\Debug/core.a(CDC.cpp.o)
                0x20000714                SerialUSB
 .bss._ZGVZ12PluggableUSBvE3obj
                0x20000748        0x4 C:\Users\phili\AppData\Local\Temp\VMBuilds\Arduino_wifi\mkrwifi1010\Debug/core.a(PluggableUSB.cpp.o)
 .bss._ZZ12PluggableUSBvE3obj
                0x2000074c        0x8 C:\Users\phili\AppData\Local\Temp\VMBuilds\Arduino_wifi\mkrwifi1010\Debug/core.a(PluggableUSB.cpp.o)
 .bss.EndPoints
                0x20000754       0x28 C:\Users\phili\AppData\Local\Temp\VMBuilds\Arduino_wifi\mkrwifi1010\Debug/core.a(USBCore.cpp.o)
                0x20000754                EndPoints
 .bss.USBDevice
                0x2000077c        0x1 C:\Users\phili\AppData\Local\Temp\VMBuilds\Arduino_wifi\mkrwifi1010\Debug/core.a(USBCore.cpp.o)
                0x2000077c                USBDevice
 *fill*         0x2000077d        0x3 
 .bss._ZL10epHandlers
                0x20000780       0x1c C:\Users\phili\AppData\Local\Temp\VMBuilds\Arduino_wifi\mkrwifi1010\Debug/core.a(USBCore.cpp.o)
 .bss._ZL14isEndpointHalt
                0x2000079c        0x1 C:\Users\phili\AppData\Local\Temp\VMBuilds\Arduino_wifi\mkrwifi1010\Debug/core.a(USBCore.cpp.o)
 .bss._ZL20LastTransmitTimedOut
                0x2000079d        0x7 C:\Users\phili\AppData\Local\Temp\VMBuilds\Arduino_wifi\mkrwifi1010\Debug/core.a(USBCore.cpp.o)
 .bss._ZL21isRemoteWakeUpEnabled
                0x200007a4        0x1 C:\Users\phili\AppData\Local\Temp\VMBuilds\Arduino_wifi\mkrwifi1010\Debug/core.a(USBCore.cpp.o)
 *fill*         0x200007a5        0x3 
 .bss._ZL22udd_ep_in_cache_buffer
                0x200007a8      0x1c0 C:\Users\phili\AppData\Local\Temp\VMBuilds\Arduino_wifi\mkrwifi1010\Debug/core.a(USBCore.cpp.o)
 .bss._ZL23udd_ep_out_cache_buffer
                0x20000968      0x1c0 C:\Users\phili\AppData\Local\Temp\VMBuilds\Arduino_wifi\mkrwifi1010\Debug/core.a(USBCore.cpp.o)
 .bss._dry_run  0x20000b28        0x1 C:\Users\phili\AppData\Local\Temp\VMBuilds\Arduino_wifi\mkrwifi1010\Debug/core.a(USBCore.cpp.o)
                0x20000b28                _dry_run
 .bss._pack_buffer
                0x20000b29      0x100 C:\Users\phili\AppData\Local\Temp\VMBuilds\Arduino_wifi\mkrwifi1010\Debug/core.a(USBCore.cpp.o)
                0x20000b29                _pack_buffer
 .bss._pack_message
                0x20000c29        0x1 C:\Users\phili\AppData\Local\Temp\VMBuilds\Arduino_wifi\mkrwifi1010\Debug/core.a(USBCore.cpp.o)
                0x20000c29                _pack_message
 .bss._pack_size
                0x20000c2a        0x2 C:\Users\phili\AppData\Local\Temp\VMBuilds\Arduino_wifi\mkrwifi1010\Debug/core.a(USBCore.cpp.o)
                0x20000c2a                _pack_size
 .bss._usbConfiguration
                0x20000c2c        0x4 C:\Users\phili\AppData\Local\Temp\VMBuilds\Arduino_wifi\mkrwifi1010\Debug/core.a(USBCore.cpp.o)
                0x20000c2c                _usbConfiguration
 .bss._usbSetInterface
                0x20000c30        0x4 C:\Users\phili\AppData\Local\Temp\VMBuilds\Arduino_wifi\mkrwifi1010\Debug/core.a(USBCore.cpp.o)
                0x20000c30                _usbSetInterface
 .bss.usbd      0x20000c34      0x104 C:\Users\phili\AppData\Local\Temp\VMBuilds\Arduino_wifi\mkrwifi1010\Debug/core.a(USBCore.cpp.o)
                0x20000c34                usbd
 .bss.__malloc_free_list
                0x20000d38        0x4 c:/users/phili/appdata/local/arduino15/packages/arduino/tools/arm-none-eabi-gcc/7-2017q4/bin/../lib/gcc/arm-none-eabi/7.2.1/../../../../arm-none-eabi/lib/thumb/v6-m\libc_nano.a(lib_a-nano-mallocr.o)
                0x20000d38                __malloc_free_list
 .bss.__malloc_sbrk_start
                0x20000d3c        0x4 c:/users/phili/appdata/local/arduino15/packages/arduino/tools/arm-none-eabi-gcc/7-2017q4/bin/../lib/gcc/arm-none-eabi/7.2.1/../../../../arm-none-eabi/lib/thumb/v6-m\libc_nano.a(lib_a-nano-mallocr.o)
                0x20000d3c                __malloc_sbrk_start
 .bss.heap_end.4102
                0x20000d40        0x4 c:/users/phili/appdata/local/arduino15/packages/arduino/tools/arm-none-eabi-gcc/7-2017q4/bin/../lib/gcc/arm-none-eabi/7.2.1/../../../../arm-none-eabi/lib/thumb/v6-m\libnosys.a(sbrk.o)
 *(COMMON)
 COMMON         0x20000d44        0x4 c:/users/phili/appdata/local/arduino15/packages/arduino/tools/arm-none-eabi-gcc/7-2017q4/bin/../lib/gcc/arm-none-eabi/7.2.1/../../../../arm-none-eabi/lib/thumb/v6-m\libc_nano.a(lib_a-reent.o)
                0x20000d44                errno
                0x20000d48                . = ALIGN (0x4)
                0x20000d48                __bss_end__ = .

.heap           0x20000d48        0x0
                0x20000d48                __end__ = .
                0x20000d48                PROVIDE (end, .)
 *(.heap*)
                0x20000d48                __HeapLimit = .

.stack_dummy    0x20000d48        0x0
 *(.stack*)
                0x20008000                __StackTop = (ORIGIN (RAM) + LENGTH (RAM))
                0x20008000                __StackLimit = (__StackTop - SIZEOF (.stack_dummy))
                0x20008000                PROVIDE (__stack, __StackTop)
                0x20007fff                __ram_end__ = ((ORIGIN (RAM) + LENGTH (RAM)) - 0x1)
                0x00000001                ASSERT ((__StackLimit >= __HeapLimit), region RAM overflowed with stack)
OUTPUT(C:\Users\phili\AppData\Local\Temp\VMBuilds\Arduino_wifi\mkrwifi1010\Debug/Arduino_wifi.ino.elf elf32-littlearm)

.ARM.attributes
                0x00000000       0x28
 .ARM.attributes
                0x00000000       0x1e c:/users/phili/appdata/local/arduino15/packages/arduino/tools/arm-none-eabi-gcc/7-2017q4/bin/../lib/gcc/arm-none-eabi/7.2.1/thumb/v6-m/crti.o
 .ARM.attributes
                0x0000001e       0x2c c:/users/phili/appdata/local/arduino15/packages/arduino/tools/arm-none-eabi-gcc/7-2017q4/bin/../lib/gcc/arm-none-eabi/7.2.1/thumb/v6-m/crtbegin.o
 .ARM.attributes
                0x0000004a       0x32 Arduino_wifi.cpp.o
 .ARM.attributes
                0x0000007c       0x32 VM_DBG\VM_DBG.cpp.o
 .ARM.attributes
                0x000000ae       0x32 C:\Users\phili\AppData\Local\Temp\VMBCore\arduino16x\b6f4ea0910707731418074fd80607571\variant\variant.cpp.o
 .ARM.attributes
                0x000000e0       0x32 C:\Users\phili\AppData\Local\Temp\VMBuilds\Arduino_wifi\mkrwifi1010\Debug/core.a(cortex_handlers.c.o)
 .ARM.attributes
                0x00000112       0x32 C:\Users\phili\AppData\Local\Temp\VMBuilds\Arduino_wifi\mkrwifi1010\Debug/core.a(delay.c.o)
 .ARM.attributes
                0x00000144       0x32 C:\Users\phili\AppData\Local\Temp\VMBuilds\Arduino_wifi\mkrwifi1010\Debug/core.a(hooks.c.o)
 .ARM.attributes
                0x00000176       0x32 C:\Users\phili\AppData\Local\Temp\VMBuilds\Arduino_wifi\mkrwifi1010\Debug/core.a(startup.c.o)
 .ARM.attributes
                0x000001a8       0x32 C:\Users\phili\AppData\Local\Temp\VMBuilds\Arduino_wifi\mkrwifi1010\Debug/core.a(wiring.c.o)
 .ARM.attributes
                0x000001da       0x32 C:\Users\phili\AppData\Local\Temp\VMBuilds\Arduino_wifi\mkrwifi1010\Debug/core.a(wiring_analog.c.o)
 .ARM.attributes
                0x0000020c       0x32 C:\Users\phili\AppData\Local\Temp\VMBuilds\Arduino_wifi\mkrwifi1010\Debug/core.a(wiring_digital.c.o)
 .ARM.attributes
                0x0000023e       0x32 C:\Users\phili\AppData\Local\Temp\VMBuilds\Arduino_wifi\mkrwifi1010\Debug/core.a(wiring_private.c.o)
 .ARM.attributes
                0x00000270       0x32 C:\Users\phili\AppData\Local\Temp\VMBuilds\Arduino_wifi\mkrwifi1010\Debug/core.a(main.cpp.o)
 .ARM.attributes
                0x000002a2       0x32 C:\Users\phili\AppData\Local\Temp\VMBuilds\Arduino_wifi\mkrwifi1010\Debug/core.a(Print.cpp.o)
 .ARM.attributes
                0x000002d4       0x32 C:\Users\phili\AppData\Local\Temp\VMBuilds\Arduino_wifi\mkrwifi1010\Debug/core.a(Reset.cpp.o)
 .ARM.attributes
                0x00000306       0x32 C:\Users\phili\AppData\Local\Temp\VMBuilds\Arduino_wifi\mkrwifi1010\Debug/core.a(SERCOM.cpp.o)
 .ARM.attributes
                0x00000338       0x32 C:\Users\phili\AppData\Local\Temp\VMBuilds\Arduino_wifi\mkrwifi1010\Debug/core.a(Uart.cpp.o)
 .ARM.attributes
                0x0000036a       0x32 C:\Users\phili\AppData\Local\Temp\VMBuilds\Arduino_wifi\mkrwifi1010\Debug/core.a(CDC.cpp.o)
 .ARM.attributes
                0x0000039c       0x32 C:\Users\phili\AppData\Local\Temp\VMBuilds\Arduino_wifi\mkrwifi1010\Debug/core.a(PluggableUSB.cpp.o)
 .ARM.attributes
                0x000003ce       0x32 C:\Users\phili\AppData\Local\Temp\VMBuilds\Arduino_wifi\mkrwifi1010\Debug/core.a(USBCore.cpp.o)
 .ARM.attributes
                0x00000400       0x32 C:\Users\phili\AppData\Local\Temp\VMBuilds\Arduino_wifi\mkrwifi1010\Debug/core.a(new.cpp.o)
 .ARM.attributes
                0x00000432       0x1e c:/users/phili/appdata/local/arduino15/packages/arduino/tools/arm-none-eabi-gcc/7-2017q4/bin/../lib/gcc/arm-none-eabi/7.2.1/thumb/v6-m\libgcc.a(_thumb1_case_uqi.o)
 .ARM.attributes
                0x00000450       0x1e c:/users/phili/appdata/local/arduino15/packages/arduino/tools/arm-none-eabi-gcc/7-2017q4/bin/../lib/gcc/arm-none-eabi/7.2.1/thumb/v6-m\libgcc.a(_udivsi3.o)
 .ARM.attributes
                0x0000046e       0x1e c:/users/phili/appdata/local/arduino15/packages/arduino/tools/arm-none-eabi-gcc/7-2017q4/bin/../lib/gcc/arm-none-eabi/7.2.1/thumb/v6-m\libgcc.a(_dvmd_tls.o)
 .ARM.attributes
                0x0000048c       0x2c c:/users/phili/appdata/local/arduino15/packages/arduino/tools/arm-none-eabi-gcc/7-2017q4/bin/../lib/gcc/arm-none-eabi/7.2.1/../../../../arm-none-eabi/lib/thumb/v6-m\libc_nano.a(lib_a-atoi.o)
 .ARM.attributes
                0x000004b8       0x2c c:/users/phili/appdata/local/arduino15/packages/arduino/tools/arm-none-eabi-gcc/7-2017q4/bin/../lib/gcc/arm-none-eabi/7.2.1/../../../../arm-none-eabi/lib/thumb/v6-m\libc_nano.a(lib_a-impure.o)
 .ARM.attributes
                0x000004e4       0x2c c:/users/phili/appdata/local/arduino15/packages/arduino/tools/arm-none-eabi-gcc/7-2017q4/bin/../lib/gcc/arm-none-eabi/7.2.1/../../../../arm-none-eabi/lib/thumb/v6-m\libc_nano.a(lib_a-init.o)
 .ARM.attributes
                0x00000510       0x2c c:/users/phili/appdata/local/arduino15/packages/arduino/tools/arm-none-eabi-gcc/7-2017q4/bin/../lib/gcc/arm-none-eabi/7.2.1/../../../../arm-none-eabi/lib/thumb/v6-m\libc_nano.a(lib_a-locale.o)
 .ARM.attributes
                0x0000053c       0x2c c:/users/phili/appdata/local/arduino15/packages/arduino/tools/arm-none-eabi-gcc/7-2017q4/bin/../lib/gcc/arm-none-eabi/7.2.1/../../../../arm-none-eabi/lib/thumb/v6-m\libc_nano.a(lib_a-malloc.o)
 .ARM.attributes
                0x00000568       0x2c c:/users/phili/appdata/local/arduino15/packages/arduino/tools/arm-none-eabi-gcc/7-2017q4/bin/../lib/gcc/arm-none-eabi/7.2.1/../../../../arm-none-eabi/lib/thumb/v6-m\libc_nano.a(lib_a-mbtowc_r.o)
 .ARM.attributes
                0x00000594       0x2c c:/users/phili/appdata/local/arduino15/packages/arduino/tools/arm-none-eabi-gcc/7-2017q4/bin/../lib/gcc/arm-none-eabi/7.2.1/../../../../arm-none-eabi/lib/thumb/v6-m\libc_nano.a(lib_a-memcpy-stub.o)
 .ARM.attributes
                0x000005c0       0x2c c:/users/phili/appdata/local/arduino15/packages/arduino/tools/arm-none-eabi-gcc/7-2017q4/bin/../lib/gcc/arm-none-eabi/7.2.1/../../../../arm-none-eabi/lib/thumb/v6-m\libc_nano.a(lib_a-memset.o)
 .ARM.attributes
                0x000005ec       0x2c c:/users/phili/appdata/local/arduino15/packages/arduino/tools/arm-none-eabi-gcc/7-2017q4/bin/../lib/gcc/arm-none-eabi/7.2.1/../../../../arm-none-eabi/lib/thumb/v6-m\libc_nano.a(lib_a-nano-freer.o)
 .ARM.attributes
                0x00000618       0x2c c:/users/phili/appdata/local/arduino15/packages/arduino/tools/arm-none-eabi-gcc/7-2017q4/bin/../lib/gcc/arm-none-eabi/7.2.1/../../../../arm-none-eabi/lib/thumb/v6-m\libc_nano.a(lib_a-nano-mallocr.o)
 .ARM.attributes
                0x00000644       0x2c c:/users/phili/appdata/local/arduino15/packages/arduino/tools/arm-none-eabi-gcc/7-2017q4/bin/../lib/gcc/arm-none-eabi/7.2.1/../../../../arm-none-eabi/lib/thumb/v6-m\libc_nano.a(lib_a-sbrkr.o)
 .ARM.attributes
                0x00000670       0x1c c:/users/phili/appdata/local/arduino15/packages/arduino/tools/arm-none-eabi-gcc/7-2017q4/bin/../lib/gcc/arm-none-eabi/7.2.1/../../../../arm-none-eabi/lib/thumb/v6-m\libc_nano.a(lib_a-strlen.o)
 .ARM.attributes
                0x0000068c       0x2c c:/users/phili/appdata/local/arduino15/packages/arduino/tools/arm-none-eabi-gcc/7-2017q4/bin/../lib/gcc/arm-none-eabi/7.2.1/../../../../arm-none-eabi/lib/thumb/v6-m\libc_nano.a(lib_a-strtol.o)
 .ARM.attributes
                0x000006b8       0x2c c:/users/phili/appdata/local/arduino15/packages/arduino/tools/arm-none-eabi-gcc/7-2017q4/bin/../lib/gcc/arm-none-eabi/7.2.1/../../../../arm-none-eabi/lib/thumb/v6-m\libc_nano.a(lib_a-wctomb_r.o)
 .ARM.attributes
                0x000006e4       0x2c c:/users/phili/appdata/local/arduino15/packages/arduino/tools/arm-none-eabi-gcc/7-2017q4/bin/../lib/gcc/arm-none-eabi/7.2.1/../../../../arm-none-eabi/lib/thumb/v6-m\libc_nano.a(lib_a-ctype_.o)
 .ARM.attributes
                0x00000710       0x2c c:/users/phili/appdata/local/arduino15/packages/arduino/tools/arm-none-eabi-gcc/7-2017q4/bin/../lib/gcc/arm-none-eabi/7.2.1/../../../../arm-none-eabi/lib/thumb/v6-m\libc_nano.a(lib_a-mlock.o)
 .ARM.attributes
                0x0000073c       0x2c c:/users/phili/appdata/local/arduino15/packages/arduino/tools/arm-none-eabi-gcc/7-2017q4/bin/../lib/gcc/arm-none-eabi/7.2.1/../../../../arm-none-eabi/lib/thumb/v6-m\libc_nano.a(lib_a-reent.o)
 .ARM.attributes
                0x00000768       0x2c c:/users/phili/appdata/local/arduino15/packages/arduino/tools/arm-none-eabi-gcc/7-2017q4/bin/../lib/gcc/arm-none-eabi/7.2.1/../../../../arm-none-eabi/lib/thumb/v6-m\libnosys.a(sbrk.o)
 .ARM.attributes
                0x00000794       0x2c c:/users/phili/appdata/local/arduino15/packages/arduino/tools/arm-none-eabi-gcc/7-2017q4/bin/../lib/gcc/arm-none-eabi/7.2.1/thumb/v6-m/crtend.o
 .ARM.attributes
                0x000007c0       0x1e c:/users/phili/appdata/local/arduino15/packages/arduino/tools/arm-none-eabi-gcc/7-2017q4/bin/../lib/gcc/arm-none-eabi/7.2.1/thumb/v6-m/crtn.o

.comment        0x00000000       0x7e
 .comment       0x00000000       0x7e Arduino_wifi.cpp.o
                                 0x7f (size before relaxing)
 .comment       0x0000007e       0x7f VM_DBG\VM_DBG.cpp.o
 .comment       0x0000007e       0x7f C:\Users\phili\AppData\Local\Temp\VMBCore\arduino16x\b6f4ea0910707731418074fd80607571\variant\variant.cpp.o
 .comment       0x0000007e       0x7f C:\Users\phili\AppData\Local\Temp\VMBuilds\Arduino_wifi\mkrwifi1010\Debug/core.a(cortex_handlers.c.o)
 .comment       0x0000007e       0x7f C:\Users\phili\AppData\Local\Temp\VMBuilds\Arduino_wifi\mkrwifi1010\Debug/core.a(delay.c.o)
 .comment       0x0000007e       0x7f C:\Users\phili\AppData\Local\Temp\VMBuilds\Arduino_wifi\mkrwifi1010\Debug/core.a(hooks.c.o)
 .comment       0x0000007e       0x7f C:\Users\phili\AppData\Local\Temp\VMBuilds\Arduino_wifi\mkrwifi1010\Debug/core.a(startup.c.o)
 .comment       0x0000007e       0x7f C:\Users\phili\AppData\Local\Temp\VMBuilds\Arduino_wifi\mkrwifi1010\Debug/core.a(wiring.c.o)
 .comment       0x0000007e       0x7f C:\Users\phili\AppData\Local\Temp\VMBuilds\Arduino_wifi\mkrwifi1010\Debug/core.a(wiring_analog.c.o)
 .comment       0x0000007e       0x7f C:\Users\phili\AppData\Local\Temp\VMBuilds\Arduino_wifi\mkrwifi1010\Debug/core.a(wiring_digital.c.o)
 .comment       0x0000007e       0x7f C:\Users\phili\AppData\Local\Temp\VMBuilds\Arduino_wifi\mkrwifi1010\Debug/core.a(wiring_private.c.o)
 .comment       0x0000007e       0x7f C:\Users\phili\AppData\Local\Temp\VMBuilds\Arduino_wifi\mkrwifi1010\Debug/core.a(main.cpp.o)
 .comment       0x0000007e       0x7f C:\Users\phili\AppData\Local\Temp\VMBuilds\Arduino_wifi\mkrwifi1010\Debug/core.a(Print.cpp.o)
 .comment       0x0000007e       0x7f C:\Users\phili\AppData\Local\Temp\VMBuilds\Arduino_wifi\mkrwifi1010\Debug/core.a(Reset.cpp.o)
 .comment       0x0000007e       0x7f C:\Users\phili\AppData\Local\Temp\VMBuilds\Arduino_wifi\mkrwifi1010\Debug/core.a(SERCOM.cpp.o)
 .comment       0x0000007e       0x7f C:\Users\phili\AppData\Local\Temp\VMBuilds\Arduino_wifi\mkrwifi1010\Debug/core.a(Uart.cpp.o)
 .comment       0x0000007e       0x7f C:\Users\phili\AppData\Local\Temp\VMBuilds\Arduino_wifi\mkrwifi1010\Debug/core.a(CDC.cpp.o)
 .comment       0x0000007e       0x7f C:\Users\phili\AppData\Local\Temp\VMBuilds\Arduino_wifi\mkrwifi1010\Debug/core.a(PluggableUSB.cpp.o)
 .comment       0x0000007e       0x7f C:\Users\phili\AppData\Local\Temp\VMBuilds\Arduino_wifi\mkrwifi1010\Debug/core.a(USBCore.cpp.o)
 .comment       0x0000007e       0x7f C:\Users\phili\AppData\Local\Temp\VMBuilds\Arduino_wifi\mkrwifi1010\Debug/core.a(new.cpp.o)

.debug_info     0x00000000    0x5a60e
 .debug_info    0x00000000     0x54dc Arduino_wifi.cpp.o
 .debug_info    0x000054dc     0x66a4 VM_DBG\VM_DBG.cpp.o
 .debug_info    0x0000bb80     0x780b C:\Users\phili\AppData\Local\Temp\VMBCore\arduino16x\b6f4ea0910707731418074fd80607571\variant\variant.cpp.o
 .debug_info    0x0001338b     0x10f5 C:\Users\phili\AppData\Local\Temp\VMBuilds\Arduino_wifi\mkrwifi1010\Debug/core.a(cortex_handlers.c.o)
 .debug_info    0x00014480     0x1389 C:\Users\phili\AppData\Local\Temp\VMBuilds\Arduino_wifi\mkrwifi1010\Debug/core.a(delay.c.o)
 .debug_info    0x00015809       0x64 C:\Users\phili\AppData\Local\Temp\VMBuilds\Arduino_wifi\mkrwifi1010\Debug/core.a(hooks.c.o)
 .debug_info    0x0001586d     0x34b7 C:\Users\phili\AppData\Local\Temp\VMBuilds\Arduino_wifi\mkrwifi1010\Debug/core.a(startup.c.o)
 .debug_info    0x00018d24     0x2d63 C:\Users\phili\AppData\Local\Temp\VMBuilds\Arduino_wifi\mkrwifi1010\Debug/core.a(wiring.c.o)
 .debug_info    0x0001ba87     0x4eef C:\Users\phili\AppData\Local\Temp\VMBuilds\Arduino_wifi\mkrwifi1010\Debug/core.a(wiring_analog.c.o)
 .debug_info    0x00020976     0x17e3 C:\Users\phili\AppData\Local\Temp\VMBuilds\Arduino_wifi\mkrwifi1010\Debug/core.a(wiring_digital.c.o)
 .debug_info    0x00022159     0x17ce C:\Users\phili\AppData\Local\Temp\VMBuilds\Arduino_wifi\mkrwifi1010\Debug/core.a(wiring_private.c.o)
 .debug_info    0x00023927     0x4a6c C:\Users\phili\AppData\Local\Temp\VMBuilds\Arduino_wifi\mkrwifi1010\Debug/core.a(main.cpp.o)
 .debug_info    0x00028393     0x7135 C:\Users\phili\AppData\Local\Temp\VMBuilds\Arduino_wifi\mkrwifi1010\Debug/core.a(Print.cpp.o)
 .debug_info    0x0002f4c8     0x502e C:\Users\phili\AppData\Local\Temp\VMBuilds\Arduino_wifi\mkrwifi1010\Debug/core.a(Reset.cpp.o)
 .debug_info    0x000344f6     0x5f47 C:\Users\phili\AppData\Local\Temp\VMBuilds\Arduino_wifi\mkrwifi1010\Debug/core.a(SERCOM.cpp.o)
 .debug_info    0x0003a43d     0x794d C:\Users\phili\AppData\Local\Temp\VMBuilds\Arduino_wifi\mkrwifi1010\Debug/core.a(Uart.cpp.o)
 .debug_info    0x00041d8a     0x98d8 C:\Users\phili\AppData\Local\Temp\VMBuilds\Arduino_wifi\mkrwifi1010\Debug/core.a(CDC.cpp.o)
 .debug_info    0x0004b662     0x1a87 C:\Users\phili\AppData\Local\Temp\VMBuilds\Arduino_wifi\mkrwifi1010\Debug/core.a(PluggableUSB.cpp.o)
 .debug_info    0x0004d0e9     0xc5ea C:\Users\phili\AppData\Local\Temp\VMBuilds\Arduino_wifi\mkrwifi1010\Debug/core.a(USBCore.cpp.o)
 .debug_info    0x000596d3      0xf3b C:\Users\phili\AppData\Local\Temp\VMBuilds\Arduino_wifi\mkrwifi1010\Debug/core.a(new.cpp.o)

.debug_abbrev   0x00000000     0x6e22
 .debug_abbrev  0x00000000      0x5fb Arduino_wifi.cpp.o
 .debug_abbrev  0x000005fb      0x875 VM_DBG\VM_DBG.cpp.o
 .debug_abbrev  0x00000e70      0x644 C:\Users\phili\AppData\Local\Temp\VMBCore\arduino16x\b6f4ea0910707731418074fd80607571\variant\variant.cpp.o
 .debug_abbrev  0x000014b4      0x29a C:\Users\phili\AppData\Local\Temp\VMBuilds\Arduino_wifi\mkrwifi1010\Debug/core.a(cortex_handlers.c.o)
 .debug_abbrev  0x0000174e      0x304 C:\Users\phili\AppData\Local\Temp\VMBuilds\Arduino_wifi\mkrwifi1010\Debug/core.a(delay.c.o)
 .debug_abbrev  0x00001a52       0x49 C:\Users\phili\AppData\Local\Temp\VMBuilds\Arduino_wifi\mkrwifi1010\Debug/core.a(hooks.c.o)
 .debug_abbrev  0x00001a9b      0x2ac C:\Users\phili\AppData\Local\Temp\VMBuilds\Arduino_wifi\mkrwifi1010\Debug/core.a(startup.c.o)
 .debug_abbrev  0x00001d47      0x3a1 C:\Users\phili\AppData\Local\Temp\VMBuilds\Arduino_wifi\mkrwifi1010\Debug/core.a(wiring.c.o)
 .debug_abbrev  0x000020e8      0x47e C:\Users\phili\AppData\Local\Temp\VMBuilds\Arduino_wifi\mkrwifi1010\Debug/core.a(wiring_analog.c.o)
 .debug_abbrev  0x00002566      0x330 C:\Users\phili\AppData\Local\Temp\VMBuilds\Arduino_wifi\mkrwifi1010\Debug/core.a(wiring_digital.c.o)
 .debug_abbrev  0x00002896      0x31c C:\Users\phili\AppData\Local\Temp\VMBuilds\Arduino_wifi\mkrwifi1010\Debug/core.a(wiring_private.c.o)
 .debug_abbrev  0x00002bb2      0x522 C:\Users\phili\AppData\Local\Temp\VMBuilds\Arduino_wifi\mkrwifi1010\Debug/core.a(main.cpp.o)
 .debug_abbrev  0x000030d4      0x826 C:\Users\phili\AppData\Local\Temp\VMBuilds\Arduino_wifi\mkrwifi1010\Debug/core.a(Print.cpp.o)
 .debug_abbrev  0x000038fa      0x5b4 C:\Users\phili\AppData\Local\Temp\VMBuilds\Arduino_wifi\mkrwifi1010\Debug/core.a(Reset.cpp.o)
 .debug_abbrev  0x00003eae      0x786 C:\Users\phili\AppData\Local\Temp\VMBuilds\Arduino_wifi\mkrwifi1010\Debug/core.a(SERCOM.cpp.o)
 .debug_abbrev  0x00004634      0x8a2 C:\Users\phili\AppData\Local\Temp\VMBuilds\Arduino_wifi\mkrwifi1010\Debug/core.a(Uart.cpp.o)
 .debug_abbrev  0x00004ed6      0xade C:\Users\phili\AppData\Local\Temp\VMBuilds\Arduino_wifi\mkrwifi1010\Debug/core.a(CDC.cpp.o)
 .debug_abbrev  0x000059b4      0x550 C:\Users\phili\AppData\Local\Temp\VMBuilds\Arduino_wifi\mkrwifi1010\Debug/core.a(PluggableUSB.cpp.o)
 .debug_abbrev  0x00005f04      0xc1d C:\Users\phili\AppData\Local\Temp\VMBuilds\Arduino_wifi\mkrwifi1010\Debug/core.a(USBCore.cpp.o)
 .debug_abbrev  0x00006b21      0x301 C:\Users\phili\AppData\Local\Temp\VMBuilds\Arduino_wifi\mkrwifi1010\Debug/core.a(new.cpp.o)

.debug_loc      0x00000000     0x7775
 .debug_loc     0x00000000       0xe2 Arduino_wifi.cpp.o
 .debug_loc     0x000000e2     0x10c8 VM_DBG\VM_DBG.cpp.o
 .debug_loc     0x000011aa       0x7f C:\Users\phili\AppData\Local\Temp\VMBCore\arduino16x\b6f4ea0910707731418074fd80607571\variant\variant.cpp.o
 .debug_loc     0x00001229       0x3c C:\Users\phili\AppData\Local\Temp\VMBuilds\Arduino_wifi\mkrwifi1010\Debug/core.a(cortex_handlers.c.o)
 .debug_loc     0x00001265       0xfb C:\Users\phili\AppData\Local\Temp\VMBuilds\Arduino_wifi\mkrwifi1010\Debug/core.a(delay.c.o)
 .debug_loc     0x00001360       0x2e C:\Users\phili\AppData\Local\Temp\VMBuilds\Arduino_wifi\mkrwifi1010\Debug/core.a(startup.c.o)
 .debug_loc     0x0000138e       0xab C:\Users\phili\AppData\Local\Temp\VMBuilds\Arduino_wifi\mkrwifi1010\Debug/core.a(wiring.c.o)
 .debug_loc     0x00001439      0x4cc C:\Users\phili\AppData\Local\Temp\VMBuilds\Arduino_wifi\mkrwifi1010\Debug/core.a(wiring_analog.c.o)
 .debug_loc     0x00001905      0x12c C:\Users\phili\AppData\Local\Temp\VMBuilds\Arduino_wifi\mkrwifi1010\Debug/core.a(wiring_digital.c.o)
 .debug_loc     0x00001a31      0x131 C:\Users\phili\AppData\Local\Temp\VMBuilds\Arduino_wifi\mkrwifi1010\Debug/core.a(wiring_private.c.o)
 .debug_loc     0x00001b62     0x139e C:\Users\phili\AppData\Local\Temp\VMBuilds\Arduino_wifi\mkrwifi1010\Debug/core.a(Print.cpp.o)
 .debug_loc     0x00002f00       0x2d C:\Users\phili\AppData\Local\Temp\VMBuilds\Arduino_wifi\mkrwifi1010\Debug/core.a(Reset.cpp.o)
 .debug_loc     0x00002f2d      0xb3f C:\Users\phili\AppData\Local\Temp\VMBuilds\Arduino_wifi\mkrwifi1010\Debug/core.a(SERCOM.cpp.o)
 .debug_loc     0x00003a6c      0xa43 C:\Users\phili\AppData\Local\Temp\VMBuilds\Arduino_wifi\mkrwifi1010\Debug/core.a(Uart.cpp.o)
 .debug_loc     0x000044af      0x806 C:\Users\phili\AppData\Local\Temp\VMBuilds\Arduino_wifi\mkrwifi1010\Debug/core.a(CDC.cpp.o)
 .debug_loc     0x00004cb5      0x2c7 C:\Users\phili\AppData\Local\Temp\VMBuilds\Arduino_wifi\mkrwifi1010\Debug/core.a(PluggableUSB.cpp.o)
 .debug_loc     0x00004f7c     0x27b7 C:\Users\phili\AppData\Local\Temp\VMBuilds\Arduino_wifi\mkrwifi1010\Debug/core.a(USBCore.cpp.o)
 .debug_loc     0x00007733       0x42 C:\Users\phili\AppData\Local\Temp\VMBuilds\Arduino_wifi\mkrwifi1010\Debug/core.a(new.cpp.o)

.debug_aranges  0x00000000      0xa78
 .debug_aranges
                0x00000000       0x30 Arduino_wifi.cpp.o
 .debug_aranges
                0x00000030      0x160 VM_DBG\VM_DBG.cpp.o
 .debug_aranges
                0x00000190       0x40 C:\Users\phili\AppData\Local\Temp\VMBCore\arduino16x\b6f4ea0910707731418074fd80607571\variant\variant.cpp.o
 .debug_aranges
                0x000001d0       0x40 C:\Users\phili\AppData\Local\Temp\VMBuilds\Arduino_wifi\mkrwifi1010\Debug/core.a(cortex_handlers.c.o)
 .debug_aranges
                0x00000210       0x40 C:\Users\phili\AppData\Local\Temp\VMBuilds\Arduino_wifi\mkrwifi1010\Debug/core.a(delay.c.o)
 .debug_aranges
                0x00000250       0x30 C:\Users\phili\AppData\Local\Temp\VMBuilds\Arduino_wifi\mkrwifi1010\Debug/core.a(hooks.c.o)
 .debug_aranges
                0x00000280       0x20 C:\Users\phili\AppData\Local\Temp\VMBuilds\Arduino_wifi\mkrwifi1010\Debug/core.a(startup.c.o)
 .debug_aranges
                0x000002a0       0x20 C:\Users\phili\AppData\Local\Temp\VMBuilds\Arduino_wifi\mkrwifi1010\Debug/core.a(wiring.c.o)
 .debug_aranges
                0x000002c0       0x48 C:\Users\phili\AppData\Local\Temp\VMBuilds\Arduino_wifi\mkrwifi1010\Debug/core.a(wiring_analog.c.o)
 .debug_aranges
                0x00000308       0x30 C:\Users\phili\AppData\Local\Temp\VMBuilds\Arduino_wifi\mkrwifi1010\Debug/core.a(wiring_digital.c.o)
 .debug_aranges
                0x00000338       0x20 C:\Users\phili\AppData\Local\Temp\VMBuilds\Arduino_wifi\mkrwifi1010\Debug/core.a(wiring_private.c.o)
 .debug_aranges
                0x00000358       0x28 C:\Users\phili\AppData\Local\Temp\VMBuilds\Arduino_wifi\mkrwifi1010\Debug/core.a(main.cpp.o)
 .debug_aranges
                0x00000380      0x108 C:\Users\phili\AppData\Local\Temp\VMBuilds\Arduino_wifi\mkrwifi1010\Debug/core.a(Print.cpp.o)
 .debug_aranges
                0x00000488       0x38 C:\Users\phili\AppData\Local\Temp\VMBuilds\Arduino_wifi\mkrwifi1010\Debug/core.a(Reset.cpp.o)
 .debug_aranges
                0x000004c0      0x1f0 C:\Users\phili\AppData\Local\Temp\VMBuilds\Arduino_wifi\mkrwifi1010\Debug/core.a(SERCOM.cpp.o)
 .debug_aranges
                0x000006b0       0xb0 C:\Users\phili\AppData\Local\Temp\VMBuilds\Arduino_wifi\mkrwifi1010\Debug/core.a(Uart.cpp.o)
 .debug_aranges
                0x00000760      0x120 C:\Users\phili\AppData\Local\Temp\VMBuilds\Arduino_wifi\mkrwifi1010\Debug/core.a(CDC.cpp.o)
 .debug_aranges
                0x00000880       0x58 C:\Users\phili\AppData\Local\Temp\VMBuilds\Arduino_wifi\mkrwifi1010\Debug/core.a(PluggableUSB.cpp.o)
 .debug_aranges
                0x000008d8      0x178 C:\Users\phili\AppData\Local\Temp\VMBuilds\Arduino_wifi\mkrwifi1010\Debug/core.a(USBCore.cpp.o)
 .debug_aranges
                0x00000a50       0x28 C:\Users\phili\AppData\Local\Temp\VMBuilds\Arduino_wifi\mkrwifi1010\Debug/core.a(new.cpp.o)

.debug_ranges   0x00000000     0x1520
 .debug_ranges  0x00000000       0x20 Arduino_wifi.cpp.o
 .debug_ranges  0x00000020      0x210 VM_DBG\VM_DBG.cpp.o
 .debug_ranges  0x00000230       0x30 C:\Users\phili\AppData\Local\Temp\VMBCore\arduino16x\b6f4ea0910707731418074fd80607571\variant\variant.cpp.o
 .debug_ranges  0x00000260       0x30 C:\Users\phili\AppData\Local\Temp\VMBuilds\Arduino_wifi\mkrwifi1010\Debug/core.a(cortex_handlers.c.o)
 .debug_ranges  0x00000290       0x30 C:\Users\phili\AppData\Local\Temp\VMBuilds\Arduino_wifi\mkrwifi1010\Debug/core.a(delay.c.o)
 .debug_ranges  0x000002c0       0x20 C:\Users\phili\AppData\Local\Temp\VMBuilds\Arduino_wifi\mkrwifi1010\Debug/core.a(hooks.c.o)
 .debug_ranges  0x000002e0       0x10 C:\Users\phili\AppData\Local\Temp\VMBuilds\Arduino_wifi\mkrwifi1010\Debug/core.a(startup.c.o)
 .debug_ranges  0x000002f0       0x28 C:\Users\phili\AppData\Local\Temp\VMBuilds\Arduino_wifi\mkrwifi1010\Debug/core.a(wiring.c.o)
 .debug_ranges  0x00000318       0x98 C:\Users\phili\AppData\Local\Temp\VMBuilds\Arduino_wifi\mkrwifi1010\Debug/core.a(wiring_analog.c.o)
 .debug_ranges  0x000003b0       0x20 C:\Users\phili\AppData\Local\Temp\VMBuilds\Arduino_wifi\mkrwifi1010\Debug/core.a(wiring_digital.c.o)
 .debug_ranges  0x000003d0       0x30 C:\Users\phili\AppData\Local\Temp\VMBuilds\Arduino_wifi\mkrwifi1010\Debug/core.a(wiring_private.c.o)
 .debug_ranges  0x00000400       0x18 C:\Users\phili\AppData\Local\Temp\VMBuilds\Arduino_wifi\mkrwifi1010\Debug/core.a(main.cpp.o)
 .debug_ranges  0x00000418      0x168 C:\Users\phili\AppData\Local\Temp\VMBuilds\Arduino_wifi\mkrwifi1010\Debug/core.a(Print.cpp.o)
 .debug_ranges  0x00000580       0x40 C:\Users\phili\AppData\Local\Temp\VMBuilds\Arduino_wifi\mkrwifi1010\Debug/core.a(Reset.cpp.o)
 .debug_ranges  0x000005c0      0x2a0 C:\Users\phili\AppData\Local\Temp\VMBuilds\Arduino_wifi\mkrwifi1010\Debug/core.a(SERCOM.cpp.o)
 .debug_ranges  0x00000860      0x1b0 C:\Users\phili\AppData\Local\Temp\VMBuilds\Arduino_wifi\mkrwifi1010\Debug/core.a(Uart.cpp.o)
 .debug_ranges  0x00000a10      0x1b0 C:\Users\phili\AppData\Local\Temp\VMBuilds\Arduino_wifi\mkrwifi1010\Debug/core.a(CDC.cpp.o)
 .debug_ranges  0x00000bc0       0x60 C:\Users\phili\AppData\Local\Temp\VMBuilds\Arduino_wifi\mkrwifi1010\Debug/core.a(PluggableUSB.cpp.o)
 .debug_ranges  0x00000c20      0x8e8 C:\Users\phili\AppData\Local\Temp\VMBuilds\Arduino_wifi\mkrwifi1010\Debug/core.a(USBCore.cpp.o)