Archive member included to satisfy reference by file (symbol)

C:\Users\phili\AppData\Local\Temp\VMBuilds\Arduino_wifi\mkrwifi1010\Debug/core.a(cortex_handlers.c.o)
                              (Reset_Handler)
C:\Users\phili\AppData\Local\Temp\VMBuilds\Arduino_wifi\mkrwifi1010\Debug/core.a(delay.c.o)
                              Arduino_wifi.cpp.o (millis)
C:\Users\phili\AppData\Local\Temp\VMBuilds\Arduino_wifi\mkrwifi1010\Debug/core.a(hooks.c.o)
                              C:\Users\phili\AppData\Local\Temp\VMBuilds\Arduino_wifi\mkrwifi1010\Debug/core.a(delay.c.o) (yield)
C:\Users\phili\AppData\Local\Temp\VMBuilds\Arduino_wifi\mkrwifi1010\Debug/core.a(startup.c.o)
                              C:\Users\phili\AppData\Local\Temp\VMBuilds\Arduino_wifi\mkrwifi1010\Debug/core.a(cortex_handlers.c.o) (SystemInit)
C:\Users\phili\AppData\Local\Temp\VMBuilds\Arduino_wifi\mkrwifi1010\Debug/core.a(wiring.c.o)
                              C:\Users\phili\AppData\Local\Temp\VMBuilds\Arduino_wifi\mkrwifi1010\Debug/core.a(startup.c.o) (SystemCoreClock)
C:\Users\phili\AppData\Local\Temp\VMBuilds\Arduino_wifi\mkrwifi1010\Debug/core.a(wiring_analog.c.o)
                              C:\Users\phili\AppData\Local\Temp\VMBuilds\Arduino_wifi\mkrwifi1010\Debug/core.a(wiring.c.o) (analogReference)
C:\Users\phili\AppData\Local\Temp\VMBuilds\Arduino_wifi\mkrwifi1010\Debug/core.a(wiring_digital.c.o)
                              Arduino_wifi.cpp.o (pinMode)
C:\Users\phili\AppData\Local\Temp\VMBuilds\Arduino_wifi\mkrwifi1010\Debug/core.a(wiring_private.c.o)
                              C:\Users\phili\AppData\Local\Temp\VMBCore\arduino16x\b6f4ea0910707731418074fd80607571\variant\variant.cpp.o (pinPeripheral)
C:\Users\phili\AppData\Local\Temp\VMBuilds\Arduino_wifi\mkrwifi1010\Debug/core.a(main.cpp.o)
                              c:/users/phili/appdata/local/arduino15/packages/arduino/tools/arm-none-eabi-gcc/7-2017q4/bin/../lib/gcc/arm-none-eabi/7.2.1/../../../../arm-none-eabi/lib/thumb/v6-m/crt0.o (main)
C:\Users\phili\AppData\Local\Temp\VMBuilds\Arduino_wifi\mkrwifi1010\Debug/core.a(Print.cpp.o)
                              Arduino_wifi.cpp.o (Print::print(char const*))
C:\Users\phili\AppData\Local\Temp\VMBuilds\Arduino_wifi\mkrwifi1010\Debug/core.a(Reset.cpp.o)
                              C:\Users\phili\AppData\Local\Temp\VMBuilds\Arduino_wifi\mkrwifi1010\Debug/core.a(delay.c.o) (tickReset)
C:\Users\phili\AppData\Local\Temp\VMBuilds\Arduino_wifi\mkrwifi1010\Debug/core.a(SERCOM.cpp.o)
                              C:\Users\phili\AppData\Local\Temp\VMBCore\arduino16x\b6f4ea0910707731418074fd80607571\variant\variant.cpp.o (SERCOM::SERCOM(Sercom*))
C:\Users\phili\AppData\Local\Temp\VMBuilds\Arduino_wifi\mkrwifi1010\Debug/core.a(Uart.cpp.o)
                              C:\Users\phili\AppData\Local\Temp\VMBCore\arduino16x\b6f4ea0910707731418074fd80607571\variant\variant.cpp.o (Uart::Uart(SERCOM*, unsigned char, unsigned char, SercomRXPad, SercomUartTXPad, unsigned char, unsigned char))
C:\Users\phili\AppData\Local\Temp\VMBuilds\Arduino_wifi\mkrwifi1010\Debug/core.a(CDC.cpp.o)
                              VM_DBG\VM_DBG.cpp.o (Serial_::available())
C:\Users\phili\AppData\Local\Temp\VMBuilds\Arduino_wifi\mkrwifi1010\Debug/core.a(PluggableUSB.cpp.o)
                              C:\Users\phili\AppData\Local\Temp\VMBuilds\Arduino_wifi\mkrwifi1010\Debug/core.a(CDC.cpp.o) (PluggableUSB_::plug(PluggableUSBModule*))
C:\Users\phili\AppData\Local\Temp\VMBuilds\Arduino_wifi\mkrwifi1010\Debug/core.a(USBCore.cpp.o)
                              C:\Users\phili\AppData\Local\Temp\VMBuilds\Arduino_wifi\mkrwifi1010\Debug/core.a(CDC.cpp.o) (usbd)
C:\Users\phili\AppData\Local\Temp\VMBuilds\Arduino_wifi\mkrwifi1010\Debug/core.a(abi.cpp.o)
                              C:\Users\phili\AppData\Local\Temp\VMBuilds\Arduino_wifi\mkrwifi1010\Debug/core.a(Print.cpp.o) (__cxa_pure_virtual)
C:\Users\phili\AppData\Local\Temp\VMBuilds\Arduino_wifi\mkrwifi1010\Debug/core.a(new.cpp.o)
                              C:\Users\phili\AppData\Local\Temp\VMBuilds\Arduino_wifi\mkrwifi1010\Debug/core.a(USBCore.cpp.o) (operator new(unsigned int))
c:/users/phili/appdata/local/arduino15/packages/arduino/tools/arm-none-eabi-gcc/7-2017q4/bin/../lib/gcc/arm-none-eabi/7.2.1/../../../../arm-none-eabi/lib/thumb/v6-m\libm.a(lib_a-s_sin.o)
                              Arduino_wifi.cpp.o (sin)
c:/users/phili/appdata/local/arduino15/packages/arduino/tools/arm-none-eabi-gcc/7-2017q4/bin/../lib/gcc/arm-none-eabi/7.2.1/../../../../arm-none-eabi/lib/thumb/v6-m\libm.a(lib_a-e_rem_pio2.o)
                              c:/users/phili/appdata/local/arduino15/packages/arduino/tools/arm-none-eabi-gcc/7-2017q4/bin/../lib/gcc/arm-none-eabi/7.2.1/../../../../arm-none-eabi/lib/thumb/v6-m\libm.a(lib_a-s_sin.o) (__ieee754_rem_pio2)
[...]
Memory Configuration

Name             Origin             Length             Attributes
FLASH            0x00002000         0x0003e000         xr
RAM              0x20000000         0x00008000         xrw
*default*        0x00000000         0xffffffff

Linker script and memory map

LOAD c:/users/phili/appdata/local/arduino15/packages/arduino/tools/arm-none-eabi-gcc/7-2017q4/bin/../lib/gcc/arm-none-eabi/7.2.1/thumb/v6-m/crti.o
LOAD c:/users/phili/appdata/local/arduino15/packages/arduino/tools/arm-none-eabi-gcc/7-2017q4/bin/../lib/gcc/arm-none-eabi/7.2.1/thumb/v6-m/crtbegin.o
LOAD c:/users/phili/appdata/local/arduino15/packages/arduino/tools/arm-none-eabi-gcc/7-2017q4/bin/../lib/gcc/arm-none-eabi/7.2.1/../../../../arm-none-eabi/lib/thumb/v6-m/crt0.o
LOAD Arduino_wifi.cpp.o
LOAD VM_DBG\VM_DBG.cpp.o
LOAD VM_DBG\VM_mem_check_sam.cpp.o
LOAD C:\Users\phili\AppData\Local\Temp\VMBCore\arduino16x\b6f4ea0910707731418074fd80607571\variant\variant.cpp.o
START GROUP
LOAD C:\Users\phili\AppData\Local\arduino15\packages\arduino\tools\CMSIS\4.5.0/CMSIS/Lib/GCC/\libarm_cortexM0l_math.a
LOAD C:\Users\phili\AppData\Local\Temp\VMBuilds\Arduino_wifi\mkrwifi1010\Debug/core.a
END GROUP
LOAD c:/users/phili/appdata/local/arduino15/packages/arduino/tools/arm-none-eabi-gcc/7-2017q4/bin/../lib/gcc/arm-none-eabi/7.2.1/../../../../arm-none-eabi/lib/thumb/v6-m\libstdc++_nano.a
LOAD c:/users/phili/appdata/local/arduino15/packages/arduino/tools/arm-none-eabi-gcc/7-2017q4/bin/../lib/gcc/arm-none-eabi/7.2.1/../../../../arm-none-eabi/lib/thumb/v6-m\libm.a
START GROUP
LOAD c:/users/phili/appdata/local/arduino15/packages/arduino/tools/arm-none-eabi-gcc/7-2017q4/bin/../lib/gcc/arm-none-eabi/7.2.1/thumb/v6-m\libgcc.a
LOAD c:/users/phili/appdata/local/arduino15/packages/arduino/tools/arm-none-eabi-gcc/7-2017q4/bin/../lib/gcc/arm-none-eabi/7.2.1/../../../../arm-none-eabi/lib/thumb/v6-m\libc_nano.a
END GROUP
START GROUP
LOAD c:/users/phili/appdata/local/arduino15/packages/arduino/tools/arm-none-eabi-gcc/7-2017q4/bin/../lib/gcc/arm-none-eabi/7.2.1/thumb/v6-m\libgcc.a
LOAD c:/users/phili/appdata/local/arduino15/packages/arduino/tools/arm-none-eabi-gcc/7-2017q4/bin/../lib/gcc/arm-none-eabi/7.2.1/../../../../arm-none-eabi/lib/thumb/v6-m\libc_nano.a
LOAD c:/users/phili/appdata/local/arduino15/packages/arduino/tools/arm-none-eabi-gcc/7-2017q4/bin/../lib/gcc/arm-none-eabi/7.2.1/../../../../arm-none-eabi/lib/thumb/v6-m\libnosys.a
END GROUP
START GROUP
LOAD c:/users/phili/appdata/local/arduino15/packages/arduino/tools/arm-none-eabi-gcc/7-2017q4/bin/../lib/gcc/arm-none-eabi/7.2.1/thumb/v6-m\libgcc.a
LOAD c:/users/phili/appdata/local/arduino15/packages/arduino/tools/arm-none-eabi-gcc/7-2017q4/bin/../lib/gcc/arm-none-eabi/7.2.1/../../../../arm-none-eabi/lib/thumb/v6-m\libc_nano.a
LOAD c:/users/phili/appdata/local/arduino15/packages/arduino/tools/arm-none-eabi-gcc/7-2017q4/bin/../lib/gcc/arm-none-eabi/7.2.1/../../../../arm-none-eabi/lib/thumb/v6-m\libnosys.a
END GROUP
LOAD c:/users/phili/appdata/local/arduino15/packages/arduino/tools/arm-none-eabi-gcc/7-2017q4/bin/../lib/gcc/arm-none-eabi/7.2.1/thumb/v6-m/crtend.o
LOAD c:/users/phili/appdata/local/arduino15/packages/arduino/tools/arm-none-eabi-gcc/7-2017q4/bin/../lib/gcc/arm-none-eabi/7.2.1/thumb/v6-m/crtn.o

.text           0x00002000     0x6600
                0x00002000                __text_start__ = .
 *(.sketch_boot)
                0x00002000                . = ALIGN (0x2000)
 *(.isr_vector)
 .isr_vector    0x00002000       0xb4 C:\Users\phili\AppData\Local\Temp\VMBuilds\Arduino_wifi\mkrwifi1010\Debug/core.a(cortex_handlers.c.o)
                0x00002000                exception_table
 *(.text*)
 .text          0x000020b4       0x48 c:/users/phili/appdata/local/arduino15/packages/arduino/tools/arm-none-eabi-gcc/7-2017q4/bin/../lib/gcc/arm-none-eabi/7.2.1/thumb/v6-m/crtbegin.o
 .text.setup    0x000020fc       0xa8 Arduino_wifi.cpp.o
                0x000020fc                setup
 .text.loop     0x000021a4      0x138 Arduino_wifi.cpp.o
                0x000021a4                loop
 .text._ZN16VisualMicroDebug16DBG_YieldAndWaitEmb
                0x000022dc       0x1a VM_DBG\VM_DBG.cpp.o
                0x000022dc                VisualMicroDebug::DBG_YieldAndWait(unsigned long, bool)
 .text._ZN16VisualMicroDebug16DBG_YieldAndWaitEm
                0x000022f6        0xa VM_DBG\VM_DBG.cpp.o
                0x000022f6                VisualMicroDebug::DBG_YieldAndWait(unsigned long)
 .text._ZN16VisualMicroDebug10DBG_MillisEv
                0x00002300        0x8 VM_DBG\VM_DBG.cpp.o
                0x00002300                VisualMicroDebug::DBG_Millis()
 .text._ZN16VisualMicroDebug22OnBreakPointPrintBeginEh
                0x00002308       0x70 VM_DBG\VM_DBG.cpp.o
                0x00002308                VisualMicroDebug::OnBreakPointPrintBegin(unsigned char)
 .text._ZN16VisualMicroDebug20OnBreakPointPrintEndEv
                0x00002378       0x14 VM_DBG\VM_DBG.cpp.o
                0x00002378                VisualMicroDebug::OnBreakPointPrintEnd()
 .text._ZN16VisualMicroDebug14outPacketStartEb
                0x0000238c       0x2a VM_DBG\VM_DBG.cpp.o
                0x0000238c                VisualMicroDebug::outPacketStart(bool)
 .text._ZN16VisualMicroDebug12outPacketEndEv
                0x000023b6        0x2 VM_DBG\VM_DBG.cpp.o
                0x000023b6                VisualMicroDebug::outPacketEnd()
 .text._ZN16VisualMicroDebug5beginEm
                0x000023b8       0x1c VM_DBG\VM_DBG.cpp.o
                0x000023b8                VisualMicroDebug::begin(unsigned long)
 .text._ZN16VisualMicroDebug4initEm
                0x000023d4       0x12 VM_DBG\VM_DBG.cpp.o
                0x000023d4                VisualMicroDebug::init(unsigned long)
 *fill*         0x000023e6        0x2 
 .text._ZN16VisualMicroDebug16sendContinuedACKEh
                0x000023e8       0x40 VM_DBG\VM_DBG.cpp.o
                0x000023e8                VisualMicroDebug::sendContinuedACK(unsigned char)
 .text.startup._GLOBAL__sub_I__ZN16VisualMicroDebug16DBG_YieldAndWaitEm
                0x00002428       0x14 VM_DBG\VM_DBG.cpp.o
 .text._ZN16VisualMicroDebug24readVariableTextDataTypeEv
                0x0000243c       0x10 VM_DBG\VM_DBG.cpp.o
                0x0000243c                VisualMicroDebug::readVariableTextDataType()
 .text._ZN16VisualMicroDebug24digitalWriteMessageCheckEv
                0x0000244c       0x7c VM_DBG\VM_DBG.cpp.o
                0x0000244c                VisualMicroDebug::digitalWriteMessageCheck()
 .text._ZN16VisualMicroDebug17OnBreakPointBeginEm
                0x000024c8       0x1c VM_DBG\VM_DBG.cpp.o
                0x000024c8                VisualMicroDebug::OnBreakPointBegin(unsigned long)
 .text._ZN16VisualMicroDebug15OnBreakPointEndEv
                0x000024e4       0x10 VM_DBG\VM_DBG.cpp.o
                0x000024e4                VisualMicroDebug::OnBreakPointEnd()
 .text._ZN16VisualMicroDebug9breakWaitEh
                0x000024f4       0x68 VM_DBG\VM_DBG.cpp.o
                0x000024f4                VisualMicroDebug::breakWait(unsigned char)
 .text._ZN16VisualMicroDebug5startEbb
                0x0000255c       0x28 VM_DBG\VM_DBG.cpp.o
                0x0000255c                VisualMicroDebug::start(bool, bool)
 .text._Z11initVariantv
                0x00002584       0xf8 C:\Users\phili\AppData\Local\Temp\VMBCore\arduino16x\b6f4ea0910707731418074fd80607571\variant\variant.cpp.o
                0x00002584                initVariant()
 .text.SERCOM5_Handler
                0x0000267c       0x10 C:\Users\phili\AppData\Local\Temp\VMBCore\arduino16x\b6f4ea0910707731418074fd80607571\variant\variant.cpp.o
                0x0000267c                SERCOM5_Handler
 .text.SERCOM4_Handler
                0x0000268c       0x10 C:\Users\phili\AppData\Local\Temp\VMBCore\arduino16x\b6f4ea0910707731418074fd80607571\variant\variant.cpp.o
                0x0000268c                SERCOM4_Handler
 .text.startup._GLOBAL__sub_I_g_APinDescription
                0x0000269c       0xa0 C:\Users\phili\AppData\Local\Temp\VMBCore\arduino16x\b6f4ea0910707731418074fd80607571\variant\variant.cpp.o
 .text.Dummy_Handler
                0x0000273c        0x2 C:\Users\phili\AppData\Local\Temp\VMBuilds\Arduino_wifi\mkrwifi1010\Debug/core.a(cortex_handlers.c.o)
                0x0000273c                DMAC_Handler
                0x0000273c                HardFault_Handler
                0x0000273c                AC_Handler
                0x0000273c                PendSV_Handler
                0x0000273c                NMI_Handler
                0x0000273c                TC7_Handler
                0x0000273c                SERCOM1_Handler
                0x0000273c                ADC_Handler
                0x0000273c                TCC1_Handler
                0x0000273c                SERCOM2_Handler
                0x0000273c                TCC0_Handler
                0x0000273c                RTC_Handler
                0x0000273c                EIC_Handler
                0x0000273c                TC6_Handler
                0x0000273c                WDT_Handler
                0x0000273c                TC4_Handler
                0x0000273c                TC3_Handler
                0x0000273c                Dummy_Handler
                0x0000273c                PM_Handler
                0x0000273c                SVC_Handler
                0x0000273c                TCC2_Handler
                0x0000273c                EVSYS_Handler
                0x0000273c                SERCOM3_Handler
                0x0000273c                I2S_Handler
                0x0000273c                NVMCTRL_Handler
                0x0000273c                SERCOM0_Handler
                0x0000273c                DAC_Handler
                0x0000273c                PTC_Handler
                0x0000273c                SYSCTRL_Handler
 *fill*         0x0000273e        0x2 
 .text.USB_Handler
                0x00002740       0x14 C:\Users\phili\AppData\Local\Temp\VMBuilds\Arduino_wifi\mkrwifi1010\Debug/core.a(cortex_handlers.c.o)
                0x00002740                USB_Handler
 .text.Reset_Handler
                0x00002754       0x54 C:\Users\phili\AppData\Local\Temp\VMBuilds\Arduino_wifi\mkrwifi1010\Debug/core.a(cortex_handlers.c.o)
                0x00002754                Reset_Handler
 .text.SysTick_Handler
                0x000027a8       0x10 C:\Users\phili\AppData\Local\Temp\VMBuilds\Arduino_wifi\mkrwifi1010\Debug/core.a(cortex_handlers.c.o)
                0x000027a8                SysTick_Handler
 .text.USB_SetHandler
                0x000027b8        0xc C:\Users\phili\AppData\Local\Temp\VMBuilds\Arduino_wifi\mkrwifi1010\Debug/core.a(cortex_handlers.c.o)
                0x000027b8                USB_SetHandler
 .text.millis   0x000027c4        0xc C:\Users\phili\AppData\Local\Temp\VMBuilds\Arduino_wifi\mkrwifi1010\Debug/core.a(delay.c.o)
                0x000027c4                millis
 .text.micros   0x000027d0       0x60 C:\Users\phili\AppData\Local\Temp\VMBuilds\Arduino_wifi\mkrwifi1010\Debug/core.a(delay.c.o)
                0x000027d0                micros
 .text.delay    0x00002830       0x30 C:\Users\phili\AppData\Local\Temp\VMBuilds\Arduino_wifi\mkrwifi1010\Debug/core.a(delay.c.o)
                0x00002830                delay
 .text.resetExternalChip
                0x00002860        0x2 C:\Users\phili\AppData\Local\Temp\VMBuilds\Arduino_wifi\mkrwifi1010\Debug/core.a(delay.c.o)
                0x00002860                resetExternalChip
 *fill*         0x00002862        0x2 
 .text.SysTick_DefaultHandler
                0x00002864       0x14 C:\Users\phili\AppData\Local\Temp\VMBuilds\Arduino_wifi\mkrwifi1010\Debug/core.a(delay.c.o)
                0x00002864                SysTick_DefaultHandler
 .text.__empty  0x00002878        0x2 C:\Users\phili\AppData\Local\Temp\VMBuilds\Arduino_wifi\mkrwifi1010\Debug/core.a(hooks.c.o)
                0x00002878                yield
 .text.__false  0x0000287a        0x4 C:\Users\phili\AppData\Local\Temp\VMBuilds\Arduino_wifi\mkrwifi1010\Debug/core.a(hooks.c.o)
                0x0000287a                sysTickHook
 *fill*         0x0000287e        0x2 
 .text.SystemInit
                0x00002880      0x160 C:\Users\phili\AppData\Local\Temp\VMBuilds\Arduino_wifi\mkrwifi1010\Debug/core.a(startup.c.o)
                0x00002880                SystemInit
 .text.init     0x000029e0       0xf0 C:\Users\phili\AppData\Local\Temp\VMBuilds\Arduino_wifi\mkrwifi1010\Debug/core.a(wiring.c.o)
                0x000029e0                init
 .text.mapResolution
                0x00002ad0       0x12 C:\Users\phili\AppData\Local\Temp\VMBuilds\Arduino_wifi\mkrwifi1010\Debug/core.a(wiring_analog.c.o)
 *fill*         0x00002ae2        0x2 
 .text.analogReference
                0x00002ae4       0x64 C:\Users\phili\AppData\Local\Temp\VMBuilds\Arduino_wifi\mkrwifi1010\Debug/core.a(wiring_analog.c.o)
                0x00002ae4                analogReference
 .text.analogRead
                0x00002b48       0xd8 C:\Users\phili\AppData\Local\Temp\VMBuilds\Arduino_wifi\mkrwifi1010\Debug/core.a(wiring_analog.c.o)
                0x00002b48                analogRead
 .text.analogWrite
                0x00002c20      0x1d4 C:\Users\phili\AppData\Local\Temp\VMBuilds\Arduino_wifi\mkrwifi1010\Debug/core.a(wiring_analog.c.o)
                0x00002c20                analogWrite
 .text.pinMode  0x00002df4       0x98 C:\Users\phili\AppData\Local\Temp\VMBuilds\Arduino_wifi\mkrwifi1010\Debug/core.a(wiring_digital.c.o)
                0x00002df4                pinMode
 .text.digitalWrite
                0x00002e8c       0x58 C:\Users\phili\AppData\Local\Temp\VMBuilds\Arduino_wifi\mkrwifi1010\Debug/core.a(wiring_digital.c.o)
                0x00002e8c                digitalWrite
 .text.pinPeripheral
                0x00002ee4       0xc0 C:\Users\phili\AppData\Local\Temp\VMBuilds\Arduino_wifi\mkrwifi1010\Debug/core.a(wiring_private.c.o)
                0x00002ee4                pinPeripheral
 .text.startup.main
                0x00002fa4       0x40 C:\Users\phili\AppData\Local\Temp\VMBuilds\Arduino_wifi\mkrwifi1010\Debug/core.a(main.cpp.o)
                0x00002fa4                main
 .text._ZN5Print5writeEPKhj
                0x00002fe4       0x28 C:\Users\phili\AppData\Local\Temp\VMBuilds\Arduino_wifi\mkrwifi1010\Debug/core.a(Print.cpp.o)
                0x00002fe4                Print::write(unsigned char const*, unsigned int)
 .text._ZN5Print5writeEPKc.part.2
                0x0000300c       0x1a C:\Users\phili\AppData\Local\Temp\VMBuilds\Arduino_wifi\mkrwifi1010\Debug/core.a(Print.cpp.o)
 .text._ZN5Print5writeEPKc
                0x00003026       0x10 C:\Users\phili\AppData\Local\Temp\VMBuilds\Arduino_wifi\mkrwifi1010\Debug/core.a(Print.cpp.o)
                0x00003026                Print::write(char const*)
 .text._ZN5Print5printEPKc
                0x00003036        0x8 C:\Users\phili\AppData\Local\Temp\VMBuilds\Arduino_wifi\mkrwifi1010\Debug/core.a(Print.cpp.o)
                0x00003036                Print::print(char const*)
 *fill*         0x0000303e        0x2 
 .text._ZN5Print7printlnEv
                0x00003040       0x10 C:\Users\phili\AppData\Local\Temp\VMBuilds\Arduino_wifi\mkrwifi1010\Debug/core.a(Print.cpp.o)
                0x00003040                Print::println()
 .text._ZN5Print7printlnEPKc
                0x00003050       0x14 C:\Users\phili\AppData\Local\Temp\VMBuilds\Arduino_wifi\mkrwifi1010\Debug/core.a(Print.cpp.o)
                0x00003050                Print::println(char const*)
 .text._ZN5Print11printNumberEmh
                0x00003064       0x48 C:\Users\phili\AppData\Local\Temp\VMBuilds\Arduino_wifi\mkrwifi1010\Debug/core.a(Print.cpp.o)
                0x00003064                Print::printNumber(unsigned long, unsigned char)
 .text._ZN5Print5printEmi
                0x000030ac       0x18 C:\Users\phili\AppData\Local\Temp\VMBuilds\Arduino_wifi\mkrwifi1010\Debug/core.a(Print.cpp.o)
                0x000030ac                Print::print(unsigned long, int)
 .text._ZN5Print5printEhi
                0x000030c4        0x8 C:\Users\phili\AppData\Local\Temp\VMBuilds\Arduino_wifi\mkrwifi1010\Debug/core.a(Print.cpp.o)
                0x000030c4                Print::print(unsigned char, int)
 .text.initiateReset
                0x000030cc       0x14 C:\Users\phili\AppData\Local\Temp\VMBuilds\Arduino_wifi\mkrwifi1010\Debug/core.a(Reset.cpp.o)
                0x000030cc                initiateReset
 .text.cancelReset
                0x000030e0       0x10 C:\Users\phili\AppData\Local\Temp\VMBuilds\Arduino_wifi\mkrwifi1010\Debug/core.a(Reset.cpp.o)
                0x000030e0                cancelReset
 .text.tickReset
                0x000030f0       0x78 C:\Users\phili\AppData\Local\Temp\VMBuilds\Arduino_wifi\mkrwifi1010\Debug/core.a(Reset.cpp.o)
                0x000030f0                tickReset
 .text._ZN6SERCOMC2EP6Sercom
                0x00003168        0x4 C:\Users\phili\AppData\Local\Temp\VMBuilds\Arduino_wifi\mkrwifi1010\Debug/core.a(SERCOM.cpp.o)
                0x00003168                SERCOM::SERCOM(Sercom*)
                0x00003168                SERCOM::SERCOM(Sercom*)
 .text._ZN6SERCOM9initFrameE18SercomUartCharSize15SercomDataOrder16SercomParityMode19SercomNumberStopBit
                0x0000316c       0x3a C:\Users\phili\AppData\Local\Temp\VMBuilds\Arduino_wifi\mkrwifi1010\Debug/core.a(SERCOM.cpp.o)
                0x0000316c                SERCOM::initFrame(SercomUartCharSize, SercomDataOrder, SercomParityMode, SercomNumberStopBit)
 .text._ZN6SERCOM8initPadsE15SercomUartTXPad11SercomRXPad
                0x000031a6       0x26 C:\Users\phili\AppData\Local\Temp\VMBuilds\Arduino_wifi\mkrwifi1010\Debug/core.a(SERCOM.cpp.o)
                0x000031a6                SERCOM::initPads(SercomUartTXPad, SercomRXPad)
 .text._ZN6SERCOM9resetUARTEv
                0x000031cc       0x1a C:\Users\phili\AppData\Local\Temp\VMBuilds\Arduino_wifi\mkrwifi1010\Debug/core.a(SERCOM.cpp.o)
                0x000031cc                SERCOM::resetUART()
 .text._ZN6SERCOM10enableUARTEv
                0x000031e6       0x14 C:\Users\phili\AppData\Local\Temp\VMBuilds\Arduino_wifi\mkrwifi1010\Debug/core.a(SERCOM.cpp.o)
                0x000031e6                SERCOM::enableUART()
 .text._ZN6SERCOM9flushUARTEv
                0x000031fa       0x10 C:\Users\phili\AppData\Local\Temp\VMBuilds\Arduino_wifi\mkrwifi1010\Debug/core.a(SERCOM.cpp.o)
                0x000031fa                SERCOM::flushUART()
 .text._ZN6SERCOM15clearStatusUARTEv
                0x0000320a        0x8 C:\Users\phili\AppData\Local\Temp\VMBuilds\Arduino_wifi\mkrwifi1010\Debug/core.a(SERCOM.cpp.o)
                0x0000320a                SERCOM::clearStatusUART()
 .text._ZN6SERCOM17availableDataUARTEv
                0x00003212        0xa C:\Users\phili\AppData\Local\Temp\VMBuilds\Arduino_wifi\mkrwifi1010\Debug/core.a(SERCOM.cpp.o)
                0x00003212                SERCOM::availableDataUART()
 .text._ZN6SERCOM11isUARTErrorEv
                0x0000321c        0x8 C:\Users\phili\AppData\Local\Temp\VMBuilds\Arduino_wifi\mkrwifi1010\Debug/core.a(SERCOM.cpp.o)
                0x0000321c                SERCOM::isUARTError()
 .text._ZN6SERCOM20acknowledgeUARTErrorEv
                0x00003224        0xe C:\Users\phili\AppData\Local\Temp\VMBuilds\Arduino_wifi\mkrwifi1010\Debug/core.a(SERCOM.cpp.o)
                0x00003224                SERCOM::acknowledgeUARTError()
 .text._ZN6SERCOM16isFrameErrorUARTEv
                0x00003232        0xa C:\Users\phili\AppData\Local\Temp\VMBuilds\Arduino_wifi\mkrwifi1010\Debug/core.a(SERCOM.cpp.o)
                0x00003232                SERCOM::isFrameErrorUART()
 .text._ZN6SERCOM19clearFrameErrorUARTEv
                0x0000323c        0xc C:\Users\phili\AppData\Local\Temp\VMBuilds\Arduino_wifi\mkrwifi1010\Debug/core.a(SERCOM.cpp.o)
                0x0000323c                SERCOM::clearFrameErrorUART()
 .text._ZN6SERCOM23isDataRegisterEmptyUARTEv
                0x00003248        0xa C:\Users\phili\AppData\Local\Temp\VMBuilds\Arduino_wifi\mkrwifi1010\Debug/core.a(SERCOM.cpp.o)
                0x00003248                SERCOM::isDataRegisterEmptyUART()
 .text._ZN6SERCOM12readDataUARTEv
                0x00003252        0x8 C:\Users\phili\AppData\Local\Temp\VMBuilds\Arduino_wifi\mkrwifi1010\Debug/core.a(SERCOM.cpp.o)
                0x00003252                SERCOM::readDataUART()
 .text._ZN6SERCOM13writeDataUARTEh
                0x0000325a       0x10 C:\Users\phili\AppData\Local\Temp\VMBuilds\Arduino_wifi\mkrwifi1010\Debug/core.a(SERCOM.cpp.o)
                0x0000325a                SERCOM::writeDataUART(unsigned char)
 .text._ZN6SERCOM36enableDataRegisterEmptyInterruptUARTEv
                0x0000326a        0x8 C:\Users\phili\AppData\Local\Temp\VMBuilds\Arduino_wifi\mkrwifi1010\Debug/core.a(SERCOM.cpp.o)
                0x0000326a                SERCOM::enableDataRegisterEmptyInterruptUART()
 .text._ZN6SERCOM37disableDataRegisterEmptyInterruptUARTEv
                0x00003272        0x8 C:\Users\phili\AppData\Local\Temp\VMBuilds\Arduino_wifi\mkrwifi1010\Debug/core.a(SERCOM.cpp.o)
                0x00003272                SERCOM::disableDataRegisterEmptyInterruptUART()
 .text._ZN6SERCOM9resetWIREEv
                0x0000327a       0x1a C:\Users\phili\AppData\Local\Temp\VMBuilds\Arduino_wifi\mkrwifi1010\Debug/core.a(SERCOM.cpp.o)
                0x0000327a                SERCOM::resetWIRE()
 .text._ZN6SERCOM10enableWIREEv
                0x00003294       0x2a C:\Users\phili\AppData\Local\Temp\VMBuilds\Arduino_wifi\mkrwifi1010\Debug/core.a(SERCOM.cpp.o)
                0x00003294                SERCOM::enableWIRE()
 .text._ZN6SERCOM11disableWIREEv
                0x000032be       0x14 C:\Users\phili\AppData\Local\Temp\VMBuilds\Arduino_wifi\mkrwifi1010\Debug/core.a(SERCOM.cpp.o)
                0x000032be                SERCOM::disableWIRE()
 *fill*         0x000032d2        0x2 
 .text._ZN6SERCOM22prepareCommandBitsWireEh
                0x000032d4       0x2c C:\Users\phili\AppData\Local\Temp\VMBuilds\Arduino_wifi\mkrwifi1010\Debug/core.a(SERCOM.cpp.o)
                0x000032d4                SERCOM::prepareCommandBitsWire(unsigned char)
 .text._ZN6SERCOM21startTransmissionWIREEh23SercomWireReadWriteFlag
                0x00003300       0x84 C:\Users\phili\AppData\Local\Temp\VMBuilds\Arduino_wifi\mkrwifi1010\Debug/core.a(SERCOM.cpp.o)
                0x00003300                SERCOM::startTransmissionWIRE(unsigned char, SercomWireReadWriteFlag)
 .text._ZN6SERCOM18sendDataMasterWIREEh
                0x00003384       0x24 C:\Users\phili\AppData\Local\Temp\VMBuilds\Arduino_wifi\mkrwifi1010\Debug/core.a(SERCOM.cpp.o)
                0x00003384                SERCOM::sendDataMasterWIRE(unsigned char)
 .text._ZN6SERCOM13initClockNVICEv
                0x000033a8       0xa8 C:\Users\phili\AppData\Local\Temp\VMBuilds\Arduino_wifi\mkrwifi1010\Debug/core.a(SERCOM.cpp.o)
                0x000033a8                SERCOM::initClockNVIC()
 .text._ZN6SERCOM8initUARTE14SercomUartMode20SercomUartSampleRatem
                0x00003450       0x6c C:\Users\phili\AppData\Local\Temp\VMBuilds\Arduino_wifi\mkrwifi1010\Debug/core.a(SERCOM.cpp.o)
                0x00003450                SERCOM::initUART(SercomUartMode, SercomUartSampleRate, unsigned long)
 .text._ZN6SERCOM14initMasterWIREEm
                0x000034bc       0x54 C:\Users\phili\AppData\Local\Temp\VMBuilds\Arduino_wifi\mkrwifi1010\Debug/core.a(SERCOM.cpp.o)
                0x000034bc                SERCOM::initMasterWIRE(unsigned long)
 .text._ZN4UartcvbEv
                0x00003510        0x4 C:\Users\phili\AppData\Local\Temp\VMBuilds\Arduino_wifi\mkrwifi1010\Debug/core.a(Uart.cpp.o)
                0x00003510                Uart::operator bool()
 .text._ZN4Uart5beginEm
                0x00003514       0x10 C:\Users\phili\AppData\Local\Temp\VMBuilds\Arduino_wifi\mkrwifi1010\Debug/core.a(Uart.cpp.o)
                0x00003514                Uart::begin(unsigned long)
 .text._ZN4Uart4peekEv
                0x00003524       0x1a C:\Users\phili\AppData\Local\Temp\VMBuilds\Arduino_wifi\mkrwifi1010\Debug/core.a(Uart.cpp.o)
                0x00003524                Uart::peek()
 .text._ZN4Uart3endEv
                0x0000353e       0x20 C:\Users\phili\AppData\Local\Temp\VMBuilds\Arduino_wifi\mkrwifi1010\Debug/core.a(Uart.cpp.o)
                0x0000353e                Uart::end()
 .text._ZN4Uart16extractNbStopBitEt
                0x0000355e        0xc C:\Users\phili\AppData\Local\Temp\VMBuilds\Arduino_wifi\mkrwifi1010\Debug/core.a(Uart.cpp.o)
                0x0000355e                Uart::extractNbStopBit(unsigned short)
 .text._ZN4Uart15extractCharSizeEt
                0x0000356a       0x28 C:\Users\phili\AppData\Local\Temp\VMBuilds\Arduino_wifi\mkrwifi1010\Debug/core.a(Uart.cpp.o)
                0x0000356a                Uart::extractCharSize(unsigned short)
 .text._ZN4Uart13extractParityEt
                0x00003592       0x14 C:\Users\phili\AppData\Local\Temp\VMBuilds\Arduino_wifi\mkrwifi1010\Debug/core.a(Uart.cpp.o)
                0x00003592                Uart::extractParity(unsigned short)
 *fill*         0x000035a6        0x2 
 .text._ZN4Uart5beginEmt
                0x000035a8       0xf8 C:\Users\phili\AppData\Local\Temp\VMBuilds\Arduino_wifi\mkrwifi1010\Debug/core.a(Uart.cpp.o)
                0x000035a8                Uart::begin(unsigned long, unsigned short)
 .text._ZN11RingBufferNILi256EEC2Ev
                0x000036a0       0x1c C:\Users\phili\AppData\Local\Temp\VMBuilds\Arduino_wifi\mkrwifi1010\Debug/core.a(Uart.cpp.o)
                0x000036a0                RingBufferN<256>::RingBufferN()
                0x000036a0                RingBufferN<256>::RingBufferN()
 .text._ZN4UartC2EP6SERCOMhh11SercomRXPad15SercomUartTXPadhh
                0x000036bc       0x88 C:\Users\phili\AppData\Local\Temp\VMBuilds\Arduino_wifi\mkrwifi1010\Debug/core.a(Uart.cpp.o)
                0x000036bc                Uart::Uart(SERCOM*, unsigned char, unsigned char, SercomRXPad, SercomUartTXPad, unsigned char, unsigned char)
                0x000036bc                Uart::Uart(SERCOM*, unsigned char, unsigned char, SercomRXPad, SercomUartTXPad, unsigned char, unsigned char)
 .text._ZN4UartC2EP6SERCOMhh11SercomRXPad15SercomUartTXPad
                0x00003744       0x74 C:\Users\phili\AppData\Local\Temp\VMBuilds\Arduino_wifi\mkrwifi1010\Debug/core.a(Uart.cpp.o)
                0x00003744                Uart::Uart(SERCOM*, unsigned char, unsigned char, SercomRXPad, SercomUartTXPad)
                0x00003744                Uart::Uart(SERCOM*, unsigned char, unsigned char, SercomRXPad, SercomUartTXPad)
 .text._ZN11RingBufferNILi256EE9availableEv
                0x000037b8       0x12 C:\Users\phili\AppData\Local\Temp\VMBuilds\Arduino_wifi\mkrwifi1010\Debug/core.a(Uart.cpp.o)
                0x000037b8                RingBufferN<256>::available()
 .text._ZN4Uart5flushEv
                0x000037ca       0x1a C:\Users\phili\AppData\Local\Temp\VMBuilds\Arduino_wifi\mkrwifi1010\Debug/core.a(Uart.cpp.o)
                0x000037ca                Uart::flush()
 .text._ZN4Uart9availableEv
                0x000037e4        0xa C:\Users\phili\AppData\Local\Temp\VMBuilds\Arduino_wifi\mkrwifi1010\Debug/core.a(Uart.cpp.o)
                0x000037e4                Uart::available()
 .text._ZN11RingBufferNILi256EE17availableForStoreEv
                0x000037ee       0x20 C:\Users\phili\AppData\Local\Temp\VMBuilds\Arduino_wifi\mkrwifi1010\Debug/core.a(Uart.cpp.o)
                0x000037ee                RingBufferN<256>::availableForStore()
 .text._ZN4Uart17availableForWriteEv
                0x0000380e        0xc C:\Users\phili\AppData\Local\Temp\VMBuilds\Arduino_wifi\mkrwifi1010\Debug/core.a(Uart.cpp.o)
                0x0000380e                Uart::availableForWrite()
 .text._ZN4Uart10IrqHandlerEv
                0x0000381a       0xcc C:\Users\phili\AppData\Local\Temp\VMBuilds\Arduino_wifi\mkrwifi1010\Debug/core.a(Uart.cpp.o)
                0x0000381a                Uart::IrqHandler()
 *fill*         0x000038e6        0x2 
 .text._ZN4Uart5writeEh
                0x000038e8       0xb4 C:\Users\phili\AppData\Local\Temp\VMBuilds\Arduino_wifi\mkrwifi1010\Debug/core.a(Uart.cpp.o)
                0x000038e8                Uart::write(unsigned char)
 .text._ZN4Uart4readEv
                0x0000399c       0x4c C:\Users\phili\AppData\Local\Temp\VMBuilds\Arduino_wifi\mkrwifi1010\Debug/core.a(Uart.cpp.o)
                0x0000399c                Uart::read()
 .text._ZN7Serial_13getDescriptorER8USBSetup
                0x000039e8        0x4 C:\Users\phili\AppData\Local\Temp\VMBuilds\Arduino_wifi\mkrwifi1010\Debug/core.a(CDC.cpp.o)
                0x000039e8                Serial_::getDescriptor(USBSetup&)
 .text._ZL5utox8mPc
                0x000039ec       0x24 C:\Users\phili\AppData\Local\Temp\VMBuilds\Arduino_wifi\mkrwifi1010\Debug/core.a(CDC.cpp.o)
 .text._ZN7Serial_12getShortNameEPc
                0x00003a10       0x44 C:\Users\phili\AppData\Local\Temp\VMBuilds\Arduino_wifi\mkrwifi1010\Debug/core.a(CDC.cpp.o)
                0x00003a10                Serial_::getShortName(char*)
 .text._ZThn16_N7Serial_12getShortNameEPc
                0x00003a54       0x10 C:\Users\phili\AppData\Local\Temp\VMBuilds\Arduino_wifi\mkrwifi1010\Debug/core.a(CDC.cpp.o)
                0x00003a54                non-virtual thunk to Serial_::getShortName(char*)
 .text._ZN7Serial_14handleEndpointEi
                0x00003a64        0x2 C:\Users\phili\AppData\Local\Temp\VMBuilds\Arduino_wifi\mkrwifi1010\Debug/core.a(CDC.cpp.o)
                0x00003a64                Serial_::handleEndpoint(int)
 .text._ZN7Serial_17availableForWriteEv
                0x00003a66        0x4 C:\Users\phili\AppData\Local\Temp\VMBuilds\Arduino_wifi\mkrwifi1010\Debug/core.a(CDC.cpp.o)
                0x00003a66                Serial_::availableForWrite()
 .text._ZN7Serial_5writeEh
                0x00003a6a       0x14 C:\Users\phili\AppData\Local\Temp\VMBuilds\Arduino_wifi\mkrwifi1010\Debug/core.a(CDC.cpp.o)
                0x00003a6a                Serial_::write(unsigned char)
 *fill*         0x00003a7e        0x2 
 .text._ZN7Serial_12getInterfaceEPh
                0x00003a80      0x11c C:\Users\phili\AppData\Local\Temp\VMBuilds\Arduino_wifi\mkrwifi1010\Debug/core.a(CDC.cpp.o)
                0x00003a80                Serial_::getInterface(unsigned char*)
 .text._ZThn16_N7Serial_12getInterfaceEPh
                0x00003b9c       0x10 C:\Users\phili\AppData\Local\Temp\VMBuilds\Arduino_wifi\mkrwifi1010\Debug/core.a(CDC.cpp.o)
                0x00003b9c                non-virtual thunk to Serial_::getInterface(unsigned char*)
 .text._ZN7Serial_5setupER8USBSetup
                0x00003bac       0xa8 C:\Users\phili\AppData\Local\Temp\VMBuilds\Arduino_wifi\mkrwifi1010\Debug/core.a(CDC.cpp.o)
                0x00003bac                Serial_::setup(USBSetup&)
 .text._ZThn16_N7Serial_5setupER8USBSetup
                0x00003c54       0x10 C:\Users\phili\AppData\Local\Temp\VMBuilds\Arduino_wifi\mkrwifi1010\Debug/core.a(CDC.cpp.o)
                0x00003c54                non-virtual thunk to Serial_::setup(USBSetup&)
 .text._ZN7Serial_9availableEv
                0x00003c64       0x20 C:\Users\phili\AppData\Local\Temp\VMBuilds\Arduino_wifi\mkrwifi1010\Debug/core.a(CDC.cpp.o)
                0x00003c64                Serial_::available()
 .text._ZN7Serial_5flushEv
                0x00003c84        0xe C:\Users\phili\AppData\Local\Temp\VMBuilds\Arduino_wifi\mkrwifi1010\Debug/core.a(CDC.cpp.o)
                0x00003c84                Serial_::flush()
 .text._ZN7Serial_5clearEv
                0x00003c92        0xe C:\Users\phili\AppData\Local\Temp\VMBuilds\Arduino_wifi\mkrwifi1010\Debug/core.a(CDC.cpp.o)
                0x00003c92                Serial_::clear()
 .text._ZN7Serial_5writeEPKhj
                0x00003ca0       0x1e C:\Users\phili\AppData\Local\Temp\VMBuilds\Arduino_wifi\mkrwifi1010\Debug/core.a(CDC.cpp.o)
                0x00003ca0                Serial_::write(unsigned char const*, unsigned int)
 *fill*         0x00003cbe        0x2 
 .text._ZN7Serial_4peekEv
                0x00003cc0       0x1c C:\Users\phili\AppData\Local\Temp\VMBuilds\Arduino_wifi\mkrwifi1010\Debug/core.a(CDC.cpp.o)
                0x00003cc0                Serial_::peek()
 .text._ZN7Serial_4readEv
                0x00003cdc       0x24 C:\Users\phili\AppData\Local\Temp\VMBuilds\Arduino_wifi\mkrwifi1010\Debug/core.a(CDC.cpp.o)
                0x00003cdc                Serial_::read()
 .text._ZThn16_N7Serial_14handleEndpointEi
                0x00003d00        0x2 C:\Users\phili\AppData\Local\Temp\VMBuilds\Arduino_wifi\mkrwifi1010\Debug/core.a(CDC.cpp.o)
                0x00003d00                non-virtual thunk to Serial_::handleEndpoint(int)
 .text._ZThn16_N7Serial_13getDescriptorER8USBSetup
                0x00003d02        0x4 C:\Users\phili\AppData\Local\Temp\VMBuilds\Arduino_wifi\mkrwifi1010\Debug/core.a(CDC.cpp.o)
                0x00003d02                non-virtual thunk to Serial_::getDescriptor(USBSetup&)
 *fill*         0x00003d06        0x2 
 .text._ZN7Serial_C2ER14USBDeviceClass
                0x00003d08       0x50 C:\Users\phili\AppData\Local\Temp\VMBuilds\Arduino_wifi\mkrwifi1010\Debug/core.a(CDC.cpp.o)
                0x00003d08                Serial_::Serial_(USBDeviceClass&)
                0x00003d08                Serial_::Serial_(USBDeviceClass&)
 .text._ZN7Serial_15enableInterruptEv
                0x00003d58       0x30 C:\Users\phili\AppData\Local\Temp\VMBuilds\Arduino_wifi\mkrwifi1010\Debug/core.a(CDC.cpp.o)
                0x00003d58                Serial_::enableInterrupt()
 .text._ZN7Serial_5beginEm
                0x00003d88        0x2 C:\Users\phili\AppData\Local\Temp\VMBuilds\Arduino_wifi\mkrwifi1010\Debug/core.a(CDC.cpp.o)
                0x00003d88                Serial_::begin(unsigned long)
 *fill*         0x00003d8a        0x2 
 .text.startup._GLOBAL__sub_I__ZN7Serial_12getInterfaceEPh
                0x00003d8c       0x14 C:\Users\phili\AppData\Local\Temp\VMBuilds\Arduino_wifi\mkrwifi1010\Debug/core.a(CDC.cpp.o)
 .text._ZN13PluggableUSB_12getInterfaceEPh
                0x00003da0       0x28 C:\Users\phili\AppData\Local\Temp\VMBuilds\Arduino_wifi\mkrwifi1010\Debug/core.a(PluggableUSB.cpp.o)
                0x00003da0                PluggableUSB_::getInterface(unsigned char*)
 .text._ZN13PluggableUSB_13getDescriptorER8USBSetup
                0x00003dc8       0x20 C:\Users\phili\AppData\Local\Temp\VMBuilds\Arduino_wifi\mkrwifi1010\Debug/core.a(PluggableUSB.cpp.o)
                0x00003dc8                PluggableUSB_::getDescriptor(USBSetup&)
 .text._ZN13PluggableUSB_12getShortNameEPc
                0x00003de8       0x26 C:\Users\phili\AppData\Local\Temp\VMBuilds\Arduino_wifi\mkrwifi1010\Debug/core.a(PluggableUSB.cpp.o)
                0x00003de8                PluggableUSB_::getShortName(char*)
 .text._ZN13PluggableUSB_5setupER8USBSetup
                0x00003e0e       0x20 C:\Users\phili\AppData\Local\Temp\VMBuilds\Arduino_wifi\mkrwifi1010\Debug/core.a(PluggableUSB.cpp.o)
                0x00003e0e                PluggableUSB_::setup(USBSetup&)
 .text._ZN13PluggableUSB_14handleEndpointEi
                0x00003e2e       0x1a C:\Users\phili\AppData\Local\Temp\VMBuilds\Arduino_wifi\mkrwifi1010\Debug/core.a(PluggableUSB.cpp.o)
                0x00003e2e                PluggableUSB_::handleEndpoint(int)
 .text._ZN13PluggableUSB_4plugEP18PluggableUSBModule
                0x00003e48       0x58 C:\Users\phili\AppData\Local\Temp\VMBuilds\Arduino_wifi\mkrwifi1010\Debug/core.a(PluggableUSB.cpp.o)
                0x00003e48                PluggableUSB_::plug(PluggableUSBModule*)
 .text._Z12PluggableUSBv
                0x00003ea0       0x24 C:\Users\phili\AppData\Local\Temp\VMBuilds\Arduino_wifi\mkrwifi1010\Debug/core.a(PluggableUSB.cpp.o)
                0x00003ea0                PluggableUSB()
 .text._ZN26DoubleBufferedEPOutHandlerD2Ev
                0x00003ec4        0x2 C:\Users\phili\AppData\Local\Temp\VMBuilds\Arduino_wifi\mkrwifi1010\Debug/core.a(USBCore.cpp.o)
                0x00003ec4                DoubleBufferedEPOutHandler::~DoubleBufferedEPOutHandler()
                0x00003ec4                DoubleBufferedEPOutHandler::~DoubleBufferedEPOutHandler()
 .text._ZN26DoubleBufferedEPOutHandlerD0Ev
                0x00003ec6        0xc C:\Users\phili\AppData\Local\Temp\VMBuilds\Arduino_wifi\mkrwifi1010\Debug/core.a(USBCore.cpp.o)
                0x00003ec6                DoubleBufferedEPOutHandler::~DoubleBufferedEPOutHandler()
 *fill*         0x00003ed2        0x2 
 .text._ZN14USBDeviceClass6initEPEmm.part.7
                0x00003ed4       0xc4 C:\Users\phili\AppData\Local\Temp\VMBuilds\Arduino_wifi\mkrwifi1010\Debug/core.a(USBCore.cpp.o)
 .text._ZN7__GuardC2Ev
                0x00003f98        0xe C:\Users\phili\AppData\Local\Temp\VMBuilds\Arduino_wifi\mkrwifi1010\Debug/core.a(USBCore.cpp.o)
                0x00003f98                __Guard::__Guard()
                0x00003f98                __Guard::__Guard()
 .text._ZN7__GuardD2Ev
                0x00003fa6        0xe C:\Users\phili\AppData\Local\Temp\VMBuilds\Arduino_wifi\mkrwifi1010\Debug/core.a(USBCore.cpp.o)
                0x00003fa6                __Guard::~__Guard()
                0x00003fa6                __Guard::~__Guard()
 .text._ZNK26DoubleBufferedEPOutHandler10_availableEv
                0x00003fb4       0x70 C:\Users\phili\AppData\Local\Temp\VMBuilds\Arduino_wifi\mkrwifi1010\Debug/core.a(USBCore.cpp.o)
                0x00003fb4                DoubleBufferedEPOutHandler::_available() const
 .text._ZN26DoubleBufferedEPOutHandler7releaseEv
                0x00004024       0x3c C:\Users\phili\AppData\Local\Temp\VMBuilds\Arduino_wifi\mkrwifi1010\Debug/core.a(USBCore.cpp.o)
                0x00004024                DoubleBufferedEPOutHandler::release()
 .text._ZN26DoubleBufferedEPOutHandler14handleEndpointEv
                0x00004060       0xea C:\Users\phili\AppData\Local\Temp\VMBuilds\Arduino_wifi\mkrwifi1010\Debug/core.a(USBCore.cpp.o)
                0x00004060                DoubleBufferedEPOutHandler::handleEndpoint()
 .text._ZN26DoubleBufferedEPOutHandler5_recvEv
                0x0000414a      0x198 C:\Users\phili\AppData\Local\Temp\VMBuilds\Arduino_wifi\mkrwifi1010\Debug/core.a(USBCore.cpp.o)
                0x0000414a                DoubleBufferedEPOutHandler::_recv()
 .text._ZN26DoubleBufferedEPOutHandler4peekEv
                0x000042e2       0x22 C:\Users\phili\AppData\Local\Temp\VMBuilds\Arduino_wifi\mkrwifi1010\Debug/core.a(USBCore.cpp.o)
                0x000042e2                DoubleBufferedEPOutHandler::peek()
 .text._ZN26DoubleBufferedEPOutHandler9availableEv
                0x00004304       0x18 C:\Users\phili\AppData\Local\Temp\VMBuilds\Arduino_wifi\mkrwifi1010\Debug/core.a(USBCore.cpp.o)
                0x00004304                DoubleBufferedEPOutHandler::available()
 .text._ZN26DoubleBufferedEPOutHandler4recvEPvm
                0x0000431c       0x72 C:\Users\phili\AppData\Local\Temp\VMBuilds\Arduino_wifi\mkrwifi1010\Debug/core.a(USBCore.cpp.o)
                0x0000431c                DoubleBufferedEPOutHandler::recv(void*, unsigned long)
 .text._ZN14USBDeviceClass14SendInterfacesEPm
                0x0000438e       0x20 C:\Users\phili\AppData\Local\Temp\VMBuilds\Arduino_wifi\mkrwifi1010\Debug/core.a(USBCore.cpp.o)
                0x0000438e                USBDeviceClass::SendInterfaces(unsigned long*)
 *fill*         0x000043ae        0x2 
 .text._ZN14USBDeviceClass4initEv
                0x000043b0      0x15c C:\Users\phili\AppData\Local\Temp\VMBuilds\Arduino_wifi\mkrwifi1010\Debug/core.a(USBCore.cpp.o)
                0x000043b0                USBDeviceClass::init()
 .text._ZN14USBDeviceClass6attachEv
                0x0000450c       0x34 C:\Users\phili\AppData\Local\Temp\VMBuilds\Arduino_wifi\mkrwifi1010\Debug/core.a(USBCore.cpp.o)
                0x0000450c                USBDeviceClass::attach()
 .text._ZN14USBDeviceClass10setAddressEm
                0x00004540       0x48 C:\Users\phili\AppData\Local\Temp\VMBuilds\Arduino_wifi\mkrwifi1010\Debug/core.a(USBCore.cpp.o)
                0x00004540                USBDeviceClass::setAddress(unsigned long)
 .text._ZN14USBDeviceClass25handleClassInterfaceSetupER8USBSetup
                0x00004588       0x24 C:\Users\phili\AppData\Local\Temp\VMBuilds\Arduino_wifi\mkrwifi1010\Debug/core.a(USBCore.cpp.o)
                0x00004588                USBDeviceClass::handleClassInterfaceSetup(USBSetup&)
 .text._ZN14USBDeviceClass6initEPEmm
                0x000045ac      0x120 C:\Users\phili\AppData\Local\Temp\VMBuilds\Arduino_wifi\mkrwifi1010\Debug/core.a(USBCore.cpp.o)
                0x000045ac                USBDeviceClass::initEP(unsigned long, unsigned long)
 .text._ZN14USBDeviceClass13initEndpointsEv
                0x000046cc       0x24 C:\Users\phili\AppData\Local\Temp\VMBuilds\Arduino_wifi\mkrwifi1010\Debug/core.a(USBCore.cpp.o)
                0x000046cc                USBDeviceClass::initEndpoints()
 .text._ZN14USBDeviceClass5clearEm
                0x000046f0       0x38 C:\Users\phili\AppData\Local\Temp\VMBuilds\Arduino_wifi\mkrwifi1010\Debug/core.a(USBCore.cpp.o)
                0x000046f0                USBDeviceClass::clear(unsigned long)
 .text._ZN14USBDeviceClass9availableEm
                0x00004728       0x2c C:\Users\phili\AppData\Local\Temp\VMBuilds\Arduino_wifi\mkrwifi1010\Debug/core.a(USBCore.cpp.o)
                0x00004728                USBDeviceClass::available(unsigned long)
 .text._ZN14USBDeviceClass5flushEm
                0x00004754       0x2c C:\Users\phili\AppData\Local\Temp\VMBuilds\Arduino_wifi\mkrwifi1010\Debug/core.a(USBCore.cpp.o)
                0x00004754                USBDeviceClass::flush(unsigned long)
 .text._ZN14USBDeviceClass4recvEmPvm
                0x00004780       0xc0 C:\Users\phili\AppData\Local\Temp\VMBuilds\Arduino_wifi\mkrwifi1010\Debug/core.a(USBCore.cpp.o)
                0x00004780                USBDeviceClass::recv(unsigned long, void*, unsigned long)
 .text._ZN14USBDeviceClass4recvEm
                0x00004840       0x1c C:\Users\phili\AppData\Local\Temp\VMBuilds\Arduino_wifi\mkrwifi1010\Debug/core.a(USBCore.cpp.o)
                0x00004840                USBDeviceClass::recv(unsigned long)
 .text._ZN14USBDeviceClass14armRecvCtrlOUTEm
                0x0000485c       0x5c C:\Users\phili\AppData\Local\Temp\VMBuilds\Arduino_wifi\mkrwifi1010\Debug/core.a(USBCore.cpp.o)
                0x0000485c                USBDeviceClass::armRecvCtrlOUT(unsigned long)
 .text._ZN14USBDeviceClass11recvControlEPvm
                0x000048b8       0x28 C:\Users\phili\AppData\Local\Temp\VMBuilds\Arduino_wifi\mkrwifi1010\Debug/core.a(USBCore.cpp.o)
                0x000048b8                USBDeviceClass::recvControl(void*, unsigned long)
 .text._ZN14USBDeviceClass4sendEmPKvm
                0x000048e0      0x10c C:\Users\phili\AppData\Local\Temp\VMBuilds\Arduino_wifi\mkrwifi1010\Debug/core.a(USBCore.cpp.o)
                0x000048e0                USBDeviceClass::send(unsigned long, void const*, unsigned long)
 .text._ZN14USBDeviceClass7armSendEmPKvm
                0x000049ec       0x48 C:\Users\phili\AppData\Local\Temp\VMBuilds\Arduino_wifi\mkrwifi1010\Debug/core.a(USBCore.cpp.o)
                0x000049ec                USBDeviceClass::armSend(unsigned long, void const*, unsigned long)
 .text._ZN14USBDeviceClass11sendControlEPKvm
                0x00004a34       0x54 C:\Users\phili\AppData\Local\Temp\VMBuilds\Arduino_wifi\mkrwifi1010\Debug/core.a(USBCore.cpp.o)
                0x00004a34                USBDeviceClass::sendControl(void const*, unsigned long)
 .text._ZN14USBDeviceClass20sendStringDescriptorEPKhm
                0x00004a88       0x64 C:\Users\phili\AppData\Local\Temp\VMBuilds\Arduino_wifi\mkrwifi1010\Debug/core.a(USBCore.cpp.o)
                0x00004a88                USBDeviceClass::sendStringDescriptor(unsigned char const*, unsigned long)
 .text._ZN14USBDeviceClass17sendConfigurationEm
                0x00004aec       0x80 C:\Users\phili\AppData\Local\Temp\VMBuilds\Arduino_wifi\mkrwifi1010\Debug/core.a(USBCore.cpp.o)
                0x00004aec                USBDeviceClass::sendConfiguration(unsigned long)
 .text._ZN14USBDeviceClass14sendDescriptorER8USBSetup
                0x00004b6c       0xe0 C:\Users\phili\AppData\Local\Temp\VMBuilds\Arduino_wifi\mkrwifi1010\Debug/core.a(USBCore.cpp.o)
                0x00004b6c                USBDeviceClass::sendDescriptor(USBSetup&)
 .text._ZN14USBDeviceClass7sendZlpEm
                0x00004c4c       0x18 C:\Users\phili\AppData\Local\Temp\VMBuilds\Arduino_wifi\mkrwifi1010\Debug/core.a(USBCore.cpp.o)
                0x00004c4c                USBDeviceClass::sendZlp(unsigned long)
 .text._ZN14USBDeviceClass19handleStandardSetupER8USBSetup
                0x00004c64       0xf0 C:\Users\phili\AppData\Local\Temp\VMBuilds\Arduino_wifi\mkrwifi1010\Debug/core.a(USBCore.cpp.o)
                0x00004c64                USBDeviceClass::handleStandardSetup(USBSetup&)
 .text._ZN14USBDeviceClass10ISRHandlerEv
                0x00004d54      0x108 C:\Users\phili\AppData\Local\Temp\VMBuilds\Arduino_wifi\mkrwifi1010\Debug/core.a(USBCore.cpp.o)
                0x00004d54                USBDeviceClass::ISRHandler()
 .text.UDD_Handler
                0x00004e5c       0x10 C:\Users\phili\AppData\Local\Temp\VMBuilds\Arduino_wifi\mkrwifi1010\Debug/core.a(USBCore.cpp.o)
                0x00004e5c                UDD_Handler
 .text.startup._GLOBAL__sub_I_usbd
                0x00004e6c       0x10 C:\Users\phili\AppData\Local\Temp\VMBuilds\Arduino_wifi\mkrwifi1010\Debug/core.a(USBCore.cpp.o)
 .text._Znwj    0x00004e7c        0x8 C:\Users\phili\AppData\Local\Temp\VMBuilds\Arduino_wifi\mkrwifi1010\Debug/core.a(new.cpp.o)
                0x00004e7c                operator new(unsigned int)
 .text._ZdlPv   0x00004e84        0x8 C:\Users\phili\AppData\Local\Temp\VMBuilds\Arduino_wifi\mkrwifi1010\Debug/core.a(new.cpp.o)
                0x00004e84                operator delete(void*)
 .text.sin      0x00004e8c       0x90 c:/users/phili/appdata/local/arduino15/packages/arduino/tools/arm-none-eabi-gcc/7-2017q4/bin/../lib/gcc/arm-none-eabi/7.2.1/../../../../arm-none-eabi/lib/thumb/v6-m\libm.a(lib_a-s_sin.o)
                0x00004e8c                sin
 .text.__ieee754_rem_pio2
                0x00004f1c      0x420 c:/users/phili/appdata/local/arduino15/packages/arduino/tools/arm-none-eabi-gcc/7-2017q4/bin/../lib/gcc/arm-none-eabi/7.2.1/../../../../arm-none-eabi/lib/thumb/v6-m\libm.a(lib_a-e_rem_pio2.o)
                0x00004f1c                __ieee754_rem_pio2
 .text.__kernel_cos
                0x0000533c      0x234 c:/users/phili/appdata/local/arduino15/packages/arduino/tools/arm-none-eabi-gcc/7-2017q4/bin/../lib/gcc/arm-none-eabi/7.2.1/../../../../arm-none-eabi/lib/thumb/v6-m\libm.a(lib_a-k_cos.o)
                0x0000533c                __kernel_cos
 .text.__kernel_rem_pio2
                0x00005570      0x8c0 c:/users/phili/appdata/local/arduino15/packages/arduino/tools/arm-none-eabi-gcc/7-2017q4/bin/../lib/gcc/arm-none-eabi/7.2.1/../../../../arm-none-eabi/lib/thumb/v6-m\libm.a(lib_a-k_rem_pio2.o)
                0x00005570                __kernel_rem_pio2
 .text.__kernel_sin
                0x00005e30      0x164 c:/users/phili/appdata/local/arduino15/packages/arduino/tools/arm-none-eabi-gcc/7-2017q4/bin/../lib/gcc/arm-none-eabi/7.2.1/../../../../arm-none-eabi/lib/thumb/v6-m\libm.a(lib_a-k_sin.o)
                0x00005e30                __kernel_sin
 .text.fabs     0x00005f94        0x8 c:/users/phili/appdata/local/arduino15/packages/arduino/tools/arm-none-eabi-gcc/7-2017q4/bin/../lib/gcc/arm-none-eabi/7.2.1/../../../../arm-none-eabi/lib/thumb/v6-m\libm.a(lib_a-s_fabs.o)
                0x00005f94                fabs
 .text.floor    0x00005f9c      0x138 c:/users/phili/appdata/local/arduino15/packages/arduino/tools/arm-none-eabi-gcc/7-2017q4/bin/../lib/gcc/arm-none-eabi/7.2.1/../../../../arm-none-eabi/lib/thumb/v6-m\libm.a(lib_a-s_floor.o)
                0x00005f9c                floor
 .text.scalbn   0x000060d4       0xd0 c:/users/phili/appdata/local/arduino15/packages/arduino/tools/arm-none-eabi-gcc/7-2017q4/bin/../lib/gcc/arm-none-eabi/7.2.1/../../../../arm-none-eabi/lib/thumb/v6-m\libm.a(lib_a-s_scalbn.o)
                0x000060d4                scalbn
 .text.copysign
                0x000061a4       0x10 c:/users/phili/appdata/local/arduino15/packages/arduino/tools/arm-none-eabi-gcc/7-2017q4/bin/../lib/gcc/arm-none-eabi/7.2.1/../../../../arm-none-eabi/lib/thumb/v6-m\libm.a(lib_a-s_copysign.o)
                0x000061a4                copysign
 .text          0x000061b4       0x14 c:/users/phili/appdata/local/arduino15/packages/arduino/tools/arm-none-eabi-gcc/7-2017q4/bin/../lib/gcc/arm-none-eabi/7.2.1/thumb/v6-m\libgcc.a(_thumb1_case_uqi.o)
                0x000061b4                __gnu_thumb1_case_uqi
 .text          0x000061c8      0x114 c:/users/phili/appdata/local/arduino15/packages/arduino/tools/arm-none-eabi-gcc/7-2017q4/bin/../lib/gcc/arm-none-eabi/7.2.1/thumb/v6-m\libgcc.a(_udivsi3.o)
                0x000061c8                __aeabi_uidiv
                0x000061c8                __udivsi3
                0x000062d4                __aeabi_uidivmod
 .text          0x000062dc      0x1d4 c:/users/phili/appdata/local/arduino15/packages/arduino/tools/arm-none-eabi-gcc/7-2017q4/bin/../lib/gcc/arm-none-eabi/7.2.1/thumb/v6-m\libgcc.a(_divsi3.o)
                0x000062dc                __divsi3
                0x000062dc                __aeabi_idiv
                0x000064a8                __aeabi_idivmod
 .text          0x000064b0        0x4 c:/users/phili/appdata/local/arduino15/packages/arduino/tools/arm-none-eabi-gcc/7-2017q4/bin/../lib/gcc/arm-none-eabi/7.2.1/thumb/v6-m\libgcc.a(_dvmd_tls.o)
                0x000064b0                __aeabi_idiv0
                0x000064b0                __aeabi_ldiv0
 .text          0x000064b4       0x7c c:/users/phili/appdata/local/arduino15/packages/arduino/tools/arm-none-eabi-gcc/7-2017q4/bin/../lib/gcc/arm-none-eabi/7.2.1/thumb/v6-m\libgcc.a(_arm_cmpdf2.o)
                0x000064b4                __aeabi_cdrcmple
                0x000064c4                __aeabi_cdcmple
                0x000064c4                __aeabi_cdcmpeq
                0x000064d4                __aeabi_dcmpeq
                0x000064e0                __aeabi_dcmplt
                0x000064f4                __aeabi_dcmple
                0x00006508                __aeabi_dcmpgt
                0x0000651c                __aeabi_dcmpge
 .text          0x00006530      0x638 c:/users/phili/appdata/local/arduino15/packages/arduino/tools/arm-none-eabi-gcc/7-2017q4/bin/../lib/gcc/arm-none-eabi/7.2.1/thumb/v6-m\libgcc.a(adddf3.o)
                0x00006530                __aeabi_dadd
 .text          0x00006b68       0x78 c:/users/phili/appdata/local/arduino15/packages/arduino/tools/arm-none-eabi-gcc/7-2017q4/bin/../lib/gcc/arm-none-eabi/7.2.1/thumb/v6-m\libgcc.a(eqdf2.o)
                0x00006b68                __nedf2
                0x00006b68                __eqdf2
 .text          0x00006be0       0xc8 c:/users/phili/appdata/local/arduino15/packages/arduino/tools/arm-none-eabi-gcc/7-2017q4/bin/../lib/gcc/arm-none-eabi/7.2.1/thumb/v6-m\libgcc.a(gedf2.o)
                0x00006be0                __gedf2
                0x00006be0                __gtdf2
 .text          0x00006ca8       0xd0 c:/users/phili/appdata/local/arduino15/packages/arduino/tools/arm-none-eabi-gcc/7-2017q4/bin/../lib/gcc/arm-none-eabi/7.2.1/thumb/v6-m\libgcc.a(ledf2.o)
                0x00006ca8                __ledf2
                0x00006ca8                __ltdf2
 .text          0x00006d78      0x4e4 c:/users/phili/appdata/local/arduino15/packages/arduino/tools/arm-none-eabi-gcc/7-2017q4/bin/../lib/gcc/arm-none-eabi/7.2.1/thumb/v6-m\libgcc.a(muldf3.o)
                0x00006d78                __aeabi_dmul
 .text          0x0000725c      0x690 c:/users/phili/appdata/local/arduino15/packages/arduino/tools/arm-none-eabi-gcc/7-2017q4/bin/../lib/gcc/arm-none-eabi/7.2.1/thumb/v6-m\libgcc.a(subdf3.o)
                0x0000725c                __aeabi_dsub
 .text          0x000078ec       0x6c c:/users/phili/appdata/local/arduino15/packages/arduino/tools/arm-none-eabi-gcc/7-2017q4/bin/../lib/gcc/arm-none-eabi/7.2.1/thumb/v6-m\libgcc.a(fixdfsi.o)
                0x000078ec                __aeabi_d2iz
 .text          0x00007958       0x74 c:/users/phili/appdata/local/arduino15/packages/arduino/tools/arm-none-eabi-gcc/7-2017q4/bin/../lib/gcc/arm-none-eabi/7.2.1/thumb/v6-m\libgcc.a(floatsidf.o)
                0x00007958                __aeabi_i2d
 .text          0x000079cc       0x64 c:/users/phili/appdata/local/arduino15/packages/arduino/tools/arm-none-eabi-gcc/7-2017q4/bin/../lib/gcc/arm-none-eabi/7.2.1/thumb/v6-m\libgcc.a(floatunsidf.o)
                0x000079cc                __aeabi_ui2d
 .text          0x00007a30       0x3c c:/users/phili/appdata/local/arduino15/packages/arduino/tools/arm-none-eabi-gcc/7-2017q4/bin/../lib/gcc/arm-none-eabi/7.2.1/thumb/v6-m\libgcc.a(_clzsi2.o)
                0x00007a30                __clzsi2
 .text.atoi     0x00007a6c        0xc c:/users/phili/appdata/local/arduino15/packages/arduino/tools/arm-none-eabi-gcc/7-2017q4/bin/../lib/gcc/arm-none-eabi/7.2.1/../../../../arm-none-eabi/lib/thumb/v6-m\libc_nano.a(lib_a-atoi.o)
                0x00007a6c                atoi
 .text.__libc_init_array
                0x00007a78       0x48 c:/users/phili/appdata/local/arduino15/packages/arduino/tools/arm-none-eabi-gcc/7-2017q4/bin/../lib/gcc/arm-none-eabi/7.2.1/../../../../arm-none-eabi/lib/thumb/v6-m\libc_nano.a(lib_a-init.o)
                0x00007a78                __libc_init_array
 .text.__locale_ctype_ptr_l
                0x00007ac0        0x6 c:/users/phili/appdata/local/arduino15/packages/arduino/tools/arm-none-eabi-gcc/7-2017q4/bin/../lib/gcc/arm-none-eabi/7.2.1/../../../../arm-none-eabi/lib/thumb/v6-m\libc_nano.a(lib_a-locale.o)
                0x00007ac0                __locale_ctype_ptr_l
 *fill*         0x00007ac6        0x2 
 .text.malloc   0x00007ac8       0x14 c:/users/phili/appdata/local/arduino15/packages/arduino/tools/arm-none-eabi-gcc/7-2017q4/bin/../lib/gcc/arm-none-eabi/7.2.1/../../../../arm-none-eabi/lib/thumb/v6-m\libc_nano.a(lib_a-malloc.o)
                0x00007ac8                malloc
 .text.free     0x00007adc       0x14 c:/users/phili/appdata/local/arduino15/packages/arduino/tools/arm-none-eabi-gcc/7-2017q4/bin/../lib/gcc/arm-none-eabi/7.2.1/../../../../arm-none-eabi/lib/thumb/v6-m\libc_nano.a(lib_a-malloc.o)
                0x00007adc                free
 .text.__ascii_mbtowc
                0x00007af0       0x24 c:/users/phili/appdata/local/arduino15/packages/arduino/tools/arm-none-eabi-gcc/7-2017q4/bin/../lib/gcc/arm-none-eabi/7.2.1/../../../../arm-none-eabi/lib/thumb/v6-m\libc_nano.a(lib_a-mbtowc_r.o)
                0x00007af0                __ascii_mbtowc
 .text.memcpy   0x00007b14       0x12 c:/users/phili/appdata/local/arduino15/packages/arduino/tools/arm-none-eabi-gcc/7-2017q4/bin/../lib/gcc/arm-none-eabi/7.2.1/../../../../arm-none-eabi/lib/thumb/v6-m\libc_nano.a(lib_a-memcpy-stub.o)
                0x00007b14                memcpy
 .text.memset   0x00007b26       0x10 c:/users/phili/appdata/local/arduino15/packages/arduino/tools/arm-none-eabi-gcc/7-2017q4/bin/../lib/gcc/arm-none-eabi/7.2.1/../../../../arm-none-eabi/lib/thumb/v6-m\libc_nano.a(lib_a-memset.o)
                0x00007b26                memset
 *fill*         0x00007b36        0x2 
 .text._free_r  0x00007b38       0x94 c:/users/phili/appdata/local/arduino15/packages/arduino/tools/arm-none-eabi-gcc/7-2017q4/bin/../lib/gcc/arm-none-eabi/7.2.1/../../../../arm-none-eabi/lib/thumb/v6-m\libc_nano.a(lib_a-nano-freer.o)
                0x00007b38                _free_r
 .text._malloc_r
                0x00007bcc       0xbc c:/users/phili/appdata/local/arduino15/packages/arduino/tools/arm-none-eabi-gcc/7-2017q4/bin/../lib/gcc/arm-none-eabi/7.2.1/../../../../arm-none-eabi/lib/thumb/v6-m\libc_nano.a(lib_a-nano-mallocr.o)
                0x00007bcc                _malloc_r
 .text._sbrk_r  0x00007c88       0x24 c:/users/phili/appdata/local/arduino15/packages/arduino/tools/arm-none-eabi-gcc/7-2017q4/bin/../lib/gcc/arm-none-eabi/7.2.1/../../../../arm-none-eabi/lib/thumb/v6-m\libc_nano.a(lib_a-sbrkr.o)
                0x00007c88                _sbrk_r
 .text          0x00007cac        0xe c:/users/phili/appdata/local/arduino15/packages/arduino/tools/arm-none-eabi-gcc/7-2017q4/bin/../lib/gcc/arm-none-eabi/7.2.1/../../../../arm-none-eabi/lib/thumb/v6-m\libc_nano.a(lib_a-strlen.o)
                0x00007cac                strlen
 *fill*         0x00007cba        0x2 
 .text._strtol_l.isra.0
                0x00007cbc      0x104 c:/users/phili/appdata/local/arduino15/packages/arduino/tools/arm-none-eabi-gcc/7-2017q4/bin/../lib/gcc/arm-none-eabi/7.2.1/../../../../arm-none-eabi/lib/thumb/v6-m\libc_nano.a(lib_a-strtol.o)
 .text.strtol   0x00007dc0       0x28 c:/users/phili/appdata/local/arduino15/packages/arduino/tools/arm-none-eabi-gcc/7-2017q4/bin/../lib/gcc/arm-none-eabi/7.2.1/../../../../arm-none-eabi/lib/thumb/v6-m\libc_nano.a(lib_a-strtol.o)
                0x00007dc0                strtol
 .text.__ascii_wctomb
                0x00007de8       0x18 c:/users/phili/appdata/local/arduino15/packages/arduino/tools/arm-none-eabi-gcc/7-2017q4/bin/../lib/gcc/arm-none-eabi/7.2.1/../../../../arm-none-eabi/lib/thumb/v6-m\libc_nano.a(lib_a-wctomb_r.o)
                0x00007de8                __ascii_wctomb
 .text.__malloc_lock
                0x00007e00        0x2 c:/users/phili/appdata/local/arduino15/packages/arduino/tools/arm-none-eabi-gcc/7-2017q4/bin/../lib/gcc/arm-none-eabi/7.2.1/../../../../arm-none-eabi/lib/thumb/v6-m\libc_nano.a(lib_a-mlock.o)
                0x00007e00                __malloc_lock
 .text.__malloc_unlock
                0x00007e02        0x2 c:/users/phili/appdata/local/arduino15/packages/arduino/tools/arm-none-eabi-gcc/7-2017q4/bin/../lib/gcc/arm-none-eabi/7.2.1/../../../../arm-none-eabi/lib/thumb/v6-m\libc_nano.a(lib_a-mlock.o)
                0x00007e02                __malloc_unlock
 .text._sbrk    0x00007e04       0x1c c:/users/phili/appdata/local/arduino15/packages/arduino/tools/arm-none-eabi-gcc/7-2017q4/bin/../lib/gcc/arm-none-eabi/7.2.1/../../../../arm-none-eabi/lib/thumb/v6-m\libnosys.a(sbrk.o)
                0x00007e04                _sbrk
 *(.init)
 .init          0x00007e20        0x4 c:/users/phili/appdata/local/arduino15/packages/arduino/tools/arm-none-eabi-gcc/7-2017q4/bin/../lib/gcc/arm-none-eabi/7.2.1/thumb/v6-m/crti.o
                0x00007e20                _init
 .init          0x00007e24        0x8 c:/users/phili/appdata/local/arduino15/packages/arduino/tools/arm-none-eabi-gcc/7-2017q4/bin/../lib/gcc/arm-none-eabi/7.2.1/thumb/v6-m/crtn.o
 *(.fini)
 .fini          0x00007e2c        0x4 c:/users/phili/appdata/local/arduino15/packages/arduino/tools/arm-none-eabi-gcc/7-2017q4/bin/../lib/gcc/arm-none-eabi/7.2.1/thumb/v6-m/crti.o
                0x00007e2c                _fini
 .fini          0x00007e30        0x8 c:/users/phili/appdata/local/arduino15/packages/arduino/tools/arm-none-eabi-gcc/7-2017q4/bin/../lib/gcc/arm-none-eabi/7.2.1/thumb/v6-m/crtn.o
 *crtbegin.o(.ctors)
 *crtbegin?.o(.ctors)
 *(EXCLUDE_FILE(*crtend.o *crtend?.o) .ctors)
 *(SORT_BY_NAME(.ctors.*))
 *(.ctors)
 *crtbegin.o(.dtors)
 *crtbegin?.o(.dtors)
 *(EXCLUDE_FILE(*crtend.o *crtend?.o) .dtors)
 *(SORT_BY_NAME(.dtors.*))
 *(.dtors)
 *(.rodata*)
 .rodata.loop.str1.1
                0x00007e38        0x2 Arduino_wifi.cpp.o
 .rodata.setup.str1.1
                0x00007e3a       0x21 Arduino_wifi.cpp.o
 .rodata._ZN16VisualMicroDebug16sendContinuedACKEh.str1.1
                0x00007e5b        0xe VM_DBG\VM_DBG.cpp.o
 .rodata._ZN16VisualMicroDebug20OnBreakPointPrintEndEv.str1.1
                0x00007e69        0x7 VM_DBG\VM_DBG.cpp.o
 .rodata._ZN16VisualMicroDebug22OnBreakPointPrintBeginEh.str1.1
                0x00007e70        0xb VM_DBG\VM_DBG.cpp.o
                                  0xd (size before relaxing)
 *fill*         0x00007e7b        0x1 
 .rodata.g_APinDescription
                0x00007e7c      0x360 C:\Users\phili\AppData\Local\Temp\VMBCore\arduino16x\b6f4ea0910707731418074fd80607571\variant\variant.cpp.o
                0x00007e7c                g_APinDescription
 .rodata        0x000081dc       0x10 C:\Users\phili\AppData\Local\Temp\VMBuilds\Arduino_wifi\mkrwifi1010\Debug/core.a(wiring_analog.c.o)
 .rodata._ZN5Print7printlnEv.str1.1
                0x000081ec        0x3 C:\Users\phili\AppData\Local\Temp\VMBuilds\Arduino_wifi\mkrwifi1010\Debug/core.a(Print.cpp.o)
 *fill*         0x000081ef        0x1 
 .rodata._ZTV4Uart
                0x000081f0       0x34 C:\Users\phili\AppData\Local\Temp\VMBuilds\Arduino_wifi\mkrwifi1010\Debug/core.a(Uart.cpp.o)
                0x000081f0                vtable for Uart
 .rodata._ZTV7Serial_
                0x00008224       0x58 C:\Users\phili\AppData\Local\Temp\VMBuilds\Arduino_wifi\mkrwifi1010\Debug/core.a(CDC.cpp.o)
                0x00008224                vtable for Serial_
 .rodata._ZTV26DoubleBufferedEPOutHandler
                0x0000827c       0x24 C:\Users\phili\AppData\Local\Temp\VMBuilds\Arduino_wifi\mkrwifi1010\Debug/core.a(USBCore.cpp.o)
                0x0000827c                vtable for DoubleBufferedEPOutHandler
 .rodata._ZL14STRING_PRODUCT
                0x000082a0       0x16 C:\Users\phili\AppData\Local\Temp\VMBuilds\Arduino_wifi\mkrwifi1010\Debug/core.a(USBCore.cpp.o)
 .rodata._ZL15STRING_LANGUAGE
                0x000082b6        0x4 C:\Users\phili\AppData\Local\Temp\VMBuilds\Arduino_wifi\mkrwifi1010\Debug/core.a(USBCore.cpp.o)
 .rodata._ZL19STRING_MANUFACTURER
                0x000082ba        0xc C:\Users\phili\AppData\Local\Temp\VMBuilds\Arduino_wifi\mkrwifi1010\Debug/core.a(USBCore.cpp.o)
 .rodata._ZL21USB_DeviceDescriptorB
                0x000082c6       0x12 C:\Users\phili\AppData\Local\Temp\VMBuilds\Arduino_wifi\mkrwifi1010\Debug/core.a(USBCore.cpp.o)
 .rodata.npio2_hw
                0x000082d8       0x80 c:/users/phili/appdata/local/arduino15/packages/arduino/tools/arm-none-eabi-gcc/7-2017q4/bin/../lib/gcc/arm-none-eabi/7.2.1/../../../../arm-none-eabi/lib/thumb/v6-m\libm.a(lib_a-e_rem_pio2.o)
 .rodata.two_over_pi
                0x00008358      0x108 c:/users/phili/appdata/local/arduino15/packages/arduino/tools/arm-none-eabi-gcc/7-2017q4/bin/../lib/gcc/arm-none-eabi/7.2.1/../../../../arm-none-eabi/lib/thumb/v6-m\libm.a(lib_a-e_rem_pio2.o)
 .rodata.PIo2   0x00008460       0x40 c:/users/phili/appdata/local/arduino15/packages/arduino/tools/arm-none-eabi-gcc/7-2017q4/bin/../lib/gcc/arm-none-eabi/7.2.1/../../../../arm-none-eabi/lib/thumb/v6-m\libm.a(lib_a-k_rem_pio2.o)
 .rodata.init_jk
                0x000084a0       0x10 c:/users/phili/appdata/local/arduino15/packages/arduino/tools/arm-none-eabi-gcc/7-2017q4/bin/../lib/gcc/arm-none-eabi/7.2.1/../../../../arm-none-eabi/lib/thumb/v6-m\libm.a(lib_a-k_rem_pio2.o)
 .rodata        0x000084b0       0x40 c:/users/phili/appdata/local/arduino15/packages/arduino/tools/arm-none-eabi-gcc/7-2017q4/bin/../lib/gcc/arm-none-eabi/7.2.1/thumb/v6-m\libgcc.a(muldf3.o)
 .rodata._setlocale_r.str1.1
                0x000084f0        0x6 c:/users/phili/appdata/local/arduino15/packages/arduino/tools/arm-none-eabi-gcc/7-2017q4/bin/../lib/gcc/arm-none-eabi/7.2.1/../../../../arm-none-eabi/lib/thumb/v6-m\libc_nano.a(lib_a-locale.o)
                                  0x9 (size before relaxing)
 .rodata.str1.1
                0x000084f6        0x2 c:/users/phili/appdata/local/arduino15/packages/arduino/tools/arm-none-eabi-gcc/7-2017q4/bin/../lib/gcc/arm-none-eabi/7.2.1/../../../../arm-none-eabi/lib/thumb/v6-m\libc_nano.a(lib_a-locale.o)
 .rodata._ctype_
                0x000084f8      0x101 c:/users/phili/appdata/local/arduino15/packages/arduino/tools/arm-none-eabi-gcc/7-2017q4/bin/../lib/gcc/arm-none-eabi/7.2.1/../../../../arm-none-eabi/lib/thumb/v6-m\libc_nano.a(lib_a-ctype_.o)
                0x000084f8                _ctype_
 *(.eh_frame*)
 *fill*         0x000085f9        0x3 
 .eh_frame      0x000085fc        0x0 c:/users/phili/appdata/local/arduino15/packages/arduino/tools/arm-none-eabi-gcc/7-2017q4/bin/../lib/gcc/arm-none-eabi/7.2.1/thumb/v6-m/crtbegin.o
 .eh_frame      0x000085fc        0x4 c:/users/phili/appdata/local/arduino15/packages/arduino/tools/arm-none-eabi-gcc/7-2017q4/bin/../lib/gcc/arm-none-eabi/7.2.1/thumb/v6-m/crtend.o

.glue_7         0x00008600        0x0
 .glue_7        0x00008600        0x0 linker stubs

.glue_7t        0x00008600        0x0
 .glue_7t       0x00008600        0x0 linker stubs

.vfp11_veneer   0x00008600        0x0
 .vfp11_veneer  0x00008600        0x0 linker stubs

.v4_bx          0x00008600        0x0
 .v4_bx         0x00008600        0x0 linker stubs

.iplt           0x00008600        0x0
 .iplt          0x00008600        0x0 c:/users/phili/appdata/local/arduino15/packages/arduino/tools/arm-none-eabi-gcc/7-2017q4/bin/../lib/gcc/arm-none-eabi/7.2.1/thumb/v6-m/crtbegin.o

.rel.dyn        0x00008600        0x0
 .rel.iplt      0x00008600        0x0 c:/users/phili/appdata/local/arduino15/packages/arduino/tools/arm-none-eabi-gcc/7-2017q4/bin/../lib/gcc/arm-none-eabi/7.2.1/thumb/v6-m/crtbegin.o

.ARM.extab
 *(.ARM.extab* .gnu.linkonce.armextab.*)
                0x00008600                __exidx_start = .

.ARM.exidx
 *(.ARM.exidx* .gnu.linkonce.armexidx.*)
                0x00008600                __exidx_end = .
                0x00008600                __etext = .

.data           0x20000000      0x230 load address 0x00008600
                0x20000000                __data_start__ = .
 *(vtable)
 *(.data*)
 .data.g_apTCInstances
                0x20000000       0x18 C:\Users\phili\AppData\Local\Temp\VMBCore\arduino16x\b6f4ea0910707731418074fd80607571\variant\variant.cpp.o
                0x20000000                g_apTCInstances
 .data.SystemCoreClock
                0x20000018        0x4 C:\Users\phili\AppData\Local\Temp\VMBuilds\Arduino_wifi\mkrwifi1010\Debug/core.a(wiring.c.o)
                0x20000018                SystemCoreClock
 .data._ADCResolution
                0x2000001c        0x4 C:\Users\phili\AppData\Local\Temp\VMBuilds\Arduino_wifi\mkrwifi1010\Debug/core.a(wiring_analog.c.o)
 .data._readResolution
                0x20000020        0x4 C:\Users\phili\AppData\Local\Temp\VMBuilds\Arduino_wifi\mkrwifi1010\Debug/core.a(wiring_analog.c.o)
 .data._writeResolution
                0x20000024        0x4 C:\Users\phili\AppData\Local\Temp\VMBuilds\Arduino_wifi\mkrwifi1010\Debug/core.a(wiring_analog.c.o)
 .data._ZL5ticks
                0x20000028        0x4 C:\Users\phili\AppData\Local\Temp\VMBuilds\Arduino_wifi\mkrwifi1010\Debug/core.a(Reset.cpp.o)
 .data._ZL10breakValue
                0x2000002c        0x4 C:\Users\phili\AppData\Local\Temp\VMBuilds\Arduino_wifi\mkrwifi1010\Debug/core.a(CDC.cpp.o)
 .data._ZL12_usbLineInfo
                0x20000030        0x8 C:\Users\phili\AppData\Local\Temp\VMBuilds\Arduino_wifi\mkrwifi1010\Debug/core.a(CDC.cpp.o)
 .data._serialPeek
                0x20000038        0x4 C:\Users\phili\AppData\Local\Temp\VMBuilds\Arduino_wifi\mkrwifi1010\Debug/core.a(CDC.cpp.o)
                0x20000038                _serialPeek
 .data._impure_ptr
                0x2000003c        0x4 c:/users/phili/appdata/local/arduino15/packages/arduino/tools/arm-none-eabi-gcc/7-2017q4/bin/../lib/gcc/arm-none-eabi/7.2.1/../../../../arm-none-eabi/lib/thumb/v6-m\libc_nano.a(lib_a-impure.o)
                0x2000003c                _impure_ptr
 .data.impure_data
                0x20000040       0x60 c:/users/phili/appdata/local/arduino15/packages/arduino/tools/arm-none-eabi-gcc/7-2017q4/bin/../lib/gcc/arm-none-eabi/7.2.1/../../../../arm-none-eabi/lib/thumb/v6-m\libc_nano.a(lib_a-impure.o)
 .data.__global_locale
                0x200000a0      0x16c c:/users/phili/appdata/local/arduino15/packages/arduino/tools/arm-none-eabi-gcc/7-2017q4/bin/../lib/gcc/arm-none-eabi/7.2.1/../../../../arm-none-eabi/lib/thumb/v6-m\libc_nano.a(lib_a-locale.o)
                0x200000a0                __global_locale
                0x2000020c                . = ALIGN (0x4)
                0x2000020c                PROVIDE (__preinit_array_start, .)
 *(.preinit_array)
                0x2000020c                PROVIDE (__preinit_array_end, .)
                0x2000020c                . = ALIGN (0x4)
                0x2000020c                PROVIDE (__init_array_start, .)
 *(SORT_BY_NAME(.init_array.*))
 *(.init_array)
 .init_array    0x2000020c        0x4 c:/users/phili/appdata/local/arduino15/packages/arduino/tools/arm-none-eabi-gcc/7-2017q4/bin/../lib/gcc/arm-none-eabi/7.2.1/thumb/v6-m/crtbegin.o
 .init_array    0x20000210        0x4 VM_DBG\VM_DBG.cpp.o
 .init_array    0x20000214        0x4 C:\Users\phili\AppData\Local\Temp\VMBCore\arduino16x\b6f4ea0910707731418074fd80607571\variant\variant.cpp.o
 .init_array    0x20000218        0x4 C:\Users\phili\AppData\Local\Temp\VMBuilds\Arduino_wifi\mkrwifi1010\Debug/core.a(CDC.cpp.o)
 .init_array    0x2000021c        0x4 C:\Users\phili\AppData\Local\Temp\VMBuilds\Arduino_wifi\mkrwifi1010\Debug/core.a(USBCore.cpp.o)
                0x20000220                PROVIDE (__init_array_end, .)
                0x20000220                . = ALIGN (0x4)
                [!provide]                PROVIDE (__fini_array_start, .)
 *(SORT_BY_NAME(.fini_array.*))
 *(.fini_array)
 .fini_array    0x20000220        0x4 c:/users/phili/appdata/local/arduino15/packages/arduino/tools/arm-none-eabi-gcc/7-2017q4/bin/../lib/gcc/arm-none-eabi/7.2.1/thumb/v6-m/crtbegin.o
                [!provide]                PROVIDE (__fini_array_end, .)
 *(.jcr*)
                0x20000230                . = ALIGN (0x10)
 *fill*         0x20000224        0xc 
                0x20000230                __data_end__ = .

.igot.plt       0x20000230        0x0 load address 0x00008830
 .igot.plt      0x20000230        0x0 c:/users/phili/appdata/local/arduino15/packages/arduino/tools/arm-none-eabi-gcc/7-2017q4/bin/../lib/gcc/arm-none-eabi/7.2.1/thumb/v6-m/crtbegin.o

.bss            0x20000230      0xb40 load address 0x00008830
                0x20000230                . = ALIGN (0x4)
                0x20000230                __bss_start__ = .
 *(.bss*)
 .bss           0x20000230       0x1c c:/users/phili/appdata/local/arduino15/packages/arduino/tools/arm-none-eabi-gcc/7-2017q4/bin/../lib/gcc/arm-none-eabi/7.2.1/thumb/v6-m/crtbegin.o
 .bss.__VisualMicro_DEBUG_1_GLastMillis__
                0x2000024c        0x4 Arduino_wifi.cpp.o
                0x2000024c                __VisualMicro_DEBUG_1_GLastMillis__
 .bss.__VisualMicro_DEBUG_1_HITCOUNTER__
                0x20000250        0x4 Arduino_wifi.cpp.o
                0x20000250                __VisualMicro_DEBUG_1_HITCOUNTER__
 .bss.MicroDebug
                0x20000254       0x48 VM_DBG\VM_DBG.cpp.o
                0x20000254                MicroDebug
 .bss.Serial1   0x2000029c      0x23c C:\Users\phili\AppData\Local\Temp\VMBCore\arduino16x\b6f4ea0910707731418074fd80607571\variant\variant.cpp.o
                0x2000029c                Serial1
 .bss.Serial2   0x200004d8      0x23c C:\Users\phili\AppData\Local\Temp\VMBCore\arduino16x\b6f4ea0910707731418074fd80607571\variant\variant.cpp.o
                0x200004d8                Serial2
 .bss.sercom0   0x20000714        0x4 C:\Users\phili\AppData\Local\Temp\VMBCore\arduino16x\b6f4ea0910707731418074fd80607571\variant\variant.cpp.o
                0x20000714                sercom0
 .bss.sercom1   0x20000718        0x4 C:\Users\phili\AppData\Local\Temp\VMBCore\arduino16x\b6f4ea0910707731418074fd80607571\variant\variant.cpp.o
                0x20000718                sercom1
 .bss.sercom2   0x2000071c        0x4 C:\Users\phili\AppData\Local\Temp\VMBCore\arduino16x\b6f4ea0910707731418074fd80607571\variant\variant.cpp.o
                0x2000071c                sercom2
 .bss.sercom3   0x20000720        0x4 C:\Users\phili\AppData\Local\Temp\VMBCore\arduino16x\b6f4ea0910707731418074fd80607571\variant\variant.cpp.o
                0x20000720                sercom3
 .bss.sercom4   0x20000724        0x4 C:\Users\phili\AppData\Local\Temp\VMBCore\arduino16x\b6f4ea0910707731418074fd80607571\variant\variant.cpp.o
                0x20000724                sercom4
 .bss.sercom5   0x20000728        0x4 C:\Users\phili\AppData\Local\Temp\VMBCore\arduino16x\b6f4ea0910707731418074fd80607571\variant\variant.cpp.o
                0x20000728                sercom5
 .bss.usb_isr   0x2000072c        0x4 C:\Users\phili\AppData\Local\Temp\VMBuilds\Arduino_wifi\mkrwifi1010\Debug/core.a(cortex_handlers.c.o)
 .bss._ulTickCount
                0x20000730        0x4 C:\Users\phili\AppData\Local\Temp\VMBuilds\Arduino_wifi\mkrwifi1010\Debug/core.a(delay.c.o)
 .bss.tcEnabled.12603
                0x20000734        0x6 C:\Users\phili\AppData\Local\Temp\VMBuilds\Arduino_wifi\mkrwifi1010\Debug/core.a(wiring_analog.c.o)
 *fill*         0x2000073a        0x2 
 .bss.SerialUSB
                0x2000073c       0x34 C:\Users\phili\AppData\Local\Temp\VMBuilds\Arduino_wifi\mkrwifi1010\Debug/core.a(CDC.cpp.o)
                0x2000073c                SerialUSB
 .bss._ZGVZ12PluggableUSBvE3obj
                0x20000770        0x4 C:\Users\phili\AppData\Local\Temp\VMBuilds\Arduino_wifi\mkrwifi1010\Debug/core.a(PluggableUSB.cpp.o)
 .bss._ZZ12PluggableUSBvE3obj
                0x20000774        0x8 C:\Users\phili\AppData\Local\Temp\VMBuilds\Arduino_wifi\mkrwifi1010\Debug/core.a(PluggableUSB.cpp.o)
 .bss.EndPoints
                0x2000077c       0x28 C:\Users\phili\AppData\Local\Temp\VMBuilds\Arduino_wifi\mkrwifi1010\Debug/core.a(USBCore.cpp.o)
                0x2000077c                EndPoints
 .bss.USBDevice
                0x200007a4        0x1 C:\Users\phili\AppData\Local\Temp\VMBuilds\Arduino_wifi\mkrwifi1010\Debug/core.a(USBCore.cpp.o)
                0x200007a4                USBDevice
 *fill*         0x200007a5        0x3 
 .bss._ZL10epHandlers
                0x200007a8       0x1c C:\Users\phili\AppData\Local\Temp\VMBuilds\Arduino_wifi\mkrwifi1010\Debug/core.a(USBCore.cpp.o)
 .bss._ZL14isEndpointHalt
                0x200007c4        0x1 C:\Users\phili\AppData\Local\Temp\VMBuilds\Arduino_wifi\mkrwifi1010\Debug/core.a(USBCore.cpp.o)
 .bss._ZL20LastTransmitTimedOut
                0x200007c5        0x7 C:\Users\phili\AppData\Local\Temp\VMBuilds\Arduino_wifi\mkrwifi1010\Debug/core.a(USBCore.cpp.o)
 .bss._ZL21isRemoteWakeUpEnabled
                0x200007cc        0x1 C:\Users\phili\AppData\Local\Temp\VMBuilds\Arduino_wifi\mkrwifi1010\Debug/core.a(USBCore.cpp.o)
 *fill*         0x200007cd        0x3 
 .bss._ZL22udd_ep_in_cache_buffer
                0x200007d0      0x1c0 C:\Users\phili\AppData\Local\Temp\VMBuilds\Arduino_wifi\mkrwifi1010\Debug/core.a(USBCore.cpp.o)
 .bss._ZL23udd_ep_out_cache_buffer
                0x20000990      0x1c0 C:\Users\phili\AppData\Local\Temp\VMBuilds\Arduino_wifi\mkrwifi1010\Debug/core.a(USBCore.cpp.o)
 .bss._dry_run  0x20000b50        0x1 C:\Users\phili\AppData\Local\Temp\VMBuilds\Arduino_wifi\mkrwifi1010\Debug/core.a(USBCore.cpp.o)
                0x20000b50                _dry_run
 .bss._pack_buffer
                0x20000b51      0x100 C:\Users\phili\AppData\Local\Temp\VMBuilds\Arduino_wifi\mkrwifi1010\Debug/core.a(USBCore.cpp.o)
                0x20000b51                _pack_buffer
 .bss._pack_message
                0x20000c51        0x1 C:\Users\phili\AppData\Local\Temp\VMBuilds\Arduino_wifi\mkrwifi1010\Debug/core.a(USBCore.cpp.o)
                0x20000c51                _pack_message
 .bss._pack_size
                0x20000c52        0x2 C:\Users\phili\AppData\Local\Temp\VMBuilds\Arduino_wifi\mkrwifi1010\Debug/core.a(USBCore.cpp.o)
                0x20000c52                _pack_size
 .bss._usbConfiguration
                0x20000c54        0x4 C:\Users\phili\AppData\Local\Temp\VMBuilds\Arduino_wifi\mkrwifi1010\Debug/core.a(USBCore.cpp.o)
                0x20000c54                _usbConfiguration
 .bss._usbSetInterface
                0x20000c58        0x4 C:\Users\phili\AppData\Local\Temp\VMBuilds\Arduino_wifi\mkrwifi1010\Debug/core.a(USBCore.cpp.o)
                0x20000c58                _usbSetInterface
 .bss.usbd      0x20000c5c      0x104 C:\Users\phili\AppData\Local\Temp\VMBuilds\Arduino_wifi\mkrwifi1010\Debug/core.a(USBCore.cpp.o)
                0x20000c5c                usbd
 .bss.__malloc_free_list
                0x20000d60        0x4 c:/users/phili/appdata/local/arduino15/packages/arduino/tools/arm-none-eabi-gcc/7-2017q4/bin/../lib/gcc/arm-none-eabi/7.2.1/../../../../arm-none-eabi/lib/thumb/v6-m\libc_nano.a(lib_a-nano-mallocr.o)
                0x20000d60                __malloc_free_list
 .bss.__malloc_sbrk_start
                0x20000d64        0x4 c:/users/phili/appdata/local/arduino15/packages/arduino/tools/arm-none-eabi-gcc/7-2017q4/bin/../lib/gcc/arm-none-eabi/7.2.1/../../../../arm-none-eabi/lib/thumb/v6-m\libc_nano.a(lib_a-nano-mallocr.o)
                0x20000d64                __malloc_sbrk_start
 .bss.heap_end.4102
                0x20000d68        0x4 c:/users/phili/appdata/local/arduino15/packages/arduino/tools/arm-none-eabi-gcc/7-2017q4/bin/../lib/gcc/arm-none-eabi/7.2.1/../../../../arm-none-eabi/lib/thumb/v6-m\libnosys.a(sbrk.o)
 *(COMMON)
 COMMON         0x20000d6c        0x4 c:/users/phili/appdata/local/arduino15/packages/arduino/tools/arm-none-eabi-gcc/7-2017q4/bin/../lib/gcc/arm-none-eabi/7.2.1/../../../../arm-none-eabi/lib/thumb/v6-m\libc_nano.a(lib_a-reent.o)
                0x20000d6c                errno
                0x20000d70                . = ALIGN (0x4)
                0x20000d70                __bss_end__ = .

.heap           0x20000d70        0x0
                0x20000d70                __end__ = .
                0x20000d70                PROVIDE (end, .)
 *(.heap*)
                0x20000d70                __HeapLimit = .

.stack_dummy    0x20000d70        0x0
 *(.stack*)
                0x20008000                __StackTop = (ORIGIN (RAM) + LENGTH (RAM))
                0x20008000                __StackLimit = (__StackTop - SIZEOF (.stack_dummy))
                0x20008000                PROVIDE (__stack, __StackTop)
                0x20007fff                __ram_end__ = ((ORIGIN (RAM) + LENGTH (RAM)) - 0x1)
                0x00000001                ASSERT ((__StackLimit >= __HeapLimit), region RAM overflowed with stack)
OUTPUT(C:\Users\phili\AppData\Local\Temp\VMBuilds\Arduino_wifi\mkrwifi1010\Debug/Arduino_wifi.ino.elf elf32-littlearm)

.ARM.attributes
                0x00000000       0x28
 .ARM.attributes
                0x00000000       0x1e c:/users/phili/appdata/local/arduino15/packages/arduino/tools/arm-none-eabi-gcc/7-2017q4/bin/../lib/gcc/arm-none-eabi/7.2.1/thumb/v6-m/crti.o
 .ARM.attributes
                0x0000001e       0x2c c:/users/phili/appdata/local/arduino15/packages/arduino/tools/arm-none-eabi-gcc/7-2017q4/bin/../lib/gcc/arm-none-eabi/7.2.1/thumb/v6-m/crtbegin.o
 .ARM.attributes
                0x0000004a       0x32 Arduino_wifi.cpp.o
 .ARM.attributes
                0x0000007c       0x32 VM_DBG\VM_DBG.cpp.o
 .ARM.attributes
                0x000000ae       0x32 C:\Users\phili\AppData\Local\Temp\VMBCore\arduino16x\b6f4ea0910707731418074fd80607571\variant\variant.cpp.o
 .ARM.attributes
                0x000000e0       0x32 C:\Users\phili\AppData\Local\Temp\VMBuilds\Arduino_wifi\mkrwifi1010\Debug/core.a(cortex_handlers.c.o)
 .ARM.attributes
                0x00000112       0x32 C:\Users\phili\AppData\Local\Temp\VMBuilds\Arduino_wifi\mkrwifi1010\Debug/core.a(delay.c.o)
 .ARM.attributes
                0x00000144       0x32 C:\Users\phili\AppData\Local\Temp\VMBuilds\Arduino_wifi\mkrwifi1010\Debug/core.a(hooks.c.o)
 .ARM.attributes
                0x00000176       0x32 C:\Users\phili\AppData\Local\Temp\VMBuilds\Arduino_wifi\mkrwifi1010\Debug/core.a(startup.c.o)
 .ARM.attributes
                0x000001a8       0x32 C:\Users\phili\AppData\Local\Temp\VMBuilds\Arduino_wifi\mkrwifi1010\Debug/core.a(wiring.c.o)
 .ARM.attributes
                0x000001da       0x32 C:\Users\phili\AppData\Local\Temp\VMBuilds\Arduino_wifi\mkrwifi1010\Debug/core.a(wiring_analog.c.o)
 .ARM.attributes
                0x0000020c       0x32 C:\Users\phili\AppData\Local\Temp\VMBuilds\Arduino_wifi\mkrwifi1010\Debug/core.a(wiring_digital.c.o)
 .ARM.attributes
                0x0000023e       0x32 C:\Users\phili\AppData\Local\Temp\VMBuilds\Arduino_wifi\mkrwifi1010\Debug/core.a(wiring_private.c.o)
 .ARM.attributes
                0x00000270       0x32 C:\Users\phili\AppData\Local\Temp\VMBuilds\Arduino_wifi\mkrwifi1010\Debug/core.a(main.cpp.o)
 .ARM.attributes
                0x000002a2       0x32 C:\Users\phili\AppData\Local\Temp\VMBuilds\Arduino_wifi\mkrwifi1010\Debug/core.a(Print.cpp.o)
 .ARM.attributes
                0x000002d4       0x32 C:\Users\phili\AppData\Local\Temp\VMBuilds\Arduino_wifi\mkrwifi1010\Debug/core.a(Reset.cpp.o)
 .ARM.attributes
                0x00000306       0x32 C:\Users\phili\AppData\Local\Temp\VMBuilds\Arduino_wifi\mkrwifi1010\Debug/core.a(SERCOM.cpp.o)
 .ARM.attributes
                0x00000338       0x32 C:\Users\phili\AppData\Local\Temp\VMBuilds\Arduino_wifi\mkrwifi1010\Debug/core.a(Uart.cpp.o)
 .ARM.attributes
                0x0000036a       0x32 C:\Users\phili\AppData\Local\Temp\VMBuilds\Arduino_wifi\mkrwifi1010\Debug/core.a(CDC.cpp.o)
 .ARM.attributes
                0x0000039c       0x32 C:\Users\phili\AppData\Local\Temp\VMBuilds\Arduino_wifi\mkrwifi1010\Debug/core.a(PluggableUSB.cpp.o)
 .ARM.attributes
                0x000003ce       0x32 C:\Users\phili\AppData\Local\Temp\VMBuilds\Arduino_wifi\mkrwifi1010\Debug/core.a(USBCore.cpp.o)
 .ARM.attributes
                0x00000400       0x32 C:\Users\phili\AppData\Local\Temp\VMBuilds\Arduino_wifi\mkrwifi1010\Debug/core.a(new.cpp.o)
 .ARM.attributes
                0x00000432       0x2c c:/users/phili/appdata/local/arduino15/packages/arduino/tools/arm-none-eabi-gcc/7-2017q4/bin/../lib/gcc/arm-none-eabi/7.2.1/../../../../arm-none-eabi/lib/thumb/v6-m\libm.a(lib_a-s_sin.o)
 .ARM.attributes
                0x0000045e       0x2c c:/users/phili/appdata/local/arduino15/packages/arduino/tools/arm-none-eabi-gcc/7-2017q4/bin/../lib/gcc/arm-none-eabi/7.2.1/../../../../arm-none-eabi/lib/thumb/v6-m\libm.a(lib_a-e_rem_pio2.o)
 .ARM.attributes
                0x0000048a       0x2c c:/users/phili/appdata/local/arduino15/packages/arduino/tools/arm-none-eabi-gcc/7-2017q4/bin/../lib/gcc/arm-none-eabi/7.2.1/../../../../arm-none-eabi/lib/thumb/v6-m\libm.a(lib_a-k_cos.o)
 .ARM.attributes
                0x000004b6       0x2c c:/users/phili/appdata/local/arduino15/packages/arduino/tools/arm-none-eabi-gcc/7-2017q4/bin/../lib/gcc/arm-none-eabi/7.2.1/../../../../arm-none-eabi/lib/thumb/v6-m\libm.a(lib_a-k_rem_pio2.o)
 .ARM.attributes
                0x000004e2       0x2c c:/users/phili/appdata/local/arduino15/packages/arduino/tools/arm-none-eabi-gcc/7-2017q4/bin/../lib/gcc/arm-none-eabi/7.2.1/../../../../arm-none-eabi/lib/thumb/v6-m\libm.a(lib_a-k_sin.o)
 .ARM.attributes
                0x0000050e       0x2c c:/users/phili/appdata/local/arduino15/packages/arduino/tools/arm-none-eabi-gcc/7-2017q4/bin/../lib/gcc/arm-none-eabi/7.2.1/../../../../arm-none-eabi/lib/thumb/v6-m\libm.a(lib_a-s_fabs.o)
 .ARM.attributes
                0x0000053a       0x2c c:/users/phili/appdata/local/arduino15/packages/arduino/tools/arm-none-eabi-gcc/7-2017q4/bin/../lib/gcc/arm-none-eabi/7.2.1/../../../../arm-none-eabi/lib/thumb/v6-m\libm.a(lib_a-s_floor.o)
 .ARM.attributes
                0x00000566       0x2c c:/users/phili/appdata/local/arduino15/packages/arduino/tools/arm-none-eabi-gcc/7-2017q4/bin/../lib/gcc/arm-none-eabi/7.2.1/../../../../arm-none-eabi/lib/thumb/v6-m\libm.a(lib_a-s_scalbn.o)
 .ARM.attributes
                0x00000592       0x2c c:/users/phili/appdata/local/arduino15/packages/arduino/tools/arm-none-eabi-gcc/7-2017q4/bin/../lib/gcc/arm-none-eabi/7.2.1/../../../../arm-none-eabi/lib/thumb/v6-m\libm.a(lib_a-s_copysign.o)
 .ARM.attributes
                0x000005be       0x1e c:/users/phili/appdata/local/arduino15/packages/arduino/tools/arm-none-eabi-gcc/7-2017q4/bin/../lib/gcc/arm-none-eabi/7.2.1/thumb/v6-m\libgcc.a(_thumb1_case_uqi.o)
 .ARM.attributes
                0x000005dc       0x1e c:/users/phili/appdata/local/arduino15/packages/arduino/tools/arm-none-eabi-gcc/7-2017q4/bin/../lib/gcc/arm-none-eabi/7.2.1/thumb/v6-m\libgcc.a(_udivsi3.o)
 .ARM.attributes
                0x000005fa       0x1e c:/users/phili/appdata/local/arduino15/packages/arduino/tools/arm-none-eabi-gcc/7-2017q4/bin/../lib/gcc/arm-none-eabi/7.2.1/thumb/v6-m\libgcc.a(_divsi3.o)
 .ARM.attributes
                0x00000618       0x1e c:/users/phili/appdata/local/arduino15/packages/arduino/tools/arm-none-eabi-gcc/7-2017q4/bin/../lib/gcc/arm-none-eabi/7.2.1/thumb/v6-m\libgcc.a(_dvmd_tls.o)
 .ARM.attributes
                0x00000636       0x1e c:/users/phili/appdata/local/arduino15/packages/arduino/tools/arm-none-eabi-gcc/7-2017q4/bin/../lib/gcc/arm-none-eabi/7.2.1/thumb/v6-m\libgcc.a(_arm_cmpdf2.o)
 .ARM.attributes
                0x00000654       0x2c c:/users/phili/appdata/local/arduino15/packages/arduino/tools/arm-none-eabi-gcc/7-2017q4/bin/../lib/gcc/arm-none-eabi/7.2.1/thumb/v6-m\libgcc.a(adddf3.o)
 .ARM.attributes
                0x00000680       0x2c c:/users/phili/appdata/local/arduino15/packages/arduino/tools/arm-none-eabi-gcc/7-2017q4/bin/../lib/gcc/arm-none-eabi/7.2.1/thumb/v6-m\libgcc.a(eqdf2.o)
 .ARM.attributes
                0x000006ac       0x2c c:/users/phili/appdata/local/arduino15/packages/arduino/tools/arm-none-eabi-gcc/7-2017q4/bin/../lib/gcc/arm-none-eabi/7.2.1/thumb/v6-m\libgcc.a(gedf2.o)
 .ARM.attributes
                0x000006d8       0x2c c:/users/phili/appdata/local/arduino15/packages/arduino/tools/arm-none-eabi-gcc/7-2017q4/bin/../lib/gcc/arm-none-eabi/7.2.1/thumb/v6-m\libgcc.a(ledf2.o)
 .ARM.attributes
                0x00000704       0x2c c:/users/phili/appdata/local/arduino15/packages/arduino/tools/arm-none-eabi-gcc/7-2017q4/bin/../lib/gcc/arm-none-eabi/7.2.1/thumb/v6-m\libgcc.a(muldf3.o)
 .ARM.attributes
                0x00000730       0x2c c:/users/phili/appdata/local/arduino15/packages/arduino/tools/arm-none-eabi-gcc/7-2017q4/bin/../lib/gcc/arm-none-eabi/7.2.1/thumb/v6-m\libgcc.a(subdf3.o)
 .ARM.attributes
                0x0000075c       0x2c c:/users/phili/appdata/local/arduino15/packages/arduino/tools/arm-none-eabi-gcc/7-2017q4/bin/../lib/gcc/arm-none-eabi/7.2.1/thumb/v6-m\libgcc.a(fixdfsi.o)
 .ARM.attributes
                0x00000788       0x2c c:/users/phili/appdata/local/arduino15/packages/arduino/tools/arm-none-eabi-gcc/7-2017q4/bin/../lib/gcc/arm-none-eabi/7.2.1/thumb/v6-m\libgcc.a(floatsidf.o)
 .ARM.attributes
                0x000007b4       0x2c c:/users/phili/appdata/local/arduino15/packages/arduino/tools/arm-none-eabi-gcc/7-2017q4/bin/../lib/gcc/arm-none-eabi/7.2.1/thumb/v6-m\libgcc.a(floatunsidf.o)
 .ARM.attributes
                0x000007e0       0x1e c:/users/phili/appdata/local/arduino15/packages/arduino/tools/arm-none-eabi-gcc/7-2017q4/bin/../lib/gcc/arm-none-eabi/7.2.1/thumb/v6-m\libgcc.a(_clzsi2.o)
 .ARM.attributes
                0x000007fe       0x2c c:/users/phili/appdata/local/arduino15/packages/arduino/tools/arm-none-eabi-gcc/7-2017q4/bin/../lib/gcc/arm-none-eabi/7.2.1/../../../../arm-none-eabi/lib/thumb/v6-m\libc_nano.a(lib_a-atoi.o)
 .ARM.attributes
                0x0000082a       0x2c c:/users/phili/appdata/local/arduino15/packages/arduino/tools/arm-none-eabi-gcc/7-2017q4/bin/../lib/gcc/arm-none-eabi/7.2.1/../../../../arm-none-eabi/lib/thumb/v6-m\libc_nano.a(lib_a-impure.o)
 .ARM.attributes
                0x00000856       0x2c c:/users/phili/appdata/local/arduino15/packages/arduino/tools/arm-none-eabi-gcc/7-2017q4/bin/../lib/gcc/arm-none-eabi/7.2.1/../../../../arm-none-eabi/lib/thumb/v6-m\libc_nano.a(lib_a-init.o)
 .ARM.attributes
                0x00000882       0x2c c:/users/phili/appdata/local/arduino15/packages/arduino/tools/arm-none-eabi-gcc/7-2017q4/bin/../lib/gcc/arm-none-eabi/7.2.1/../../../../arm-none-eabi/lib/thumb/v6-m\libc_nano.a(lib_a-locale.o)
 .ARM.attributes
                0x000008ae       0x2c c:/users/phili/appdata/local/arduino15/packages/arduino/tools/arm-none-eabi-gcc/7-2017q4/bin/../lib/gcc/arm-none-eabi/7.2.1/../../../../arm-none-eabi/lib/thumb/v6-m\libc_nano.a(lib_a-malloc.o)
 .ARM.attributes
                0x000008da       0x2c c:/users/phili/appdata/local/arduino15/packages/arduino/tools/arm-none-eabi-gcc/7-2017q4/bin/../lib/gcc/arm-none-eabi/7.2.1/../../../../arm-none-eabi/lib/thumb/v6-m\libc_nano.a(lib_a-mbtowc_r.o)
 .ARM.attributes
                0x00000906       0x2c c:/users/phili/appdata/local/arduino15/packages/arduino/tools/arm-none-eabi-gcc/7-2017q4/bin/../lib/gcc/arm-none-eabi/7.2.1/../../../../arm-none-eabi/lib/thumb/v6-m\libc_nano.a(lib_a-memcpy-stub.o)
 .ARM.attributes
                0x00000932       0x2c c:/users/phili/appdata/local/arduino15/packages/arduino/tools/arm-none-eabi-gcc/7-2017q4/bin/../lib/gcc/arm-none-eabi/7.2.1/../../../../arm-none-eabi/lib/thumb/v6-m\libc_nano.a(lib_a-memset.o)
 .ARM.attributes
                0x0000095e       0x2c c:/users/phili/appdata/local/arduino15/packages/arduino/tools/arm-none-eabi-gcc/7-2017q4/bin/../lib/gcc/arm-none-eabi/7.2.1/../../../../arm-none-eabi/lib/thumb/v6-m\libc_nano.a(lib_a-nano-freer.o)
 .ARM.attributes
                0x0000098a       0x2c c:/users/phili/appdata/local/arduino15/packages/arduino/tools/arm-none-eabi-gcc/7-2017q4/bin/../lib/gcc/arm-none-eabi/7.2.1/../../../../arm-none-eabi/lib/thumb/v6-m\libc_nano.a(lib_a-nano-mallocr.o)
 .ARM.attributes
                0x000009b6       0x2c c:/users/phili/appdata/local/arduino15/packages/arduino/tools/arm-none-eabi-gcc/7-2017q4/bin/../lib/gcc/arm-none-eabi/7.2.1/../../../../arm-none-eabi/lib/thumb/v6-m\libc_nano.a(lib_a-sbrkr.o)
 .ARM.attributes
                0x000009e2       0x1c c:/users/phili/appdata/local/arduino15/packages/arduino/tools/arm-none-eabi-gcc/7-2017q4/bin/../lib/gcc/arm-none-eabi/7.2.1/../../../../arm-none-eabi/lib/thumb/v6-m\libc_nano.a(lib_a-strlen.o)
 .ARM.attributes
                0x000009fe       0x2c c:/users/phili/appdata/local/arduino15/packages/arduino/tools/arm-none-eabi-gcc/7-2017q4/bin/../lib/gcc/arm-none-eabi/7.2.1/../../../../arm-none-eabi/lib/thumb/v6-m\libc_nano.a(lib_a-strtol.o)
 .ARM.attributes
                0x00000a2a       0x2c c:/users/phili/appdata/local/arduino15/packages/arduino/tools/arm-none-eabi-gcc/7-2017q4/bin/../lib/gcc/arm-none-eabi/7.2.1/../../../../arm-none-eabi/lib/thumb/v6-m\libc_nano.a(lib_a-wctomb_r.o)
 .ARM.attributes
                0x00000a56       0x2c c:/users/phili/appdata/local/arduino15/packages/arduino/tools/arm-none-eabi-gcc/7-2017q4/bin/../lib/gcc/arm-none-eabi/7.2.1/../../../../arm-none-eabi/lib/thumb/v6-m\libc_nano.a(lib_a-ctype_.o)
 .ARM.attributes
                0x00000a82       0x2c c:/users/phili/appdata/local/arduino15/packages/arduino/tools/arm-none-eabi-gcc/7-2017q4/bin/../lib/gcc/arm-none-eabi/7.2.1/../../../../arm-none-eabi/lib/thumb/v6-m\libc_nano.a(lib_a-mlock.o)
 .ARM.attributes
                0x00000aae       0x2c c:/users/phili/appdata/local/arduino15/packages/arduino/tools/arm-none-eabi-gcc/7-2017q4/bin/../lib/gcc/arm-none-eabi/7.2.1/../../../../arm-none-eabi/lib/thumb/v6-m\libc_nano.a(lib_a-reent.o)
 .ARM.attributes
                0x00000ada       0x2c c:/users/phili/appdata/local/arduino15/packages/arduino/tools/arm-none-eabi-gcc/7-2017q4/bin/../lib/gcc/arm-none-eabi/7.2.1/../../../../arm-none-eabi/lib/thumb/v6-m\libnosys.a(sbrk.o)
 .ARM.attributes
                0x00000b06       0x2c c:/users/phili/appdata/local/arduino15/packages/arduino/tools/arm-none-eabi-gcc/7-2017q4/bin/../lib/gcc/arm-none-eabi/7.2.1/thumb/v6-m/crtend.o
 .ARM.attributes
                0x00000b32       0x1e c:/users/phili/appdata/local/arduino15/packages/arduino/tools/arm-none-eabi-gcc/7-2017q4/bin/../lib/gcc/arm-none-eabi/7.2.1/thumb/v6-m/crtn.o

.comment        0x00000000       0x7e
 .comment       0x00000000       0x7e Arduino_wifi.cpp.o
                                 0x7f (size before relaxing)
 .comment       0x0000007e       0x7f VM_DBG\VM_DBG.cpp.o
 .comment       0x0000007e       0x7f C:\Users\phili\AppData\Local\Temp\VMBCore\arduino16x\b6f4ea0910707731418074fd80607571\variant\variant.cpp.o
 .comment       0x0000007e       0x7f C:\Users\phili\AppData\Local\Temp\VMBuilds\Arduino_wifi\mkrwifi1010\Debug/core.a(cortex_handlers.c.o)
 .comment       0x0000007e       0x7f C:\Users\phili\AppData\Local\Temp\VMBuilds\Arduino_wifi\mkrwifi1010\Debug/core.a(delay.c.o)
 .comment       0x0000007e       0x7f C:\Users\phili\AppData\Local\Temp\VMBuilds\Arduino_wifi\mkrwifi1010\Debug/core.a(hooks.c.o)
 .comment       0x0000007e       0x7f C:\Users\phili\AppData\Local\Temp\VMBuilds\Arduino_wifi\mkrwifi1010\Debug/core.a(startup.c.o)
 .comment       0x0000007e       0x7f C:\Users\phili\AppData\Local\Temp\VMBuilds\Arduino_wifi\mkrwifi1010\Debug/core.a(wiring.c.o)
 .comment       0x0000007e       0x7f C:\Users\phili\AppData\Local\Temp\VMBuilds\Arduino_wifi\mkrwifi1010\Debug/core.a(wiring_analog.c.o)
 .comment       0x0000007e       0x7f C:\Users\phili\AppData\Local\Temp\VMBuilds\Arduino_wifi\mkrwifi1010\Debug/core.a(wiring_digital.c.o)
 .comment       0x0000007e       0x7f C:\Users\phili\AppData\Local\Temp\VMBuilds\Arduino_wifi\mkrwifi1010\Debug/core.a(wiring_private.c.o)
 .comment       0x0000007e       0x7f C:\Users\phili\AppData\Local\Temp\VMBuilds\Arduino_wifi\mkrwifi1010\Debug/core.a(main.cpp.o)
 .comment       0x0000007e       0x7f C:\Users\phili\AppData\Local\Temp\VMBuilds\Arduino_wifi\mkrwifi1010\Debug/core.a(Print.cpp.o)
 .comment       0x0000007e       0x7f C:\Users\phili\AppData\Local\Temp\VMBuilds\Arduino_wifi\mkrwifi1010\Debug/core.a(Reset.cpp.o)
 .comment       0x0000007e       0x7f C:\Users\phili\AppData\Local\Temp\VMBuilds\Arduino_wifi\mkrwifi1010\Debug/core.a(SERCOM.cpp.o)
 .comment       0x0000007e       0x7f C:\Users\phili\AppData\Local\Temp\VMBuilds\Arduino_wifi\mkrwifi1010\Debug/core.a(Uart.cpp.o)
 .comment       0x0000007e       0x7f C:\Users\phili\AppData\Local\Temp\VMBuilds\Arduino_wifi\mkrwifi1010\Debug/core.a(CDC.cpp.o)